../Core/Src/main.c:71:7:Get_Actual_RPM	16	static
../Core/Src/main.c:86:7:Compute_PID	56	static
../Core/Src/main.c:116:6:Command_Motor	24	static
../Core/Src/main.c:134:5:main	48	static
../Core/Src/main.c:213:6:SystemClock_Config	72	static
../Core/Src/main.c:252:13:MX_TIM2_Init	56	static
../Core/Src/main.c:301:13:MX_USART1_UART_Init	8	static
../Core/Src/main.c:334:13:MX_USART2_UART_Init	8	static
../Core/Src/main.c:367:13:MX_GPIO_Init	40	static
../Core/Src/main.c:410:1:__io_putchar	16	static
../Core/Src/main.c:423:6:Error_Handler	4	static,ignoring_inline_asm
