Archive member included to satisfy reference by file (symbol)

C:/ST/STM32CubeIDE_1.19.0/STM32CubeIDE/plugins/com.st.stm32cube.ide.mcu.externaltools.gnu-tools-for-stm32.13.3.rel1.win32_1.0.0.202411081344/tools/bin/../lib/gcc/arm-none-eabi/13.3.1/../../../../arm-none-eabi/lib/thumb/v7e-m+fp/hard\libc_nano.a(libc_a-exit.o)
                              C:/ST/STM32CubeIDE_1.19.0/STM32CubeIDE/plugins/com.st.stm32cube.ide.mcu.externaltools.gnu-tools-for-stm32.13.3.rel1.win32_1.0.0.202411081344/tools/bin/../lib/gcc/arm-none-eabi/13.3.1/../../../../arm-none-eabi/lib/thumb/v7e-m+fp/hard/crt0.o (exit)
C:/ST/STM32CubeIDE_1.19.0/STM32CubeIDE/plugins/com.st.stm32cube.ide.mcu.externaltools.gnu-tools-for-stm32.13.3.rel1.win32_1.0.0.202411081344/tools/bin/../lib/gcc/arm-none-eabi/13.3.1/../../../../arm-none-eabi/lib/thumb/v7e-m+fp/hard\libc_nano.a(libc_a-findfp.o)
                              C:/ST/STM32CubeIDE_1.19.0/STM32CubeIDE/plugins/com.st.stm32cube.ide.mcu.externaltools.gnu-tools-for-stm32.13.3.rel1.win32_1.0.0.202411081344/tools/bin/../lib/gcc/arm-none-eabi/13.3.1/../../../../arm-none-eabi/lib/thumb/v7e-m+fp/hard\libc_nano.a(libc_a-exit.o) (__stdio_exit_handler)
C:/ST/STM32CubeIDE_1.19.0/STM32CubeIDE/plugins/com.st.stm32cube.ide.mcu.externaltools.gnu-tools-for-stm32.13.3.rel1.win32_1.0.0.202411081344/tools/bin/../lib/gcc/arm-none-eabi/13.3.1/../../../../arm-none-eabi/lib/thumb/v7e-m+fp/hard\libc_nano.a(libc_a-fwalk.o)
                              C:/ST/STM32CubeIDE_1.19.0/STM32CubeIDE/plugins/com.st.stm32cube.ide.mcu.externaltools.gnu-tools-for-stm32.13.3.rel1.win32_1.0.0.202411081344/tools/bin/../lib/gcc/arm-none-eabi/13.3.1/../../../../arm-none-eabi/lib/thumb/v7e-m+fp/hard\libc_nano.a(libc_a-findfp.o) (_fwalk_sglue)
C:/ST/STM32CubeIDE_1.19.0/STM32CubeIDE/plugins/com.st.stm32cube.ide.mcu.externaltools.gnu-tools-for-stm32.13.3.rel1.win32_1.0.0.202411081344/tools/bin/../lib/gcc/arm-none-eabi/13.3.1/../../../../arm-none-eabi/lib/thumb/v7e-m+fp/hard\libc_nano.a(libc_a-stdio.o)
                              C:/ST/STM32CubeIDE_1.19.0/STM32CubeIDE/plugins/com.st.stm32cube.ide.mcu.externaltools.gnu-tools-for-stm32.13.3.rel1.win32_1.0.0.202411081344/tools/bin/../lib/gcc/arm-none-eabi/13.3.1/../../../../arm-none-eabi/lib/thumb/v7e-m+fp/hard\libc_nano.a(libc_a-findfp.o) (__sread)
C:/ST/STM32CubeIDE_1.19.0/STM32CubeIDE/plugins/com.st.stm32cube.ide.mcu.externaltools.gnu-tools-for-stm32.13.3.rel1.win32_1.0.0.202411081344/tools/bin/../lib/gcc/arm-none-eabi/13.3.1/../../../../arm-none-eabi/lib/thumb/v7e-m+fp/hard\libc_nano.a(libc_a-memset.o)
                              C:/ST/STM32CubeIDE_1.19.0/STM32CubeIDE/plugins/com.st.stm32cube.ide.mcu.externaltools.gnu-tools-for-stm32.13.3.rel1.win32_1.0.0.202411081344/tools/bin/../lib/gcc/arm-none-eabi/13.3.1/../../../../arm-none-eabi/lib/thumb/v7e-m+fp/hard/crt0.o (memset)
C:/ST/STM32CubeIDE_1.19.0/STM32CubeIDE/plugins/com.st.stm32cube.ide.mcu.externaltools.gnu-tools-for-stm32.13.3.rel1.win32_1.0.0.202411081344/tools/bin/../lib/gcc/arm-none-eabi/13.3.1/../../../../arm-none-eabi/lib/thumb/v7e-m+fp/hard\libc_nano.a(libc_a-closer.o)
                              C:/ST/STM32CubeIDE_1.19.0/STM32CubeIDE/plugins/com.st.stm32cube.ide.mcu.externaltools.gnu-tools-for-stm32.13.3.rel1.win32_1.0.0.202411081344/tools/bin/../lib/gcc/arm-none-eabi/13.3.1/../../../../arm-none-eabi/lib/thumb/v7e-m+fp/hard\libc_nano.a(libc_a-stdio.o) (_close_r)
C:/ST/STM32CubeIDE_1.19.0/STM32CubeIDE/plugins/com.st.stm32cube.ide.mcu.externaltools.gnu-tools-for-stm32.13.3.rel1.win32_1.0.0.202411081344/tools/bin/../lib/gcc/arm-none-eabi/13.3.1/../../../../arm-none-eabi/lib/thumb/v7e-m+fp/hard\libc_nano.a(libc_a-reent.o)
                              C:/ST/STM32CubeIDE_1.19.0/STM32CubeIDE/plugins/com.st.stm32cube.ide.mcu.externaltools.gnu-tools-for-stm32.13.3.rel1.win32_1.0.0.202411081344/tools/bin/../lib/gcc/arm-none-eabi/13.3.1/../../../../arm-none-eabi/lib/thumb/v7e-m+fp/hard\libc_nano.a(libc_a-closer.o) (errno)
C:/ST/STM32CubeIDE_1.19.0/STM32CubeIDE/plugins/com.st.stm32cube.ide.mcu.externaltools.gnu-tools-for-stm32.13.3.rel1.win32_1.0.0.202411081344/tools/bin/../lib/gcc/arm-none-eabi/13.3.1/../../../../arm-none-eabi/lib/thumb/v7e-m+fp/hard\libc_nano.a(libc_a-impure.o)
                              C:/ST/STM32CubeIDE_1.19.0/STM32CubeIDE/plugins/com.st.stm32cube.ide.mcu.externaltools.gnu-tools-for-stm32.13.3.rel1.win32_1.0.0.202411081344/tools/bin/../lib/gcc/arm-none-eabi/13.3.1/../../../../arm-none-eabi/lib/thumb/v7e-m+fp/hard\libc_nano.a(libc_a-reent.o) (_impure_ptr)
C:/ST/STM32CubeIDE_1.19.0/STM32CubeIDE/plugins/com.st.stm32cube.ide.mcu.externaltools.gnu-tools-for-stm32.13.3.rel1.win32_1.0.0.202411081344/tools/bin/../lib/gcc/arm-none-eabi/13.3.1/../../../../arm-none-eabi/lib/thumb/v7e-m+fp/hard\libc_nano.a(libc_a-lseekr.o)
[...]
Memory Configuration

Name             Origin             Length             Attributes
CCMRAM           0x10000000         0x00010000         xrw
RAM              0x20000000         0x00020000         xrw
FLASH            0x08000000         0x00080000         xr
*default*        0x00000000         0xffffffff

Linker script and memory map

LOAD C:/ST/STM32CubeIDE_1.19.0/STM32CubeIDE/plugins/com.st.stm32cube.ide.mcu.externaltools.gnu-tools-for-stm32.13.3.rel1.win32_1.0.0.202411081344/tools/bin/../lib/gcc/arm-none-eabi/13.3.1/thumb/v7e-m+fp/hard/crti.o
LOAD C:/ST/STM32CubeIDE_1.19.0/STM32CubeIDE/plugins/com.st.stm32cube.ide.mcu.externaltools.gnu-tools-for-stm32.13.3.rel1.win32_1.0.0.202411081344/tools/bin/../lib/gcc/arm-none-eabi/13.3.1/thumb/v7e-m+fp/hard/crtbegin.o
LOAD C:/ST/STM32CubeIDE_1.19.0/STM32CubeIDE/plugins/com.st.stm32cube.ide.mcu.externaltools.gnu-tools-for-stm32.13.3.rel1.win32_1.0.0.202411081344/tools/bin/../lib/gcc/arm-none-eabi/13.3.1/../../../../arm-none-eabi/lib/thumb/v7e-m+fp/hard/crt0.o
LOAD ./Core/Src/main.o
LOAD ./Core/Src/stm32f4xx_hal_msp.o
LOAD ./Core/Src/stm32f4xx_it.o
LOAD ./Core/Src/syscalls.o
LOAD ./Core/Src/sysmem.o
LOAD ./Core/Src/system_stm32f4xx.o
LOAD ./Core/Startup/startup_stm32f407vetx.o
LOAD ./Drivers/STM32F4xx_HAL_Driver/Src/stm32f4xx_hal.o
LOAD ./Drivers/STM32F4xx_HAL_Driver/Src/stm32f4xx_hal_cortex.o
LOAD ./Drivers/STM32F4xx_HAL_Driver/Src/stm32f4xx_hal_dma.o
LOAD ./Drivers/STM32F4xx_HAL_Driver/Src/stm32f4xx_hal_dma_ex.o
LOAD ./Drivers/STM32F4xx_HAL_Driver/Src/stm32f4xx_hal_exti.o
LOAD ./Drivers/STM32F4xx_HAL_Driver/Src/stm32f4xx_hal_flash.o
LOAD ./Drivers/STM32F4xx_HAL_Driver/Src/stm32f4xx_hal_flash_ex.o
LOAD ./Drivers/STM32F4xx_HAL_Driver/Src/stm32f4xx_hal_flash_ramfunc.o
LOAD ./Drivers/STM32F4xx_HAL_Driver/Src/stm32f4xx_hal_gpio.o
LOAD ./Drivers/STM32F4xx_HAL_Driver/Src/stm32f4xx_hal_pcd.o
LOAD ./Drivers/STM32F4xx_HAL_Driver/Src/stm32f4xx_hal_pcd_ex.o
LOAD ./Drivers/STM32F4xx_HAL_Driver/Src/stm32f4xx_hal_pwr.o
LOAD ./Drivers/STM32F4xx_HAL_Driver/Src/stm32f4xx_hal_pwr_ex.o
LOAD ./Drivers/STM32F4xx_HAL_Driver/Src/stm32f4xx_hal_rcc.o
LOAD ./Drivers/STM32F4xx_HAL_Driver/Src/stm32f4xx_hal_rcc_ex.o
LOAD ./Drivers/STM32F4xx_HAL_Driver/Src/stm32f4xx_ll_usb.o
LOAD ./Middlewares/ST/STM32_USB_Device_Library/Class/CDC/Src/usbd_cdc.o
LOAD ./Middlewares/ST/STM32_USB_Device_Library/Core/Src/usbd_core.o
LOAD ./Middlewares/ST/STM32_USB_Device_Library/Core/Src/usbd_ctlreq.o
LOAD ./Middlewares/ST/STM32_USB_Device_Library/Core/Src/usbd_ioreq.o
LOAD ./USB_DEVICE/App/usb_device.o
LOAD ./USB_DEVICE/App/usbd_cdc_if.o
LOAD ./USB_DEVICE/App/usbd_desc.o
LOAD ./USB_DEVICE/Target/usbd_conf.o
START GROUP
LOAD C:/ST/STM32CubeIDE_1.19.0/STM32CubeIDE/plugins/com.st.stm32cube.ide.mcu.externaltools.gnu-tools-for-stm32.13.3.rel1.win32_1.0.0.202411081344/tools/bin/../lib/gcc/arm-none-eabi/13.3.1/../../../../arm-none-eabi/lib/thumb/v7e-m+fp/hard\libc_nano.a
LOAD C:/ST/STM32CubeIDE_1.19.0/STM32CubeIDE/plugins/com.st.stm32cube.ide.mcu.externaltools.gnu-tools-for-stm32.13.3.rel1.win32_1.0.0.202411081344/tools/bin/../lib/gcc/arm-none-eabi/13.3.1/../../../../arm-none-eabi/lib/thumb/v7e-m+fp/hard\libm.a
END GROUP
START GROUP
LOAD C:/ST/STM32CubeIDE_1.19.0/STM32CubeIDE/plugins/com.st.stm32cube.ide.mcu.externaltools.gnu-tools-for-stm32.13.3.rel1.win32_1.0.0.202411081344/tools/bin/../lib/gcc/arm-none-eabi/13.3.1/thumb/v7e-m+fp/hard\libgcc.a
LOAD C:/ST/STM32CubeIDE_1.19.0/STM32CubeIDE/plugins/com.st.stm32cube.ide.mcu.externaltools.gnu-tools-for-stm32.13.3.rel1.win32_1.0.0.202411081344/tools/bin/../lib/gcc/arm-none-eabi/13.3.1/../../../../arm-none-eabi/lib/thumb/v7e-m+fp/hard\libc_nano.a
END GROUP
START GROUP
LOAD C:/ST/STM32CubeIDE_1.19.0/STM32CubeIDE/plugins/com.st.stm32cube.ide.mcu.externaltools.gnu-tools-for-stm32.13.3.rel1.win32_1.0.0.202411081344/tools/bin/../lib/gcc/arm-none-eabi/13.3.1/thumb/v7e-m+fp/hard\libgcc.a
LOAD C:/ST/STM32CubeIDE_1.19.0/STM32CubeIDE/plugins/com.st.stm32cube.ide.mcu.externaltools.gnu-tools-for-stm32.13.3.rel1.win32_1.0.0.202411081344/tools/bin/../lib/gcc/arm-none-eabi/13.3.1/../../../../arm-none-eabi/lib/thumb/v7e-m+fp/hard\libc_nano.a
LOAD C:/ST/STM32CubeIDE_1.19.0/STM32CubeIDE/plugins/com.st.stm32cube.ide.mcu.externaltools.gnu-tools-for-stm32.13.3.rel1.win32_1.0.0.202411081344/tools/bin/../lib/gcc/arm-none-eabi/13.3.1/../../../../arm-none-eabi/lib/thumb/v7e-m+fp/hard\libnosys.a
END GROUP
START GROUP
LOAD C:/ST/STM32CubeIDE_1.19.0/STM32CubeIDE/plugins/com.st.stm32cube.ide.mcu.externaltools.gnu-tools-for-stm32.13.3.rel1.win32_1.0.0.202411081344/tools/bin/../lib/gcc/arm-none-eabi/13.3.1/thumb/v7e-m+fp/hard\libgcc.a
LOAD C:/ST/STM32CubeIDE_1.19.0/STM32CubeIDE/plugins/com.st.stm32cube.ide.mcu.externaltools.gnu-tools-for-stm32.13.3.rel1.win32_1.0.0.202411081344/tools/bin/../lib/gcc/arm-none-eabi/13.3.1/../../../../arm-none-eabi/lib/thumb/v7e-m+fp/hard\libc_nano.a
LOAD C:/ST/STM32CubeIDE_1.19.0/STM32CubeIDE/plugins/com.st.stm32cube.ide.mcu.externaltools.gnu-tools-for-stm32.13.3.rel1.win32_1.0.0.202411081344/tools/bin/../lib/gcc/arm-none-eabi/13.3.1/../../../../arm-none-eabi/lib/thumb/v7e-m+fp/hard\libnosys.a
END GROUP
LOAD C:/ST/STM32CubeIDE_1.19.0/STM32CubeIDE/plugins/com.st.stm32cube.ide.mcu.externaltools.gnu-tools-for-stm32.13.3.rel1.win32_1.0.0.202411081344/tools/bin/../lib/gcc/arm-none-eabi/13.3.1/thumb/v7e-m+fp/hard/crtend.o
LOAD C:/ST/STM32CubeIDE_1.19.0/STM32CubeIDE/plugins/com.st.stm32cube.ide.mcu.externaltools.gnu-tools-for-stm32.13.3.rel1.win32_1.0.0.202411081344/tools/bin/../lib/gcc/arm-none-eabi/13.3.1/thumb/v7e-m+fp/hard/crtn.o
                0x20020000                        _estack = (ORIGIN (RAM) + LENGTH (RAM))
                0x00000200                        _Min_Heap_Size = 0x200
                0x00000400                        _Min_Stack_Size = 0x400

.isr_vector     0x08000000      0x188
                0x08000000                        . = ALIGN (0x4)
 *(.isr_vector)
 .isr_vector    0x08000000      0x188 ./Core/Startup/startup_stm32f407vetx.o
                0x08000000                g_pfnVectors
                0x08000188                        . = ALIGN (0x4)

.text           0x08000188     0x6c00
                0x08000188                        . = ALIGN (0x4)
 *(.text)
 .text          0x08000188       0x40 C:/ST/STM32CubeIDE_1.19.0/STM32CubeIDE/plugins/com.st.stm32cube.ide.mcu.externaltools.gnu-tools-for-stm32.13.3.rel1.win32_1.0.0.202411081344/tools/bin/../lib/gcc/arm-none-eabi/13.3.1/thumb/v7e-m+fp/hard/crtbegin.o
 .text          0x080001c8       0x10 C:/ST/STM32CubeIDE_1.19.0/STM32CubeIDE/plugins/com.st.stm32cube.ide.mcu.externaltools.gnu-tools-for-stm32.13.3.rel1.win32_1.0.0.202411081344/tools/bin/../lib/gcc/arm-none-eabi/13.3.1/../../../../arm-none-eabi/lib/thumb/v7e-m+fp/hard\libc_nano.a(libc_a-strlen.o)
                0x080001c8                strlen
 .text          0x080001d8       0x30 C:/ST/STM32CubeIDE_1.19.0/STM32CubeIDE/plugins/com.st.stm32cube.ide.mcu.externaltools.gnu-tools-for-stm32.13.3.rel1.win32_1.0.0.202411081344/tools/bin/../lib/gcc/arm-none-eabi/13.3.1/thumb/v7e-m+fp/hard\libgcc.a(_aeabi_uldivmod.o)
                0x080001d8                __aeabi_uldivmod
 .text          0x08000208      0x2f8 C:/ST/STM32CubeIDE_1.19.0/STM32CubeIDE/plugins/com.st.stm32cube.ide.mcu.externaltools.gnu-tools-for-stm32.13.3.rel1.win32_1.0.0.202411081344/tools/bin/../lib/gcc/arm-none-eabi/13.3.1/thumb/v7e-m+fp/hard\libgcc.a(_udivmoddi4.o)
                0x08000208                __udivmoddi4
 .text          0x08000500        0x4 C:/ST/STM32CubeIDE_1.19.0/STM32CubeIDE/plugins/com.st.stm32cube.ide.mcu.externaltools.gnu-tools-for-stm32.13.3.rel1.win32_1.0.0.202411081344/tools/bin/../lib/gcc/arm-none-eabi/13.3.1/thumb/v7e-m+fp/hard\libgcc.a(_dvmd_tls.o)
                0x08000500                __aeabi_idiv0
                0x08000500                __aeabi_ldiv0
 *(.text*)
 .text.USB_Send_Message
                0x08000504       0x30 ./Core/Src/main.o
                0x08000504                USB_Send_Message
 .text.main     0x08000534       0x88 ./Core/Src/main.o
                0x08000534                main
 .text.SystemClock_Config
                0x080005bc       0xd0 ./Core/Src/main.o
                0x080005bc                SystemClock_Config
 .text.MX_GPIO_Init
                0x0800068c       0x6c ./Core/Src/main.o
 .text.Error_Handler
                0x080006f8        0xc ./Core/Src/main.o
                0x080006f8                Error_Handler
 .text.HAL_MspInit
                0x08000704       0x50 ./Core/Src/stm32f4xx_hal_msp.o
                0x08000704                HAL_MspInit
 .text.NMI_Handler
                0x08000754        0x8 ./Core/Src/stm32f4xx_it.o
                0x08000754                NMI_Handler
 .text.HardFault_Handler
                0x0800075c        0x8 ./Core/Src/stm32f4xx_it.o
                0x0800075c                HardFault_Handler
 .text.MemManage_Handler
                0x08000764        0x8 ./Core/Src/stm32f4xx_it.o
                0x08000764                MemManage_Handler
 .text.BusFault_Handler
                0x0800076c        0x8 ./Core/Src/stm32f4xx_it.o
                0x0800076c                BusFault_Handler
 .text.UsageFault_Handler
                0x08000774        0x8 ./Core/Src/stm32f4xx_it.o
                0x08000774                UsageFault_Handler
 .text.SVC_Handler
                0x0800077c        0xe ./Core/Src/stm32f4xx_it.o
                0x0800077c                SVC_Handler
 .text.DebugMon_Handler
                0x0800078a        0xe ./Core/Src/stm32f4xx_it.o
                0x0800078a                DebugMon_Handler
 .text.PendSV_Handler
                0x08000798        0xe ./Core/Src/stm32f4xx_it.o
                0x08000798                PendSV_Handler
 .text.SysTick_Handler
                0x080007a6        0xc ./Core/Src/stm32f4xx_it.o
                0x080007a6                SysTick_Handler
 *fill*         0x080007b2        0x2 
 .text.OTG_FS_IRQHandler
                0x080007b4       0x14 ./Core/Src/stm32f4xx_it.o
                0x080007b4                OTG_FS_IRQHandler
 .text.SystemInit
                0x080007c8       0x24 ./Core/Src/system_stm32f4xx.o
                0x080007c8                SystemInit
 .text.Reset_Handler
                0x080007ec       0x50 ./Core/Startup/startup_stm32f407vetx.o
                0x080007ec                Reset_Handler
 .text.Default_Handler
                0x0800083c        0x2 ./Core/Startup/startup_stm32f407vetx.o
                0x0800083c                RTC_Alarm_IRQHandler
                0x0800083c                HASH_RNG_IRQHandler
                0x0800083c                EXTI2_IRQHandler
                0x0800083c                TIM8_CC_IRQHandler
                0x0800083c                TIM1_CC_IRQHandler
                0x0800083c                DMA2_Stream5_IRQHandler
                0x0800083c                DMA1_Stream5_IRQHandler
                0x0800083c                PVD_IRQHandler
                0x0800083c                SDIO_IRQHandler
                0x0800083c                TAMP_STAMP_IRQHandler
                0x0800083c                CAN2_RX1_IRQHandler
                0x0800083c                EXTI3_IRQHandler
                0x0800083c                TIM8_TRG_COM_TIM14_IRQHandler
                0x0800083c                TIM1_UP_TIM10_IRQHandler
                0x0800083c                TIM8_UP_TIM13_IRQHandler
                0x0800083c                I2C3_ER_IRQHandler
                0x0800083c                EXTI0_IRQHandler
                0x0800083c                I2C2_EV_IRQHandler
                0x0800083c                DMA1_Stream2_IRQHandler
                0x0800083c                CAN1_RX0_IRQHandler
                0x0800083c                FPU_IRQHandler
                0x0800083c                OTG_HS_WKUP_IRQHandler
                0x0800083c                CAN2_SCE_IRQHandler
                0x0800083c                DMA2_Stream2_IRQHandler
                0x0800083c                SPI1_IRQHandler
                0x0800083c                TIM6_DAC_IRQHandler
                0x0800083c                TIM1_BRK_TIM9_IRQHandler
                0x0800083c                DCMI_IRQHandler
                0x0800083c                CAN2_RX0_IRQHandler
                0x0800083c                DMA2_Stream3_IRQHandler
                0x0800083c                USART6_IRQHandler
                0x0800083c                USART3_IRQHandler
                0x0800083c                CAN1_RX1_IRQHandler
                0x0800083c                UART5_IRQHandler
                0x0800083c                DMA2_Stream0_IRQHandler
                0x0800083c                TIM4_IRQHandler
                0x0800083c                I2C1_EV_IRQHandler
                0x0800083c                DMA1_Stream6_IRQHandler
                0x0800083c                DMA1_Stream1_IRQHandler
                0x0800083c                UART4_IRQHandler
                0x0800083c                TIM3_IRQHandler
                0x0800083c                RCC_IRQHandler
                0x0800083c                TIM8_BRK_TIM12_IRQHandler
                0x0800083c                Default_Handler
                0x0800083c                EXTI15_10_IRQHandler
                0x0800083c                ADC_IRQHandler
                0x0800083c                DMA1_Stream7_IRQHandler
                0x0800083c                TIM7_IRQHandler
                0x0800083c                CAN2_TX_IRQHandler
                0x0800083c                TIM5_IRQHandler
                0x0800083c                DMA2_Stream7_IRQHandler
                0x0800083c                I2C3_EV_IRQHandler
                0x0800083c                EXTI9_5_IRQHandler
                0x0800083c                RTC_WKUP_IRQHandler
                0x0800083c                ETH_WKUP_IRQHandler
                0x0800083c                SPI2_IRQHandler
                0x0800083c                OTG_HS_EP1_IN_IRQHandler
                0x0800083c                DMA1_Stream0_IRQHandler
                0x0800083c                CAN1_TX_IRQHandler
                0x0800083c                EXTI4_IRQHandler
                0x0800083c                FSMC_IRQHandler
                0x0800083c                ETH_IRQHandler
                0x0800083c                OTG_HS_EP1_OUT_IRQHandler
                0x0800083c                WWDG_IRQHandler
                0x0800083c                TIM2_IRQHandler
                0x0800083c                OTG_FS_WKUP_IRQHandler
                0x0800083c                TIM1_TRG_COM_TIM11_IRQHandler
                0x0800083c                OTG_HS_IRQHandler
                0x0800083c                EXTI1_IRQHandler
                0x0800083c                USART2_IRQHandler
                0x0800083c                I2C2_ER_IRQHandler
                0x0800083c                DMA2_Stream1_IRQHandler
                0x0800083c                CAN1_SCE_IRQHandler
                0x0800083c                FLASH_IRQHandler
                0x0800083c                DMA2_Stream4_IRQHandler
                0x0800083c                USART1_IRQHandler
                0x0800083c                SPI3_IRQHandler
                0x0800083c                DMA1_Stream4_IRQHandler
                0x0800083c                I2C1_ER_IRQHandler
                0x0800083c                DMA2_Stream6_IRQHandler
                0x0800083c                DMA1_Stream3_IRQHandler
 *fill*         0x0800083e        0x2 
 .text.HAL_Init
                0x08000840       0x44 ./Drivers/STM32F4xx_HAL_Driver/Src/stm32f4xx_hal.o
                0x08000840                HAL_Init
 .text.HAL_InitTick
                0x08000884       0x60 ./Drivers/STM32F4xx_HAL_Driver/Src/stm32f4xx_hal.o
                0x08000884                HAL_InitTick
 .text.HAL_IncTick
                0x080008e4       0x28 ./Drivers/STM32F4xx_HAL_Driver/Src/stm32f4xx_hal.o
                0x080008e4                HAL_IncTick
 .text.HAL_GetTick
                0x0800090c       0x18 ./Drivers/STM32F4xx_HAL_Driver/Src/stm32f4xx_hal.o
                0x0800090c                HAL_GetTick
 .text.HAL_Delay
                0x08000924       0x48 ./Drivers/STM32F4xx_HAL_Driver/Src/stm32f4xx_hal.o
                0x08000924                HAL_Delay
 .text.__NVIC_SetPriorityGrouping
                0x0800096c       0x48 ./Drivers/STM32F4xx_HAL_Driver/Src/stm32f4xx_hal_cortex.o
 .text.__NVIC_GetPriorityGrouping
                0x080009b4       0x1c ./Drivers/STM32F4xx_HAL_Driver/Src/stm32f4xx_hal_cortex.o
 .text.__NVIC_EnableIRQ
                0x080009d0       0x3c ./Drivers/STM32F4xx_HAL_Driver/Src/stm32f4xx_hal_cortex.o
 .text.__NVIC_SetPriority
                0x08000a0c       0x54 ./Drivers/STM32F4xx_HAL_Driver/Src/stm32f4xx_hal_cortex.o
 .text.NVIC_EncodePriority
                0x08000a60       0x66 ./Drivers/STM32F4xx_HAL_Driver/Src/stm32f4xx_hal_cortex.o
 *fill*         0x08000ac6        0x2 
 .text.SysTick_Config
                0x08000ac8       0x44 ./Drivers/STM32F4xx_HAL_Driver/Src/stm32f4xx_hal_cortex.o
 .text.HAL_NVIC_SetPriorityGrouping
                0x08000b0c       0x16 ./Drivers/STM32F4xx_HAL_Driver/Src/stm32f4xx_hal_cortex.o
                0x08000b0c                HAL_NVIC_SetPriorityGrouping
 .text.HAL_NVIC_SetPriority
                0x08000b22       0x38 ./Drivers/STM32F4xx_HAL_Driver/Src/stm32f4xx_hal_cortex.o
                0x08000b22                HAL_NVIC_SetPriority
 .text.HAL_NVIC_EnableIRQ
                0x08000b5a       0x1c ./Drivers/STM32F4xx_HAL_Driver/Src/stm32f4xx_hal_cortex.o
                0x08000b5a                HAL_NVIC_EnableIRQ
 .text.HAL_SYSTICK_Config
                0x08000b76       0x18 ./Drivers/STM32F4xx_HAL_Driver/Src/stm32f4xx_hal_cortex.o
                0x08000b76                HAL_SYSTICK_Config
 *fill*         0x08000b8e        0x2 
 .text.HAL_GPIO_Init
                0x08000b90      0x338 ./Drivers/STM32F4xx_HAL_Driver/Src/stm32f4xx_hal_gpio.o
                0x08000b90                HAL_GPIO_Init
 .text.HAL_PCD_Init
                0x08000ec8      0x21e ./Drivers/STM32F4xx_HAL_Driver/Src/stm32f4xx_hal_pcd.o
                0x08000ec8                HAL_PCD_Init
 .text.HAL_PCD_Start
                0x080010e6       0x6a ./Drivers/STM32F4xx_HAL_Driver/Src/stm32f4xx_hal_pcd.o
                0x080010e6                HAL_PCD_Start
 .text.HAL_PCD_IRQHandler
                0x08001150      0x942 ./Drivers/STM32F4xx_HAL_Driver/Src/stm32f4xx_hal_pcd.o
                0x08001150                HAL_PCD_IRQHandler
 .text.HAL_PCD_SetAddress
                0x08001a92       0x48 ./Drivers/STM32F4xx_HAL_Driver/Src/stm32f4xx_hal_pcd.o
                0x08001a92                HAL_PCD_SetAddress
 .text.HAL_PCD_EP_Open
                0x08001ada       0xd4 ./Drivers/STM32F4xx_HAL_Driver/Src/stm32f4xx_hal_pcd.o
                0x08001ada                HAL_PCD_EP_Open
 .text.HAL_PCD_EP_Close
                0x08001bae       0x94 ./Drivers/STM32F4xx_HAL_Driver/Src/stm32f4xx_hal_pcd.o
                0x08001bae                HAL_PCD_EP_Close
 .text.HAL_PCD_EP_Receive
                0x08001c42       0x76 ./Drivers/STM32F4xx_HAL_Driver/Src/stm32f4xx_hal_pcd.o
                0x08001c42                HAL_PCD_EP_Receive
 .text.HAL_PCD_EP_GetRxCount
                0x08001cb8       0x30 ./Drivers/STM32F4xx_HAL_Driver/Src/stm32f4xx_hal_pcd.o
                0x08001cb8                HAL_PCD_EP_GetRxCount
 .text.HAL_PCD_EP_Transmit
                0x08001ce8       0x74 ./Drivers/STM32F4xx_HAL_Driver/Src/stm32f4xx_hal_pcd.o
                0x08001ce8                HAL_PCD_EP_Transmit
 .text.HAL_PCD_EP_SetStall
                0x08001d5c       0xc6 ./Drivers/STM32F4xx_HAL_Driver/Src/stm32f4xx_hal_pcd.o
                0x08001d5c                HAL_PCD_EP_SetStall
 .text.HAL_PCD_EP_ClrStall
                0x08001e22       0xac ./Drivers/STM32F4xx_HAL_Driver/Src/stm32f4xx_hal_pcd.o
                0x08001e22                HAL_PCD_EP_ClrStall
 .text.HAL_PCD_EP_Abort
                0x08001ece       0x62 ./Drivers/STM32F4xx_HAL_Driver/Src/stm32f4xx_hal_pcd.o
                0x08001ece                HAL_PCD_EP_Abort
 .text.PCD_WriteEmptyTxFifo
                0x08001f30      0x118 ./Drivers/STM32F4xx_HAL_Driver/Src/stm32f4xx_hal_pcd.o
 .text.PCD_EP_OutXfrComplete_int
                0x08002048      0x1d0 ./Drivers/STM32F4xx_HAL_Driver/Src/stm32f4xx_hal_pcd.o
 .text.PCD_EP_OutSetupPacket_int
                0x08002218       0x8c ./Drivers/STM32F4xx_HAL_Driver/Src/stm32f4xx_hal_pcd.o
 .text.HAL_PCDEx_SetTxFiFo
                0x080022a4       0x8e ./Drivers/STM32F4xx_HAL_Driver/Src/stm32f4xx_hal_pcd_ex.o
                0x080022a4                HAL_PCDEx_SetTxFiFo
 .text.HAL_PCDEx_SetRxFiFo
                0x08002332       0x22 ./Drivers/STM32F4xx_HAL_Driver/Src/stm32f4xx_hal_pcd_ex.o
                0x08002332                HAL_PCDEx_SetRxFiFo
 .text.HAL_PCDEx_LPM_Callback
                0x08002354       0x18 ./Drivers/STM32F4xx_HAL_Driver/Src/stm32f4xx_hal_pcd_ex.o
                0x08002354                HAL_PCDEx_LPM_Callback
 .text.HAL_RCC_OscConfig
                0x0800236c      0x4f0 ./Drivers/STM32F4xx_HAL_Driver/Src/stm32f4xx_hal_rcc.o
                0x0800236c                HAL_RCC_OscConfig
 .text.HAL_RCC_ClockConfig
                0x0800285c      0x1cc ./Drivers/STM32F4xx_HAL_Driver/Src/stm32f4xx_hal_rcc.o
                0x0800285c                HAL_RCC_ClockConfig
 .text.HAL_RCC_GetSysClockFreq
                0x08002a28      0x20c ./Drivers/STM32F4xx_HAL_Driver/Src/stm32f4xx_hal_rcc.o
                0x08002a28                HAL_RCC_GetSysClockFreq
 .text.HAL_RCC_GetHCLKFreq
                0x08002c34       0x18 ./Drivers/STM32F4xx_HAL_Driver/Src/stm32f4xx_hal_rcc.o
                0x08002c34                HAL_RCC_GetHCLKFreq
 .text.USB_CoreInit
                0x08002c4c       0xc8 ./Drivers/STM32F4xx_HAL_Driver/Src/stm32f4xx_ll_usb.o
                0x08002c4c                USB_CoreInit
 .text.USB_SetTurnaroundTime
                0x08002d14      0x144 ./Drivers/STM32F4xx_HAL_Driver/Src/stm32f4xx_ll_usb.o
                0x08002d14                USB_SetTurnaroundTime
 .text.USB_EnableGlobalInt
                0x08002e58       0x22 ./Drivers/STM32F4xx_HAL_Driver/Src/stm32f4xx_ll_usb.o
                0x08002e58                USB_EnableGlobalInt
 .text.USB_DisableGlobalInt
                0x08002e7a       0x22 ./Drivers/STM32F4xx_HAL_Driver/Src/stm32f4xx_ll_usb.o
                0x08002e7a                USB_DisableGlobalInt
 .text.USB_SetCurrentMode
                0x08002e9c       0x98 ./Drivers/STM32F4xx_HAL_Driver/Src/stm32f4xx_ll_usb.o
                0x08002e9c                USB_SetCurrentMode
 .text.USB_DevInit
                0x08002f34      0x2c8 ./Drivers/STM32F4xx_HAL_Driver/Src/stm32f4xx_ll_usb.o
                0x08002f34                USB_DevInit
 .text.USB_FlushTxFifo
                0x080031fc       0x64 ./Drivers/STM32F4xx_HAL_Driver/Src/stm32f4xx_ll_usb.o
                0x080031fc                USB_FlushTxFifo
 .text.USB_FlushRxFifo
                0x08003260       0x5c ./Drivers/STM32F4xx_HAL_Driver/Src/stm32f4xx_ll_usb.o
                0x08003260                USB_FlushRxFifo
 .text.USB_SetDevSpeed
                0x080032bc       0x32 ./Drivers/STM32F4xx_HAL_Driver/Src/stm32f4xx_ll_usb.o
                0x080032bc                USB_SetDevSpeed
 .text.USB_GetDevSpeed
                0x080032ee       0x4a ./Drivers/STM32F4xx_HAL_Driver/Src/stm32f4xx_ll_usb.o
                0x080032ee                USB_GetDevSpeed
 .text.USB_ActivateEndpoint
                0x08003338      0x10e ./Drivers/STM32F4xx_HAL_Driver/Src/stm32f4xx_ll_usb.o
                0x08003338                USB_ActivateEndpoint
 *fill*         0x08003446        0x2 
 .text.USB_DeactivateEndpoint
                0x08003448      0x1b8 ./Drivers/STM32F4xx_HAL_Driver/Src/stm32f4xx_ll_usb.o
                0x08003448                USB_DeactivateEndpoint
 .text.USB_EPStartXfer
                0x08003600      0x53c ./Drivers/STM32F4xx_HAL_Driver/Src/stm32f4xx_ll_usb.o
                0x08003600                USB_EPStartXfer
 .text.USB_EPStopXfer
                0x08003b3c      0x154 ./Drivers/STM32F4xx_HAL_Driver/Src/stm32f4xx_ll_usb.o
                0x08003b3c                USB_EPStopXfer
 .text.USB_WritePacket
                0x08003c90       0x7c ./Drivers/STM32F4xx_HAL_Driver/Src/stm32f4xx_ll_usb.o
                0x08003c90                USB_WritePacket
 .text.USB_ReadPacket
                0x08003d0c       0xb0 ./Drivers/STM32F4xx_HAL_Driver/Src/stm32f4xx_ll_usb.o
                0x08003d0c                USB_ReadPacket
 .text.USB_EPSetStall
                0x08003dbc       0xdc ./Drivers/STM32F4xx_HAL_Driver/Src/stm32f4xx_ll_usb.o
                0x08003dbc                USB_EPSetStall
 .text.USB_EPClearStall
                0x08003e98       0xcc ./Drivers/STM32F4xx_HAL_Driver/Src/stm32f4xx_ll_usb.o
                0x08003e98                USB_EPClearStall
 .text.USB_SetDevAddress
                0x08003f64       0x4c ./Drivers/STM32F4xx_HAL_Driver/Src/stm32f4xx_ll_usb.o
                0x08003f64                USB_SetDevAddress
 .text.USB_DevConnect
                0x08003fb0       0x42 ./Drivers/STM32F4xx_HAL_Driver/Src/stm32f4xx_ll_usb.o
                0x08003fb0                USB_DevConnect
 .text.USB_DevDisconnect
                0x08003ff2       0x42 ./Drivers/STM32F4xx_HAL_Driver/Src/stm32f4xx_ll_usb.o
                0x08003ff2                USB_DevDisconnect
 .text.USB_ReadInterrupts
                0x08004034       0x26 ./Drivers/STM32F4xx_HAL_Driver/Src/stm32f4xx_ll_usb.o
                0x08004034                USB_ReadInterrupts
 .text.USB_ReadDevAllOutEpInterrupt
                0x0800405a       0x34 ./Drivers/STM32F4xx_HAL_Driver/Src/stm32f4xx_ll_usb.o
                0x0800405a                USB_ReadDevAllOutEpInterrupt
 .text.USB_ReadDevAllInEpInterrupt
                0x0800408e       0x34 ./Drivers/STM32F4xx_HAL_Driver/Src/stm32f4xx_ll_usb.o
                0x0800408e                USB_ReadDevAllInEpInterrupt
 .text.USB_ReadDevOutEPInterrupt
                0x080040c2       0x3c ./Drivers/STM32F4xx_HAL_Driver/Src/stm32f4xx_ll_usb.o
                0x080040c2                USB_ReadDevOutEPInterrupt
 .text.USB_ReadDevInEPInterrupt
                0x080040fe       0x5c ./Drivers/STM32F4xx_HAL_Driver/Src/stm32f4xx_ll_usb.o
                0x080040fe                USB_ReadDevInEPInterrupt
 .text.USB_GetMode
                0x0800415a       0x1c ./Drivers/STM32F4xx_HAL_Driver/Src/stm32f4xx_ll_usb.o
                0x0800415a                USB_GetMode
 .text.USB_ActivateSetup
                0x08004176       0x46 ./Drivers/STM32F4xx_HAL_Driver/Src/stm32f4xx_ll_usb.o
                0x08004176                USB_ActivateSetup
 .text.USB_EP0_OutStart
                0x080041bc       0xbc ./Drivers/STM32F4xx_HAL_Driver/Src/stm32f4xx_ll_usb.o
                0x080041bc                USB_EP0_OutStart
 .text.USB_CoreReset
                0x08004278       0x70 ./Drivers/STM32F4xx_HAL_Driver/Src/stm32f4xx_ll_usb.o
 .text.USBD_CDC_Init
                0x080042e8      0x1f0 ./Middlewares/ST/STM32_USB_Device_Library/Class/CDC/Src/usbd_cdc.o
 .text.USBD_CDC_DeInit
                0x080044d8      0x104 ./Middlewares/ST/STM32_USB_Device_Library/Class/CDC/Src/usbd_cdc.o
 .text.USBD_CDC_Setup
                0x080045dc      0x1b8 ./Middlewares/ST/STM32_USB_Device_Library/Class/CDC/Src/usbd_cdc.o
 .text.USBD_CDC_DataIn
                0x08004794       0xfe ./Middlewares/ST/STM32_USB_Device_Library/Class/CDC/Src/usbd_cdc.o
 .text.USBD_CDC_DataOut
                0x08004892       0x70 ./Middlewares/ST/STM32_USB_Device_Library/Class/CDC/Src/usbd_cdc.o
 .text.USBD_CDC_EP0_RxReady
                0x08004902       0x74 ./Middlewares/ST/STM32_USB_Device_Library/Class/CDC/Src/usbd_cdc.o
 *fill*         0x08004976        0x2 
 .text.USBD_CDC_GetFSCfgDesc
                0x08004978       0x70 ./Middlewares/ST/STM32_USB_Device_Library/Class/CDC/Src/usbd_cdc.o
 .text.USBD_CDC_GetHSCfgDesc
                0x080049e8       0x70 ./Middlewares/ST/STM32_USB_Device_Library/Class/CDC/Src/usbd_cdc.o
 .text.USBD_CDC_GetOtherSpeedCfgDesc
                0x08004a58       0x70 ./Middlewares/ST/STM32_USB_Device_Library/Class/CDC/Src/usbd_cdc.o
 .text.USBD_CDC_GetDeviceQualifierDescriptor
                0x08004ac8       0x20 ./Middlewares/ST/STM32_USB_Device_Library/Class/CDC/Src/usbd_cdc.o
                0x08004ac8                USBD_CDC_GetDeviceQualifierDescriptor
 .text.USBD_CDC_RegisterInterface
                0x08004ae8       0x34 ./Middlewares/ST/STM32_USB_Device_Library/Class/CDC/Src/usbd_cdc.o
                0x08004ae8                USBD_CDC_RegisterInterface
 .text.USBD_CDC_SetTxBuffer
                0x08004b1c       0x44 ./Middlewares/ST/STM32_USB_Device_Library/Class/CDC/Src/usbd_cdc.o
                0x08004b1c                USBD_CDC_SetTxBuffer
 .text.USBD_CDC_SetRxBuffer
                0x08004b60       0x3a ./Middlewares/ST/STM32_USB_Device_Library/Class/CDC/Src/usbd_cdc.o
                0x08004b60                USBD_CDC_SetRxBuffer
 *fill*         0x08004b9a        0x2 
 .text.USBD_CDC_TransmitPacket
                0x08004b9c       0x80 ./Middlewares/ST/STM32_USB_Device_Library/Class/CDC/Src/usbd_cdc.o
                0x08004b9c                USBD_CDC_TransmitPacket
 .text.USBD_CDC_ReceivePacket
                0x08004c1c       0x6c ./Middlewares/ST/STM32_USB_Device_Library/Class/CDC/Src/usbd_cdc.o
                0x08004c1c                USBD_CDC_ReceivePacket
 .text.USBD_Init
                0x08004c88       0x60 ./Middlewares/ST/STM32_USB_Device_Library/Core/Src/usbd_core.o
                0x08004c88                USBD_Init
 .text.USBD_RegisterClass
                0x08004ce8       0x6c ./Middlewares/ST/STM32_USB_Device_Library/Core/Src/usbd_core.o
                0x08004ce8                USBD_RegisterClass
 .text.USBD_Start
                0x08004d54       0x18 ./Middlewares/ST/STM32_USB_Device_Library/Core/Src/usbd_core.o
                0x08004d54                USBD_Start
 .text.USBD_RunTestMode
                0x08004d6c       0x16 ./Middlewares/ST/STM32_USB_Device_Library/Core/Src/usbd_core.o
                0x08004d6c                USBD_RunTestMode
 .text.USBD_SetClassConfig
                0x08004d82       0x38 ./Middlewares/ST/STM32_USB_Device_Library/Core/Src/usbd_core.o
                0x08004d82                USBD_SetClassConfig
 .text.USBD_ClrClassConfig
                0x08004dba       0x34 ./Middlewares/ST/STM32_USB_Device_Library/Core/Src/usbd_core.o
                0x08004dba                USBD_ClrClassConfig
 .text.USBD_LL_SetupStage
                0x08004dee       0xaa ./Middlewares/ST/STM32_USB_Device_Library/Core/Src/usbd_core.o
                0x08004dee                USBD_LL_SetupStage
 .text.USBD_LL_DataOutStage
                0x08004e98      0x178 ./Middlewares/ST/STM32_USB_Device_Library/Core/Src/usbd_core.o
                0x08004e98                USBD_LL_DataOutStage
 .text.USBD_LL_DataInStage
                0x08005010      0x176 ./Middlewares/ST/STM32_USB_Device_Library/Core/Src/usbd_core.o
                0x08005010                USBD_LL_DataInStage
 .text.USBD_LL_Reset
                0x08005186       0xa6 ./Middlewares/ST/STM32_USB_Device_Library/Core/Src/usbd_core.o
                0x08005186                USBD_LL_Reset
 .text.USBD_LL_SetSpeed
                0x0800522c       0x20 ./Middlewares/ST/STM32_USB_Device_Library/Core/Src/usbd_core.o
                0x0800522c                USBD_LL_SetSpeed
 .text.USBD_LL_Suspend
                0x0800524c       0x38 ./Middlewares/ST/STM32_USB_Device_Library/Core/Src/usbd_core.o
                0x0800524c                USBD_LL_Suspend
 .text.USBD_LL_Resume
                0x08005284       0x30 ./Middlewares/ST/STM32_USB_Device_Library/Core/Src/usbd_core.o
                0x08005284                USBD_LL_Resume
 .text.USBD_LL_SOF
                0x080052b4       0x40 ./Middlewares/ST/STM32_USB_Device_Library/Core/Src/usbd_core.o
                0x080052b4                USBD_LL_SOF
 .text.USBD_LL_IsoINIncomplete
                0x080052f4       0x64 ./Middlewares/ST/STM32_USB_Device_Library/Core/Src/usbd_core.o
                0x080052f4                USBD_LL_IsoINIncomplete
 .text.USBD_LL_IsoOUTIncomplete
                0x08005358       0x64 ./Middlewares/ST/STM32_USB_Device_Library/Core/Src/usbd_core.o
                0x08005358                USBD_LL_IsoOUTIncomplete
 .text.USBD_LL_DevConnected
                0x080053bc       0x16 ./Middlewares/ST/STM32_USB_Device_Library/Core/Src/usbd_core.o
                0x080053bc                USBD_LL_DevConnected
 .text.USBD_LL_DevDisconnected
                0x080053d2       0x46 ./Middlewares/ST/STM32_USB_Device_Library/Core/Src/usbd_core.o
                0x080053d2                USBD_LL_DevDisconnected
 .text.USBD_CoreFindIF
                0x08005418       0x1a ./Middlewares/ST/STM32_USB_Device_Library/Core/Src/usbd_core.o
                0x08005418                USBD_CoreFindIF
 .text.USBD_CoreFindEP
                0x08005432       0x1a ./Middlewares/ST/STM32_USB_Device_Library/Core/Src/usbd_core.o
                0x08005432                USBD_CoreFindEP
 .text.USBD_GetEpDesc
                0x0800544c       0x70 ./Middlewares/ST/STM32_USB_Device_Library/Core/Src/usbd_core.o
                0x0800544c                USBD_GetEpDesc
 .text.USBD_GetNextDesc
                0x080054bc       0x38 ./Middlewares/ST/STM32_USB_Device_Library/Core/Src/usbd_core.o
                0x080054bc                USBD_GetNextDesc
 .text.SWAPBYTE
                0x080054f4       0x3e ./Middlewares/ST/STM32_USB_Device_Library/Core/Src/usbd_ctlreq.o
 *fill*         0x08005532        0x2 
 .text.USBD_StdDevReq
                0x08005534       0xe4 ./Middlewares/ST/STM32_USB_Device_Library/Core/Src/usbd_ctlreq.o
                0x08005534                USBD_StdDevReq
 .text.USBD_StdItfReq
                0x08005618       0xd8 ./Middlewares/ST/STM32_USB_Device_Library/Core/Src/usbd_ctlreq.o
                0x08005618                USBD_StdItfReq
 .text.USBD_StdEPReq
                0x080056f0      0x33e ./Middlewares/ST/STM32_USB_Device_Library/Core/Src/usbd_ctlreq.o
                0x080056f0                USBD_StdEPReq
 *fill*         0x08005a2e        0x2 
 .text.USBD_GetDescriptor
                0x08005a30      0x2d4 ./Middlewares/ST/STM32_USB_Device_Library/Core/Src/usbd_ctlreq.o
 .text.USBD_SetAddress
                0x08005d04       0x88 ./Middlewares/ST/STM32_USB_Device_Library/Core/Src/usbd_ctlreq.o
 .text.USBD_SetConfig
                0x08005d8c      0x154 ./Middlewares/ST/STM32_USB_Device_Library/Core/Src/usbd_ctlreq.o
 .text.USBD_GetConfig
                0x08005ee0       0x6c ./Middlewares/ST/STM32_USB_Device_Library/Core/Src/usbd_ctlreq.o
 .text.USBD_GetStatus
                0x08005f4c       0x68 ./Middlewares/ST/STM32_USB_Device_Library/Core/Src/usbd_ctlreq.o
 .text.USBD_SetFeature
                0x08005fb4       0x52 ./Middlewares/ST/STM32_USB_Device_Library/Core/Src/usbd_ctlreq.o
 .text.USBD_ClrFeature
                0x08006006       0x44 ./Middlewares/ST/STM32_USB_Device_Library/Core/Src/usbd_ctlreq.o
 .text.USBD_ParseSetupRequest
                0x0800604a       0x74 ./Middlewares/ST/STM32_USB_Device_Library/Core/Src/usbd_ctlreq.o
                0x0800604a                USBD_ParseSetupRequest
 .text.USBD_CtlError
                0x080060be       0x22 ./Middlewares/ST/STM32_USB_Device_Library/Core/Src/usbd_ctlreq.o
                0x080060be                USBD_CtlError
 .text.USBD_GetString
                0x080060e0       0xa4 ./Middlewares/ST/STM32_USB_Device_Library/Core/Src/usbd_ctlreq.o
                0x080060e0                USBD_GetString
 .text.USBD_GetLen
                0x08006184       0x34 ./Middlewares/ST/STM32_USB_Device_Library/Core/Src/usbd_ctlreq.o
 .text.USBD_CtlSendData
                0x080061b8       0x3c ./Middlewares/ST/STM32_USB_Device_Library/Core/Src/usbd_ioreq.o
                0x080061b8                USBD_CtlSendData
 .text.USBD_CtlContinueSendData
                0x080061f4       0x22 ./Middlewares/ST/STM32_USB_Device_Library/Core/Src/usbd_ioreq.o
                0x080061f4                USBD_CtlContinueSendData
 .text.USBD_CtlPrepareRx
                0x08006216       0x42 ./Middlewares/ST/STM32_USB_Device_Library/Core/Src/usbd_ioreq.o
                0x08006216                USBD_CtlPrepareRx
 .text.USBD_CtlContinueRx
                0x08006258       0x22 ./Middlewares/ST/STM32_USB_Device_Library/Core/Src/usbd_ioreq.o
                0x08006258                USBD_CtlContinueRx
 .text.USBD_CtlSendStatus
                0x0800627a       0x26 ./Middlewares/ST/STM32_USB_Device_Library/Core/Src/usbd_ioreq.o
                0x0800627a                USBD_CtlSendStatus
 .text.USBD_CtlReceiveStatus
                0x080062a0       0x26 ./Middlewares/ST/STM32_USB_Device_Library/Core/Src/usbd_ioreq.o
                0x080062a0                USBD_CtlReceiveStatus
 *fill*         0x080062c6        0x2 
 .text.MX_USB_DEVICE_Init
                0x080062c8       0x60 ./USB_DEVICE/App/usb_device.o
                0x080062c8                MX_USB_DEVICE_Init
 .text.CDC_Init_FS
                0x08006328       0x28 ./USB_DEVICE/App/usbd_cdc_if.o
 .text.CDC_DeInit_FS
                0x08006350       0x10 ./USB_DEVICE/App/usbd_cdc_if.o
 .text.CDC_Control_FS
                0x08006360       0xbc ./USB_DEVICE/App/usbd_cdc_if.o
 .text.CDC_Receive_FS
                0x0800641c       0x44 ./USB_DEVICE/App/usbd_cdc_if.o
 .text.CDC_Transmit_FS
                0x08006460       0x4c ./USB_DEVICE/App/usbd_cdc_if.o
                0x08006460                CDC_Transmit_FS
 .text.CDC_TransmitCplt_FS
                0x080064ac       0x22 ./USB_DEVICE/App/usbd_cdc_if.o
 *fill*         0x080064ce        0x2 
 .text.USBD_FS_DeviceDescriptor
                0x080064d0       0x24 ./USB_DEVICE/App/usbd_desc.o
                0x080064d0                USBD_FS_DeviceDescriptor
 .text.USBD_FS_LangIDStrDescriptor
                0x080064f4       0x24 ./USB_DEVICE/App/usbd_desc.o
                0x080064f4                USBD_FS_LangIDStrDescriptor
 .text.USBD_FS_ProductStrDescriptor
                0x08006518       0x3c ./USB_DEVICE/App/usbd_desc.o
                0x08006518                USBD_FS_ProductStrDescriptor
 .text.USBD_FS_ManufacturerStrDescriptor
                0x08006554       0x28 ./USB_DEVICE/App/usbd_desc.o
                0x08006554                USBD_FS_ManufacturerStrDescriptor
 .text.USBD_FS_SerialStrDescriptor
                0x0800657c       0x24 ./USB_DEVICE/App/usbd_desc.o
                0x0800657c                USBD_FS_SerialStrDescriptor
 .text.USBD_FS_ConfigStrDescriptor
                0x080065a0       0x3c ./USB_DEVICE/App/usbd_desc.o
                0x080065a0                USBD_FS_ConfigStrDescriptor
 .text.USBD_FS_InterfaceStrDescriptor
                0x080065dc       0x3c ./USB_DEVICE/App/usbd_desc.o
                0x080065dc                USBD_FS_InterfaceStrDescriptor
 .text.Get_SerialNum
                0x08006618       0x58 ./USB_DEVICE/App/usbd_desc.o
 .text.IntToUnicode
                0x08006670       0x7e ./USB_DEVICE/App/usbd_desc.o
 *fill*         0x080066ee        0x2 
 .text.HAL_PCD_MspInit
                0x080066f0       0xa8 ./USB_DEVICE/Target/usbd_conf.o
                0x080066f0                HAL_PCD_MspInit
 .text.HAL_PCD_SetupStageCallback
                0x08006798       0x24 ./USB_DEVICE/Target/usbd_conf.o
                0x08006798                HAL_PCD_SetupStageCallback
 .text.HAL_PCD_DataOutStageCallback
                0x080067bc       0x36 ./USB_DEVICE/Target/usbd_conf.o
                0x080067bc                HAL_PCD_DataOutStageCallback
 .text.HAL_PCD_DataInStageCallback
                0x080067f2       0x34 ./USB_DEVICE/Target/usbd_conf.o
                0x080067f2                HAL_PCD_DataInStageCallback
 .text.HAL_PCD_SOFCallback
                0x08006826       0x1c ./USB_DEVICE/Target/usbd_conf.o
                0x08006826                HAL_PCD_SOFCallback
 .text.HAL_PCD_ResetCallback
                0x08006842       0x50 ./USB_DEVICE/Target/usbd_conf.o
                0x08006842                HAL_PCD_ResetCallback
 *fill*         0x08006892        0x2 
 .text.HAL_PCD_SuspendCallback
                0x08006894       0x4c ./USB_DEVICE/Target/usbd_conf.o
                0x08006894                HAL_PCD_SuspendCallback
 .text.HAL_PCD_ResumeCallback
                0x080068e0       0x1c ./USB_DEVICE/Target/usbd_conf.o
                0x080068e0                HAL_PCD_ResumeCallback
 .text.HAL_PCD_ISOOUTIncompleteCallback
                0x080068fc       0x24 ./USB_DEVICE/Target/usbd_conf.o
                0x080068fc                HAL_PCD_ISOOUTIncompleteCallback
 .text.HAL_PCD_ISOINIncompleteCallback
                0x08006920       0x24 ./USB_DEVICE/Target/usbd_conf.o
                0x08006920                HAL_PCD_ISOINIncompleteCallback
 .text.HAL_PCD_ConnectCallback
                0x08006944       0x1c ./USB_DEVICE/Target/usbd_conf.o
                0x08006944                HAL_PCD_ConnectCallback
 .text.HAL_PCD_DisconnectCallback
                0x08006960       0x1c ./USB_DEVICE/Target/usbd_conf.o
                0x08006960                HAL_PCD_DisconnectCallback
 .text.USBD_LL_Init
                0x0800697c       0x98 ./USB_DEVICE/Target/usbd_conf.o
                0x0800697c                USBD_LL_Init
 .text.USBD_LL_Start
                0x08006a14       0x36 ./USB_DEVICE/Target/usbd_conf.o
                0x08006a14                USBD_LL_Start
 .text.USBD_LL_OpenEP
                0x08006a4a       0x4c ./USB_DEVICE/Target/usbd_conf.o
                0x08006a4a                USBD_LL_OpenEP
 .text.USBD_LL_CloseEP
                0x08006a96       0x3e ./USB_DEVICE/Target/usbd_conf.o
                0x08006a96                USBD_LL_CloseEP
 .text.USBD_LL_StallEP
                0x08006ad4       0x3e ./USB_DEVICE/Target/usbd_conf.o
                0x08006ad4                USBD_LL_StallEP
 .text.USBD_LL_ClearStallEP
                0x08006b12       0x3e ./USB_DEVICE/Target/usbd_conf.o
                0x08006b12                USBD_LL_ClearStallEP
 .text.USBD_LL_IsStallEP
                0x08006b50       0x58 ./USB_DEVICE/Target/usbd_conf.o
                0x08006b50                USBD_LL_IsStallEP
 .text.USBD_LL_SetUSBAddress
                0x08006ba8       0x3e ./USB_DEVICE/Target/usbd_conf.o
                0x08006ba8                USBD_LL_SetUSBAddress
 .text.USBD_LL_Transmit
                0x08006be6       0x42 ./USB_DEVICE/Target/usbd_conf.o
                0x08006be6                USBD_LL_Transmit
 .text.USBD_LL_PrepareReceive
                0x08006c28       0x42 ./USB_DEVICE/Target/usbd_conf.o
                0x08006c28                USBD_LL_PrepareReceive
 .text.USBD_LL_GetRxDataSize
                0x08006c6a       0x26 ./USB_DEVICE/Target/usbd_conf.o
                0x08006c6a                USBD_LL_GetRxDataSize
 .text.USBD_static_malloc
                0x08006c90       0x1c ./USB_DEVICE/Target/usbd_conf.o
                0x08006c90                USBD_static_malloc
 .text.USBD_static_free
                0x08006cac       0x14 ./USB_DEVICE/Target/usbd_conf.o
                0x08006cac                USBD_static_free
 .text.USBD_Get_USB_Status
                0x08006cc0       0x58 ./USB_DEVICE/Target/usbd_conf.o
                0x08006cc0                USBD_Get_USB_Status
 .text.memset   0x08006d18       0x10 C:/ST/STM32CubeIDE_1.19.0/STM32CubeIDE/plugins/com.st.stm32cube.ide.mcu.externaltools.gnu-tools-for-stm32.13.3.rel1.win32_1.0.0.202411081344/tools/bin/../lib/gcc/arm-none-eabi/13.3.1/../../../../arm-none-eabi/lib/thumb/v7e-m+fp/hard\libc_nano.a(libc_a-memset.o)
                0x08006d18                memset
 .text.__libc_init_array
                0x08006d28       0x48 C:/ST/STM32CubeIDE_1.19.0/STM32CubeIDE/plugins/com.st.stm32cube.ide.mcu.externaltools.gnu-tools-for-stm32.13.3.rel1.win32_1.0.0.202411081344/tools/bin/../lib/gcc/arm-none-eabi/13.3.1/../../../../arm-none-eabi/lib/thumb/v7e-m+fp/hard\libc_nano.a(libc_a-init.o)
                0x08006d28                __libc_init_array
 *(.glue_7)
 .glue_7        0x08006d70        0x0 linker stubs
 *(.glue_7t)
 .glue_7t       0x08006d70        0x0 linker stubs
 *(.eh_frame)
 .eh_frame      0x08006d70        0x0 C:/ST/STM32CubeIDE_1.19.0/STM32CubeIDE/plugins/com.st.stm32cube.ide.mcu.externaltools.gnu-tools-for-stm32.13.3.rel1.win32_1.0.0.202411081344/tools/bin/../lib/gcc/arm-none-eabi/13.3.1/thumb/v7e-m+fp/hard/crtbegin.o
 *(.init)
 .init          0x08006d70        0x4 C:/ST/STM32CubeIDE_1.19.0/STM32CubeIDE/plugins/com.st.stm32cube.ide.mcu.externaltools.gnu-tools-for-stm32.13.3.rel1.win32_1.0.0.202411081344/tools/bin/../lib/gcc/arm-none-eabi/13.3.1/thumb/v7e-m+fp/hard/crti.o
                0x08006d70                _init
 .init          0x08006d74        0x8 C:/ST/STM32CubeIDE_1.19.0/STM32CubeIDE/plugins/com.st.stm32cube.ide.mcu.externaltools.gnu-tools-for-stm32.13.3.rel1.win32_1.0.0.202411081344/tools/bin/../lib/gcc/arm-none-eabi/13.3.1/thumb/v7e-m+fp/hard/crtn.o
 *(.fini)
 .fini          0x08006d7c        0x4 C:/ST/STM32CubeIDE_1.19.0/STM32CubeIDE/plugins/com.st.stm32cube.ide.mcu.externaltools.gnu-tools-for-stm32.13.3.rel1.win32_1.0.0.202411081344/tools/bin/../lib/gcc/arm-none-eabi/13.3.1/thumb/v7e-m+fp/hard/crti.o
                0x08006d7c                _fini
 .fini          0x08006d80        0x8 C:/ST/STM32CubeIDE_1.19.0/STM32CubeIDE/plugins/com.st.stm32cube.ide.mcu.externaltools.gnu-tools-for-stm32.13.3.rel1.win32_1.0.0.202411081344/tools/bin/../lib/gcc/arm-none-eabi/13.3.1/thumb/v7e-m+fp/hard/crtn.o
                0x08006d88                        . = ALIGN (0x4)
                0x08006d88                        _etext = .

.vfp11_veneer   0x08006d88        0x0
 .vfp11_veneer  0x08006d88        0x0 linker stubs

.v4_bx          0x08006d88        0x0
 .v4_bx         0x08006d88        0x0 linker stubs

.iplt           0x08006d88        0x0
 .iplt          0x08006d88        0x0 C:/ST/STM32CubeIDE_1.19.0/STM32CubeIDE/plugins/com.st.stm32cube.ide.mcu.externaltools.gnu-tools-for-stm32.13.3.rel1.win32_1.0.0.202411081344/tools/bin/../lib/gcc/arm-none-eabi/13.3.1/thumb/v7e-m+fp/hard/crtbegin.o

.rodata         0x08006d88       0xcc
                0x08006d88                        . = ALIGN (0x4)
 *(.rodata)
 .rodata        0x08006d88       0x73 ./Core/Src/main.o
 *fill*         0x08006dfb        0x1 
 .rodata        0x08006dfc       0x46 ./USB_DEVICE/App/usbd_desc.o
 *(.rodata*)
 *fill*         0x08006e42        0x2 
 .rodata.AHBPrescTable
                0x08006e44       0x10 ./Core/Src/system_stm32f4xx.o
                0x08006e44                AHBPrescTable
                0x08006e54                        . = ALIGN (0x4)

.ARM.extab      0x08006e54        0x0
                0x08006e54                        . = ALIGN (0x4)
 *(.ARM.extab* .gnu.linkonce.armextab.*)
                0x08006e54                        . = ALIGN (0x4)

.ARM            0x08006e54        0x8
                0x08006e54                        . = ALIGN (0x4)
                0x08006e54                        __exidx_start = .
 *(.ARM.exidx*)
 .ARM.exidx     0x08006e54        0x8 C:/ST/STM32CubeIDE_1.19.0/STM32CubeIDE/plugins/com.st.stm32cube.ide.mcu.externaltools.gnu-tools-for-stm32.13.3.rel1.win32_1.0.0.202411081344/tools/bin/../lib/gcc/arm-none-eabi/13.3.1/../../../../arm-none-eabi/lib/thumb/v7e-m+fp/hard\libc_nano.a(libc_a-strlen.o)
 .ARM.exidx     0x08006e5c        0x0 C:/ST/STM32CubeIDE_1.19.0/STM32CubeIDE/plugins/com.st.stm32cube.ide.mcu.externaltools.gnu-tools-for-stm32.13.3.rel1.win32_1.0.0.202411081344/tools/bin/../lib/gcc/arm-none-eabi/13.3.1/thumb/v7e-m+fp/hard\libgcc.a(_udivmoddi4.o)
                                  0x8 (size before relaxing)
                0x08006e5c                        __exidx_end = .
                0x08006e5c                        . = ALIGN (0x4)

.preinit_array  0x08006e5c        0x0
                0x08006e5c                        . = ALIGN (0x4)
                0x08006e5c                        PROVIDE (__preinit_array_start = .)
 *(.preinit_array*)
                0x08006e5c                        PROVIDE (__preinit_array_end = .)
                0x08006e5c                        . = ALIGN (0x4)

.init_array     0x08006e5c        0x4
                0x08006e5c                        . = ALIGN (0x4)
                0x08006e5c                        PROVIDE (__init_array_start = .)
 *(SORT_BY_NAME(.init_array.*))
 *(.init_array*)
 .init_array    0x08006e5c        0x4 C:/ST/STM32CubeIDE_1.19.0/STM32CubeIDE/plugins/com.st.stm32cube.ide.mcu.externaltools.gnu-tools-for-stm32.13.3.rel1.win32_1.0.0.202411081344/tools/bin/../lib/gcc/arm-none-eabi/13.3.1/thumb/v7e-m+fp/hard/crtbegin.o
                0x08006e60                        PROVIDE (__init_array_end = .)
                0x08006e60                        . = ALIGN (0x4)

.fini_array     0x08006e60        0x4
                0x08006e60                        . = ALIGN (0x4)
                [!provide]                        PROVIDE (__fini_array_start = .)
 *(SORT_BY_NAME(.fini_array.*))
 *(.fini_array*)
 .fini_array    0x08006e60        0x4 C:/ST/STM32CubeIDE_1.19.0/STM32CubeIDE/plugins/com.st.stm32cube.ide.mcu.externaltools.gnu-tools-for-stm32.13.3.rel1.win32_1.0.0.202411081344/tools/bin/../lib/gcc/arm-none-eabi/13.3.1/thumb/v7e-m+fp/hard/crtbegin.o
                [!provide]                        PROVIDE (__fini_array_end = .)
                0x08006e64                        . = ALIGN (0x4)
                0x08006e64                        _sidata = LOADADDR (.data)

.rel.dyn        0x08006e64        0x0
 .rel.iplt      0x08006e64        0x0 C:/ST/STM32CubeIDE_1.19.0/STM32CubeIDE/plugins/com.st.stm32cube.ide.mcu.externaltools.gnu-tools-for-stm32.13.3.rel1.win32_1.0.0.202411081344/tools/bin/../lib/gcc/arm-none-eabi/13.3.1/thumb/v7e-m+fp/hard/crtbegin.o

.data           0x20000000      0x100 load address 0x08006e64
                0x20000000                        . = ALIGN (0x4)
                0x20000000                        _sdata = .
 *(.data)
 *(.data*)
 .data.active_cmd
                0x20000000        0x1 ./Core/Src/main.o
                0x20000000                active_cmd
 *fill*         0x20000001        0x3 
 .data.SystemCoreClock
                0x20000004        0x4 ./Core/Src/system_stm32f4xx.o
                0x20000004                SystemCoreClock
 .data.uwTickPrio
                0x20000008        0x4 ./Drivers/STM32F4xx_HAL_Driver/Src/stm32f4xx_hal.o
                0x20000008                uwTickPrio
 .data.uwTickFreq
                0x2000000c        0x1 ./Drivers/STM32F4xx_HAL_Driver/Src/stm32f4xx_hal.o
                0x2000000c                uwTickFreq
 *fill*         0x2000000d        0x3 
 .data.USBD_CDC_DeviceQualifierDesc
                0x20000010        0xa ./Middlewares/ST/STM32_USB_Device_Library/Class/CDC/Src/usbd_cdc.o
 *fill*         0x2000001a        0x2 
 .data.USBD_CDC
                0x2000001c       0x38 ./Middlewares/ST/STM32_USB_Device_Library/Class/CDC/Src/usbd_cdc.o
                0x2000001c                USBD_CDC
 .data.USBD_CDC_CfgDesc
                0x20000054       0x43 ./Middlewares/ST/STM32_USB_Device_Library/Class/CDC/Src/usbd_cdc.o
 .data.CDCInEpAdd
                0x20000097        0x1 ./Middlewares/ST/STM32_USB_Device_Library/Class/CDC/Src/usbd_cdc.o
 .data.CDCOutEpAdd
                0x20000098        0x1 ./Middlewares/ST/STM32_USB_Device_Library/Class/CDC/Src/usbd_cdc.o
 .data.CDCCmdEpAdd
                0x20000099        0x1 ./Middlewares/ST/STM32_USB_Device_Library/Class/CDC/Src/usbd_cdc.o
 *fill*         0x2000009a        0x2 
 .data.USBD_Interface_fops_FS
                0x2000009c       0x14 ./USB_DEVICE/App/usbd_cdc_if.o
                0x2000009c                USBD_Interface_fops_FS
 .data.FS_Desc  0x200000b0       0x1c ./USB_DEVICE/App/usbd_desc.o
                0x200000b0                FS_Desc
 .data.USBD_FS_DeviceDesc
                0x200000cc       0x12 ./USB_DEVICE/App/usbd_desc.o
                0x200000cc                USBD_FS_DeviceDesc
 *fill*         0x200000de        0x2 
 .data.USBD_LangIDDesc
                0x200000e0        0x4 ./USB_DEVICE/App/usbd_desc.o
                0x200000e0                USBD_LangIDDesc
 .data.USBD_StringSerial
                0x200000e4       0x1a ./USB_DEVICE/App/usbd_desc.o
                0x200000e4                USBD_StringSerial
 *(.RamFunc)
 *(.RamFunc*)
                0x20000100                        . = ALIGN (0x4)
 *fill*         0x200000fe        0x2 
                0x20000100                        _edata = .
                0x08006f64                        _siccmram = LOADADDR (.ccmram)

.igot.plt       0x20000100        0x0 load address 0x08006f64
 .igot.plt      0x20000100        0x0 C:/ST/STM32CubeIDE_1.19.0/STM32CubeIDE/plugins/com.st.stm32cube.ide.mcu.externaltools.gnu-tools-for-stm32.13.3.rel1.win32_1.0.0.202411081344/tools/bin/../lib/gcc/arm-none-eabi/13.3.1/thumb/v7e-m+fp/hard/crtbegin.o

.ccmram         0x10000000        0x0 load address 0x08006f64
                0x10000000                        . = ALIGN (0x4)
                0x10000000                        _sccmram = .
 *(.ccmram)
 *(.ccmram*)
                0x10000000                        . = ALIGN (0x4)
                0x10000000                        _eccmram = .
                0x10000000                        . = ALIGN (0x4)

.bss            0x20000100     0x1c08
                0x20000100                        _sbss = .
                0x20000100                        __bss_start__ = _sbss
 *(.bss)
 .bss           0x20000100       0x1c C:/ST/STM32CubeIDE_1.19.0/STM32CubeIDE/plugins/com.st.stm32cube.ide.mcu.externaltools.gnu-tools-for-stm32.13.3.rel1.win32_1.0.0.202411081344/tools/bin/../lib/gcc/arm-none-eabi/13.3.1/thumb/v7e-m+fp/hard/crtbegin.o
 *(.bss*)
 .bss.new_cmd_flag
                0x2000011c        0x1 ./Core/Src/main.o
                0x2000011c                new_cmd_flag
 *fill*         0x2000011d        0x3 
 .bss.uwTick    0x20000120        0x4 ./Drivers/STM32F4xx_HAL_Driver/Src/stm32f4xx_hal.o
                0x20000120                uwTick
 .bss.cfgidx.0  0x20000124        0x1 ./Middlewares/ST/STM32_USB_Device_Library/Core/Src/usbd_ctlreq.o
 *fill*         0x20000125        0x3 
 .bss.hUsbDeviceFS
                0x20000128      0x2dc ./USB_DEVICE/App/usb_device.o
                0x20000128                hUsbDeviceFS
 .bss.UserRxBufferFS
                0x20000404      0x800 ./USB_DEVICE/App/usbd_cdc_if.o
                0x20000404                UserRxBufferFS
 .bss.UserTxBufferFS
                0x20000c04      0x800 ./USB_DEVICE/App/usbd_cdc_if.o
                0x20000c04                UserTxBufferFS
 .bss.USBD_StrDesc
                0x20001404      0x200 ./USB_DEVICE/App/usbd_desc.o
                0x20001404                USBD_StrDesc
 .bss.hpcd_USB_OTG_FS
                0x20001604      0x4e4 ./USB_DEVICE/Target/usbd_conf.o
                0x20001604                hpcd_USB_OTG_FS
 .bss.mem.0     0x20001ae8      0x220 ./USB_DEVICE/Target/usbd_conf.o
 *(COMMON)
                0x20001d08                        . = ALIGN (0x4)
                0x20001d08                        _ebss = .
                0x20001d08                        __bss_end__ = _ebss

._user_heap_stack
                0x20001d08      0x600
                0x20001d08                        . = ALIGN (0x8)
                [!provide]                        PROVIDE (end = .)
                0x20001d08                        PROVIDE (_end = .)
                0x20001f08                        . = (. + _Min_Heap_Size)
 *fill*         0x20001d08      0x200 
                0x20002308                        . = (. + _Min_Stack_Size)
 *fill*         0x20001f08      0x400 
                0x20002308                        . = ALIGN (0x8)

/DISCARD/
 libc.a(*)
 libm.a(*)
 libgcc.a(*)

.ARM.attributes
                0x00000000       0x30
 *(.ARM.attributes)
 .ARM.attributes
                0x00000000       0x22 C:/ST/STM32CubeIDE_1.19.0/STM32CubeIDE/plugins/com.st.stm32cube.ide.mcu.externaltools.gnu-tools-for-stm32.13.3.rel1.win32_1.0.0.202411081344/tools/bin/../lib/gcc/arm-none-eabi/13.3.1/thumb/v7e-m+fp/hard/crti.o
 .ARM.attributes
                0x00000022       0x34 C:/ST/STM32CubeIDE_1.19.0/STM32CubeIDE/plugins/com.st.stm32cube.ide.mcu.externaltools.gnu-tools-for-stm32.13.3.rel1.win32_1.0.0.202411081344/tools/bin/../lib/gcc/arm-none-eabi/13.3.1/thumb/v7e-m+fp/hard/crtbegin.o
 .ARM.attributes
                0x00000056       0x34 ./Core/Src/main.o
 .ARM.attributes
                0x0000008a       0x34 ./Core/Src/stm32f4xx_hal_msp.o
 .ARM.attributes
                0x000000be       0x34 ./Core/Src/stm32f4xx_it.o
 .ARM.attributes
                0x000000f2       0x34 ./Core/Src/system_stm32f4xx.o
 .ARM.attributes
                0x00000126       0x21 ./Core/Startup/startup_stm32f407vetx.o
 .ARM.attributes
                0x00000147       0x34 ./Drivers/STM32F4xx_HAL_Driver/Src/stm32f4xx_hal.o
 .ARM.attributes
                0x0000017b       0x34 ./Drivers/STM32F4xx_HAL_Driver/Src/stm32f4xx_hal_cortex.o
 .ARM.attributes
                0x000001af       0x34 ./Drivers/STM32F4xx_HAL_Driver/Src/stm32f4xx_hal_gpio.o
 .ARM.attributes
                0x000001e3       0x34 ./Drivers/STM32F4xx_HAL_Driver/Src/stm32f4xx_hal_pcd.o
 .ARM.attributes
                0x00000217       0x34 ./Drivers/STM32F4xx_HAL_Driver/Src/stm32f4xx_hal_pcd_ex.o
 .ARM.attributes
                0x0000024b       0x34 ./Drivers/STM32F4xx_HAL_Driver/Src/stm32f4xx_hal_rcc.o
 .ARM.attributes
                0x0000027f       0x34 ./Drivers/STM32F4xx_HAL_Driver/Src/stm32f4xx_ll_usb.o
 .ARM.attributes
                0x000002b3       0x34 ./Middlewares/ST/STM32_USB_Device_Library/Class/CDC/Src/usbd_cdc.o
 .ARM.attributes
                0x000002e7       0x34 ./Middlewares/ST/STM32_USB_Device_Library/Core/Src/usbd_core.o
 .ARM.attributes
                0x0000031b       0x34 ./Middlewares/ST/STM32_USB_Device_Library/Core/Src/usbd_ctlreq.o
 .ARM.attributes
                0x0000034f       0x34 ./Middlewares/ST/STM32_USB_Device_Library/Core/Src/usbd_ioreq.o
 .ARM.attributes
                0x00000383       0x34 ./USB_DEVICE/App/usb_device.o
 .ARM.attributes
                0x000003b7       0x34 ./USB_DEVICE/App/usbd_cdc_if.o
 .ARM.attributes
                0x000003eb       0x34 ./USB_DEVICE/App/usbd_desc.o
 .ARM.attributes
                0x0000041f       0x34 ./USB_DEVICE/Target/usbd_conf.o
 .ARM.attributes
                0x00000453       0x34 C:/ST/STM32CubeIDE_1.19.0/STM32CubeIDE/plugins/com.st.stm32cube.ide.mcu.externaltools.gnu-tools-for-stm32.13.3.rel1.win32_1.0.0.202411081344/tools/bin/../lib/gcc/arm-none-eabi/13.3.1/../../../../arm-none-eabi/lib/thumb/v7e-m+fp/hard\libc_nano.a(libc_a-memset.o)
 .ARM.attributes
                0x00000487       0x34 C:/ST/STM32CubeIDE_1.19.0/STM32CubeIDE/plugins/com.st.stm32cube.ide.mcu.externaltools.gnu-tools-for-stm32.13.3.rel1.win32_1.0.0.202411081344/tools/bin/../lib/gcc/arm-none-eabi/13.3.1/../../../../arm-none-eabi/lib/thumb/v7e-m+fp/hard\libc_nano.a(libc_a-init.o)
 .ARM.attributes
                0x000004bb       0x17 C:/ST/STM32CubeIDE_1.19.0/STM32CubeIDE/plugins/com.st.stm32cube.ide.mcu.externaltools.gnu-tools-for-stm32.13.3.rel1.win32_1.0.0.202411081344/tools/bin/../lib/gcc/arm-none-eabi/13.3.1/../../../../arm-none-eabi/lib/thumb/v7e-m+fp/hard\libc_nano.a(libc_a-strlen.o)
 .ARM.attributes
                0x000004d2       0x22 C:/ST/STM32CubeIDE_1.19.0/STM32CubeIDE/plugins/com.st.stm32cube.ide.mcu.externaltools.gnu-tools-for-stm32.13.3.rel1.win32_1.0.0.202411081344/tools/bin/../lib/gcc/arm-none-eabi/13.3.1/thumb/v7e-m+fp/hard\libgcc.a(_aeabi_uldivmod.o)
 .ARM.attributes
                0x000004f4       0x34 C:/ST/STM32CubeIDE_1.19.0/STM32CubeIDE/plugins/com.st.stm32cube.ide.mcu.externaltools.gnu-tools-for-stm32.13.3.rel1.win32_1.0.0.202411081344/tools/bin/../lib/gcc/arm-none-eabi/13.3.1/thumb/v7e-m+fp/hard\libgcc.a(_udivmoddi4.o)
 .ARM.attributes
                0x00000528       0x22 C:/ST/STM32CubeIDE_1.19.0/STM32CubeIDE/plugins/com.st.stm32cube.ide.mcu.externaltools.gnu-tools-for-stm32.13.3.rel1.win32_1.0.0.202411081344/tools/bin/../lib/gcc/arm-none-eabi/13.3.1/thumb/v7e-m+fp/hard\libgcc.a(_dvmd_tls.o)
 .ARM.attributes
                0x0000054a       0x22 C:/ST/STM32CubeIDE_1.19.0/STM32CubeIDE/plugins/com.st.stm32cube.ide.mcu.externaltools.gnu-tools-for-stm32.13.3.rel1.win32_1.0.0.202411081344/tools/bin/../lib/gcc/arm-none-eabi/13.3.1/thumb/v7e-m+fp/hard/crtn.o
OUTPUT(mech_Py.elf elf32-littlearm)
LOAD linker stubs
LOAD C:/ST/STM32CubeIDE_1.19.0/STM32CubeIDE/plugins/com.st.stm32cube.ide.mcu.externaltools.gnu-tools-for-stm32.13.3.rel1.win32_1.0.0.202411081344/tools/bin/../lib/gcc/arm-none-eabi/13.3.1/../../../../arm-none-eabi/lib/thumb/v7e-m+fp/hard\libc.a
LOAD C:/ST/STM32CubeIDE_1.19.0/STM32CubeIDE/plugins/com.st.stm32cube.ide.mcu.externaltools.gnu-tools-for-stm32.13.3.rel1.win32_1.0.0.202411081344/tools/bin/../lib/gcc/arm-none-eabi/13.3.1/../../../../arm-none-eabi/lib/thumb/v7e-m+fp/hard\libm.a
LOAD C:/ST/STM32CubeIDE_1.19.0/STM32CubeIDE/plugins/com.st.stm32cube.ide.mcu.externaltools.gnu-tools-for-stm32.13.3.rel1.win32_1.0.0.202411081344/tools/bin/../lib/gcc/arm-none-eabi/13.3.1/thumb/v7e-m+fp/hard\libgcc.a

.debug_info     0x00000000     0xd404
 .debug_info    0x00000000      0x5e4 ./Core/Src/main.o
 .debug_info    0x000005e4      0x269 ./Core/Src/stm32f4xx_hal_msp.o
 .debug_info    0x0000084d      0x627 ./Core/Src/stm32f4xx_it.o
 .debug_info    0x00000e74      0x512 ./Core/Src/system_stm32f4xx.o
 .debug_info    0x00001386       0x30 ./Core/Startup/startup_stm32f407vetx.o
 .debug_info    0x000013b6      0x944 ./Drivers/STM32F4xx_HAL_Driver/Src/stm32f4xx_hal.o
 .debug_info    0x00001cfa      0xd8c ./Drivers/STM32F4xx_HAL_Driver/Src/stm32f4xx_hal_cortex.o
 .debug_info    0x00002a86      0x6c3 ./Drivers/STM32F4xx_HAL_Driver/Src/stm32f4xx_hal_gpio.o
 .debug_info    0x00003149     0x156f ./Drivers/STM32F4xx_HAL_Driver/Src/stm32f4xx_hal_pcd.o
 .debug_info    0x000046b8      0x6ea ./Drivers/STM32F4xx_HAL_Driver/Src/stm32f4xx_hal_pcd_ex.o
 .debug_info    0x00004da2      0x8c3 ./Drivers/STM32F4xx_HAL_Driver/Src/stm32f4xx_hal_rcc.o
 .debug_info    0x00005665     0x1993 ./Drivers/STM32F4xx_HAL_Driver/Src/stm32f4xx_ll_usb.o
 .debug_info    0x00006ff8     0x12b1 ./Middlewares/ST/STM32_USB_Device_Library/Class/CDC/Src/usbd_cdc.o
 .debug_info    0x000082a9      0xe12 ./Middlewares/ST/STM32_USB_Device_Library/Core/Src/usbd_core.o
 .debug_info    0x000090bb      0xaeb ./Middlewares/ST/STM32_USB_Device_Library/Core/Src/usbd_ctlreq.o
 .debug_info    0x00009ba6      0x762 ./Middlewares/ST/STM32_USB_Device_Library/Core/Src/usbd_ioreq.o
 .debug_info    0x0000a308      0x70e ./USB_DEVICE/App/usb_device.o
 .debug_info    0x0000aa16      0x91f ./USB_DEVICE/App/usbd_cdc_if.o
 .debug_info    0x0000b335      0x458 ./USB_DEVICE/App/usbd_desc.o
 .debug_info    0x0000b78d     0x1c77 ./USB_DEVICE/Target/usbd_conf.o

.debug_abbrev   0x00000000     0x29b0
 .debug_abbrev  0x00000000      0x24b ./Core/Src/main.o
 .debug_abbrev  0x0000024b       0xd8 ./Core/Src/stm32f4xx_hal_msp.o
 .debug_abbrev  0x00000323      0x1a4 ./Core/Src/stm32f4xx_it.o
 .debug_abbrev  0x000004c7      0x11a ./Core/Src/system_stm32f4xx.o
 .debug_abbrev  0x000005e1       0x24 ./Core/Startup/startup_stm32f407vetx.o
 .debug_abbrev  0x00000605      0x214 ./Drivers/STM32F4xx_HAL_Driver/Src/stm32f4xx_hal.o
 .debug_abbrev  0x00000819      0x31d ./Drivers/STM32F4xx_HAL_Driver/Src/stm32f4xx_hal_cortex.o
 .debug_abbrev  0x00000b36      0x1d4 ./Drivers/STM32F4xx_HAL_Driver/Src/stm32f4xx_hal_gpio.o
 .debug_abbrev  0x00000d0a      0x2b9 ./Drivers/STM32F4xx_HAL_Driver/Src/stm32f4xx_hal_pcd.o
 .debug_abbrev  0x00000fc3      0x1da ./Drivers/STM32F4xx_HAL_Driver/Src/stm32f4xx_hal_pcd_ex.o
 .debug_abbrev  0x0000119d      0x2b7 ./Drivers/STM32F4xx_HAL_Driver/Src/stm32f4xx_hal_rcc.o
 .debug_abbrev  0x00001454      0x2b3 ./Drivers/STM32F4xx_HAL_Driver/Src/stm32f4xx_ll_usb.o
 .debug_abbrev  0x00001707      0x2d2 ./Middlewares/ST/STM32_USB_Device_Library/Class/CDC/Src/usbd_cdc.o
 .debug_abbrev  0x000019d9      0x27c ./Middlewares/ST/STM32_USB_Device_Library/Core/Src/usbd_core.o
 .debug_abbrev  0x00001c55      0x26f ./Middlewares/ST/STM32_USB_Device_Library/Core/Src/usbd_ctlreq.o
 .debug_abbrev  0x00001ec4      0x19a ./Middlewares/ST/STM32_USB_Device_Library/Core/Src/usbd_ioreq.o
 .debug_abbrev  0x0000205e      0x195 ./USB_DEVICE/App/usb_device.o
 .debug_abbrev  0x000021f3      0x29d ./USB_DEVICE/App/usbd_cdc_if.o
 .debug_abbrev  0x00002490      0x1e1 ./USB_DEVICE/App/usbd_desc.o
 .debug_abbrev  0x00002671      0x33f ./USB_DEVICE/Target/usbd_conf.o

.debug_aranges  0x00000000      0xb58
 .debug_aranges
                0x00000000       0x40 ./Core/Src/main.o
 .debug_aranges
                0x00000040       0x20 ./Core/Src/stm32f4xx_hal_msp.o
 .debug_aranges
                0x00000060       0x68 ./Core/Src/stm32f4xx_it.o
 .debug_aranges
                0x000000c8       0x28 ./Core/Src/system_stm32f4xx.o
 .debug_aranges
                0x000000f0       0x28 ./Core/Startup/startup_stm32f407vetx.o
 .debug_aranges
                0x00000118       0xf0 ./Drivers/STM32F4xx_HAL_Driver/Src/stm32f4xx_hal.o
 .debug_aranges
                0x00000208      0x130 ./Drivers/STM32F4xx_HAL_Driver/Src/stm32f4xx_hal_cortex.o
 .debug_aranges
                0x00000338       0x58 ./Drivers/STM32F4xx_HAL_Driver/Src/stm32f4xx_hal_gpio.o
 .debug_aranges
                0x00000390      0x148 ./Drivers/STM32F4xx_HAL_Driver/Src/stm32f4xx_hal_pcd.o
 .debug_aranges
                0x000004d8       0x38 ./Drivers/STM32F4xx_HAL_Driver/Src/stm32f4xx_hal_pcd_ex.o
 .debug_aranges
                0x00000510       0x88 ./Drivers/STM32F4xx_HAL_Driver/Src/stm32f4xx_hal_rcc.o
 .debug_aranges
                0x00000598      0x1a0 ./Drivers/STM32F4xx_HAL_Driver/Src/stm32f4xx_ll_usb.o
 .debug_aranges
                0x00000738       0x90 ./Middlewares/ST/STM32_USB_Device_Library/Class/CDC/Src/usbd_cdc.o
 .debug_aranges
                0x000007c8       0xd8 ./Middlewares/ST/STM32_USB_Device_Library/Core/Src/usbd_core.o
 .debug_aranges
                0x000008a0       0x90 ./Middlewares/ST/STM32_USB_Device_Library/Core/Src/usbd_ctlreq.o
 .debug_aranges
                0x00000930       0x50 ./Middlewares/ST/STM32_USB_Device_Library/Core/Src/usbd_ioreq.o
 .debug_aranges
                0x00000980       0x20 ./USB_DEVICE/App/usb_device.o
 .debug_aranges
                0x000009a0       0x48 ./USB_DEVICE/App/usbd_cdc_if.o
 .debug_aranges
                0x000009e8       0x60 ./USB_DEVICE/App/usbd_desc.o
 .debug_aranges
                0x00000a48      0x110 ./USB_DEVICE/Target/usbd_conf.o

.debug_rnglists
                0x00000000      0x85a
 .debug_rnglists
                0x00000000       0x2d ./Core/Src/main.o
 .debug_rnglists
                0x0000002d       0x13 ./Core/Src/stm32f4xx_hal_msp.o
 .debug_rnglists
                0x00000040       0x49 ./Core/Src/stm32f4xx_it.o
 .debug_rnglists
                0x00000089       0x1a ./Core/Src/system_stm32f4xx.o
 .debug_rnglists
                0x000000a3       0x19 ./Core/Startup/startup_stm32f407vetx.o
 .debug_rnglists
                0x000000bc       0xaf ./Drivers/STM32F4xx_HAL_Driver/Src/stm32f4xx_hal.o
 .debug_rnglists
                0x0000016b       0xe0 ./Drivers/STM32F4xx_HAL_Driver/Src/stm32f4xx_hal_cortex.o
 .debug_rnglists
                0x0000024b       0x3f ./Drivers/STM32F4xx_HAL_Driver/Src/stm32f4xx_hal_gpio.o
 .debug_rnglists
                0x0000028a       0xfa ./Drivers/STM32F4xx_HAL_Driver/Src/stm32f4xx_hal_pcd.o
 .debug_rnglists
                0x00000384       0x26 ./Drivers/STM32F4xx_HAL_Driver/Src/stm32f4xx_hal_pcd_ex.o
 .debug_rnglists
                0x000003aa       0x66 ./Drivers/STM32F4xx_HAL_Driver/Src/stm32f4xx_hal_rcc.o
 .debug_rnglists
                0x00000410      0x147 ./Drivers/STM32F4xx_HAL_Driver/Src/stm32f4xx_ll_usb.o
 .debug_rnglists
                0x00000557       0x6c ./Middlewares/ST/STM32_USB_Device_Library/Class/CDC/Src/usbd_cdc.o
 .debug_rnglists
                0x000005c3       0xa1 ./Middlewares/ST/STM32_USB_Device_Library/Core/Src/usbd_core.o
 .debug_rnglists
                0x00000664       0x6e ./Middlewares/ST/STM32_USB_Device_Library/Core/Src/usbd_ctlreq.o
 .debug_rnglists
                0x000006d2       0x37 ./Middlewares/ST/STM32_USB_Device_Library/Core/Src/usbd_ioreq.o
 .debug_rnglists
                0x00000709       0x13 ./USB_DEVICE/App/usb_device.o
 .debug_rnglists
                0x0000071c       0x32 ./USB_DEVICE/App/usbd_cdc_if.o
 .debug_rnglists
                0x0000074e       0x43 ./USB_DEVICE/App/usbd_desc.o
 .debug_rnglists
                0x00000791       0xc9 ./USB_DEVICE/Target/usbd_conf.o

.debug_macro    0x00000000    0x226c0
 .debug_macro   0x00000000      0x38c ./Core/Src/main.o
 .debug_macro   0x0000038c      0xad8 ./Core/Src/main.o
 .debug_macro   0x00000e64      0x295 ./Core/Src/main.o
 .debug_macro   0x000010f9       0x2e ./Core/Src/main.o
 .debug_macro   0x00001127       0x2f ./Core/Src/main.o
 .debug_macro   0x00001156       0x22 ./Core/Src/main.o
 .debug_macro   0x00001178       0x8e ./Core/Src/main.o
 .debug_macro   0x00001206       0x51 ./Core/Src/main.o
 .debug_macro   0x00001257      0x103 ./Core/Src/main.o
 .debug_macro   0x0000135a       0x6a ./Core/Src/main.o
 .debug_macro   0x000013c4      0x1df ./Core/Src/main.o
 .debug_macro   0x000015a3       0x1c ./Core/Src/main.o
 .debug_macro   0x000015bf       0x22 ./Core/Src/main.o
 .debug_macro   0x000015e1       0xfb ./Core/Src/main.o
 .debug_macro   0x000016dc     0x1011 ./Core/Src/main.o
 .debug_macro   0x000026ed      0x11f ./Core/Src/main.o
 .debug_macro   0x0000280c    0x15ea5 ./Core/Src/main.o
 .debug_macro   0x000186b1       0x6d ./Core/Src/main.o
 .debug_macro   0x0001871e     0x3693 ./Core/Src/main.o
 .debug_macro   0x0001bdb1      0x190 ./Core/Src/main.o
 .debug_macro   0x0001bf41       0x5c ./Core/Src/main.o
 .debug_macro   0x0001bf9d      0x980 ./Core/Src/main.o
 .debug_macro   0x0001c91d      0x9e9 ./Core/Src/main.o
 .debug_macro   0x0001d306      0x115 ./Core/Src/main.o
 .debug_macro   0x0001d41b      0x13e ./Core/Src/main.o
 .debug_macro   0x0001d559       0xa5 ./Core/Src/main.o
 .debug_macro   0x0001d5fe      0x174 ./Core/Src/main.o
 .debug_macro   0x0001d772      0x287 ./Core/Src/main.o
 .debug_macro   0x0001d9f9       0x5f ./Core/Src/main.o
 .debug_macro   0x0001da58      0x236 ./Core/Src/main.o
 .debug_macro   0x0001dc8e      0x12c ./Core/Src/main.o
 .debug_macro   0x0001ddba      0x21e ./Core/Src/main.o
 .debug_macro   0x0001dfd8       0x2e ./Core/Src/main.o
 .debug_macro   0x0001e006      0x127 ./Core/Src/main.o
 .debug_macro   0x0001e12d       0x7e ./Core/Src/main.o
 .debug_macro   0x0001e1ab       0x89 ./Core/Src/main.o
 .debug_macro   0x0001e234      0x293 ./Core/Src/main.o
 .debug_macro   0x0001e4c7       0xba ./Core/Src/main.o
 .debug_macro   0x0001e581      0x12d ./Core/Src/main.o
 .debug_macro   0x0001e6ae       0x61 ./Core/Src/main.o
 .debug_macro   0x0001e70f       0x2a ./Core/Src/main.o
 .debug_macro   0x0001e739       0x43 ./Core/Src/main.o
 .debug_macro   0x0001e77c       0x34 ./Core/Src/main.o
 .debug_macro   0x0001e7b0       0x16 ./Core/Src/main.o
 .debug_macro   0x0001e7c6       0x3c ./Core/Src/main.o
 .debug_macro   0x0001e802      0x370 ./Core/Src/main.o
 .debug_macro   0x0001eb72       0x10 ./Core/Src/main.o
 .debug_macro   0x0001eb82       0x16 ./Core/Src/main.o
 .debug_macro   0x0001eb98       0x4a ./Core/Src/main.o
 .debug_macro   0x0001ebe2       0x34 ./Core/Src/main.o
 .debug_macro   0x0001ec16       0x10 ./Core/Src/main.o
 .debug_macro   0x0001ec26       0x58 ./Core/Src/main.o
 .debug_macro   0x0001ec7e       0x8e ./Core/Src/main.o
 .debug_macro   0x0001ed0c       0x1c ./Core/Src/main.o
 .debug_macro   0x0001ed28      0x185 ./Core/Src/main.o
 .debug_macro   0x0001eead       0x16 ./Core/Src/main.o
 .debug_macro   0x0001eec3       0x16 ./Core/Src/main.o
 .debug_macro   0x0001eed9      0x146 ./Core/Src/main.o
 .debug_macro   0x0001f01f       0x16 ./Core/Src/main.o
 .debug_macro   0x0001f035       0x16 ./Core/Src/main.o
 .debug_macro   0x0001f04b       0x29 ./Core/Src/main.o
 .debug_macro   0x0001f074       0x16 ./Core/Src/main.o
 .debug_macro   0x0001f08a       0x20 ./Core/Src/main.o
 .debug_macro   0x0001f0aa       0x65 ./Core/Src/main.o
 .debug_macro   0x0001f10f      0x20f ./Core/Src/main.o
 .debug_macro   0x0001f31e       0x95 ./Core/Src/main.o
 .debug_macro   0x0001f3b3       0x10 ./Core/Src/main.o
 .debug_macro   0x0001f3c3      0x1de ./Core/Src/stm32f4xx_hal_msp.o
 .debug_macro   0x0001f5a1      0x1e8 ./Core/Src/stm32f4xx_it.o
 .debug_macro   0x0001f789      0x1d4 ./Core/Src/system_stm32f4xx.o
 .debug_macro   0x0001f95d      0x234 ./Drivers/STM32F4xx_HAL_Driver/Src/stm32f4xx_hal.o
 .debug_macro   0x0001fb91      0x1d4 ./Drivers/STM32F4xx_HAL_Driver/Src/stm32f4xx_hal_cortex.o
 .debug_macro   0x0001fd65      0x1da ./Drivers/STM32F4xx_HAL_Driver/Src/stm32f4xx_hal_gpio.o
 .debug_macro   0x0001ff3f      0x1e0 ./Drivers/STM32F4xx_HAL_Driver/Src/stm32f4xx_hal_pcd.o
 .debug_macro   0x0002011f      0x1d4 ./Drivers/STM32F4xx_HAL_Driver/Src/stm32f4xx_hal_pcd_ex.o
 .debug_macro   0x000202f3      0x1f8 ./Drivers/STM32F4xx_HAL_Driver/Src/stm32f4xx_hal_rcc.o
 .debug_macro   0x000204eb      0x1d4 ./Drivers/STM32F4xx_HAL_Driver/Src/stm32f4xx_ll_usb.o
 .debug_macro   0x000206bf      0x36d ./Middlewares/ST/STM32_USB_Device_Library/Class/CDC/Src/usbd_cdc.o
 .debug_macro   0x00020a2c       0x9e ./Middlewares/ST/STM32_USB_Device_Library/Class/CDC/Src/usbd_cdc.o
 .debug_macro   0x00020aca      0x112 ./Middlewares/ST/STM32_USB_Device_Library/Class/CDC/Src/usbd_cdc.o
 .debug_macro   0x00020bdc       0x56 ./Middlewares/ST/STM32_USB_Device_Library/Class/CDC/Src/usbd_cdc.o
 .debug_macro   0x00020c32      0x354 ./Middlewares/ST/STM32_USB_Device_Library/Core/Src/usbd_core.o
 .debug_macro   0x00020f86      0x215 ./Middlewares/ST/STM32_USB_Device_Library/Core/Src/usbd_core.o
 .debug_macro   0x0002119b      0x35e ./Middlewares/ST/STM32_USB_Device_Library/Core/Src/usbd_ctlreq.o
 .debug_macro   0x000214f9      0x35a ./Middlewares/ST/STM32_USB_Device_Library/Core/Src/usbd_ioreq.o
 .debug_macro   0x00021853      0x393 ./USB_DEVICE/App/usb_device.o
 .debug_macro   0x00021be6       0x22 ./USB_DEVICE/App/usb_device.o
 .debug_macro   0x00021c08       0x16 ./USB_DEVICE/App/usb_device.o
 .debug_macro   0x00021c1e      0x378 ./USB_DEVICE/App/usbd_cdc_if.o
 .debug_macro   0x00021f96      0x397 ./USB_DEVICE/App/usbd_desc.o
 .debug_macro   0x0002232d       0x1c ./USB_DEVICE/App/usbd_desc.o
 .debug_macro   0x00022349      0x377 ./USB_DEVICE/Target/usbd_conf.o

.debug_line     0x00000000     0xf452
 .debug_line    0x00000000      0xad1 ./Core/Src/main.o
 .debug_line    0x00000ad1      0x744 ./Core/Src/stm32f4xx_hal_msp.o
 .debug_line    0x00001215      0x80b ./Core/Src/stm32f4xx_it.o
 .debug_line    0x00001a20      0x7ba ./Core/Src/system_stm32f4xx.o
 .debug_line    0x000021da       0x7a ./Core/Startup/startup_stm32f407vetx.o
 .debug_line    0x00002254      0xa36 ./Drivers/STM32F4xx_HAL_Driver/Src/stm32f4xx_hal.o
 .debug_line    0x00002c8a      0xd06 ./Drivers/STM32F4xx_HAL_Driver/Src/stm32f4xx_hal_cortex.o
 .debug_line    0x00003990      0xb8e ./Drivers/STM32F4xx_HAL_Driver/Src/stm32f4xx_hal_gpio.o
 .debug_line    0x0000451e     0x1481 ./Drivers/STM32F4xx_HAL_Driver/Src/stm32f4xx_hal_pcd.o
 .debug_line    0x0000599f      0x7ff ./Drivers/STM32F4xx_HAL_Driver/Src/stm32f4xx_hal_pcd_ex.o
 .debug_line    0x0000619e      0xe45 ./Drivers/STM32F4xx_HAL_Driver/Src/stm32f4xx_hal_rcc.o
 .debug_line    0x00006fe3     0x1d6a ./Drivers/STM32F4xx_HAL_Driver/Src/stm32f4xx_ll_usb.o
 .debug_line    0x00008d4d      0xea3 ./Middlewares/ST/STM32_USB_Device_Library/Class/CDC/Src/usbd_cdc.o
 .debug_line    0x00009bf0      0xf5b ./Middlewares/ST/STM32_USB_Device_Library/Core/Src/usbd_core.o
 .debug_line    0x0000ab4b     0x111d ./Middlewares/ST/STM32_USB_Device_Library/Core/Src/usbd_ctlreq.o
 .debug_line    0x0000bc68      0xa62 ./Middlewares/ST/STM32_USB_Device_Library/Core/Src/usbd_ioreq.o
 .debug_line    0x0000c6ca      0xa28 ./USB_DEVICE/App/usb_device.o
 .debug_line    0x0000d0f2      0xa8a ./USB_DEVICE/App/usbd_cdc_if.o
 .debug_line    0x0000db7c      0xad1 ./USB_DEVICE/App/usbd_desc.o
 .debug_line    0x0000e64d      0xe05 ./USB_DEVICE/Target/usbd_conf.o

.debug_str      0x00000000    0xc4093
 .debug_str     0x00000000    0xc4093 ./Core/Src/main.o
                              0xc0ce8 (size before relaxing)
 .debug_str     0x000c4093    0xbc3fd ./Core/Src/stm32f4xx_hal_msp.o
 .debug_str     0x000c4093    0xbc7b6 ./Core/Src/stm32f4xx_it.o
 .debug_str     0x000c4093    0xbc4ad ./Core/Src/system_stm32f4xx.o
 .debug_str     0x000c4093       0x80 ./Core/Startup/startup_stm32f407vetx.o
 .debug_str     0x000c4093    0xbd031 ./Drivers/STM32F4xx_HAL_Driver/Src/stm32f4xx_hal.o
 .debug_str     0x000c4093    0xbcdad ./Drivers/STM32F4xx_HAL_Driver/Src/stm32f4xx_hal_cortex.o
 .debug_str     0x000c4093    0xbc628 ./Drivers/STM32F4xx_HAL_Driver/Src/stm32f4xx_hal_gpio.o
 .debug_str     0x000c4093    0xbcf8b ./Drivers/STM32F4xx_HAL_Driver/Src/stm32f4xx_hal_pcd.o
 .debug_str     0x000c4093    0xbc87b ./Drivers/STM32F4xx_HAL_Driver/Src/stm32f4xx_hal_pcd_ex.o
 .debug_str     0x000c4093    0xbc8e1 ./Drivers/STM32F4xx_HAL_Driver/Src/stm32f4xx_hal_rcc.o
 .debug_str     0x000c4093    0xbce66 ./Drivers/STM32F4xx_HAL_Driver/Src/stm32f4xx_ll_usb.o
 .debug_str     0x000c4093    0xc1529 ./Middlewares/ST/STM32_USB_Device_Library/Class/CDC/Src/usbd_cdc.o
 .debug_str     0x000c4093    0xc0e82 ./Middlewares/ST/STM32_USB_Device_Library/Core/Src/usbd_core.o
 .debug_str     0x000c4093    0xc0cad ./Middlewares/ST/STM32_USB_Device_Library/Core/Src/usbd_ctlreq.o
 .debug_str     0x000c4093    0xc0b82 ./Middlewares/ST/STM32_USB_Device_Library/Core/Src/usbd_ioreq.o
 .debug_str     0x000c4093    0xc0f35 ./USB_DEVICE/App/usb_device.o
 .debug_str     0x000c4093    0xc0f8d ./USB_DEVICE/App/usbd_cdc_if.o
 .debug_str     0x000c4093    0xc0a7a ./USB_DEVICE/App/usbd_desc.o
 .debug_str     0x000c4093    0xc1d77 ./USB_DEVICE/Target/usbd_conf.o

.comment        0x00000000       0x43
 .comment       0x00000000       0x43 ./Core/Src/main.o
                                 0x44 (size before relaxing)
 .comment       0x00000043       0x44 ./Core/Src/stm32f4xx_hal_msp.o
 .comment       0x00000043       0x44 ./Core/Src/stm32f4xx_it.o
 .comment       0x00000043       0x44 ./Core/Src/system_stm32f4xx.o
 .comment       0x00000043       0x44 ./Drivers/STM32F4xx_HAL_Driver/Src/stm32f4xx_hal.o
 .comment       0x00000043       0x44 ./Drivers/STM32F4xx_HAL_Driver/Src/stm32f4xx_hal_cortex.o
 .comment       0x00000043       0x44 ./Drivers/STM32F4xx_HAL_Driver/Src/stm32f4xx_hal_gpio.o
 .comment       0x00000043       0x44 ./Drivers/STM32F4xx_HAL_Driver/Src/stm32f4xx_hal_pcd.o
 .comment       0x00000043       0x44 ./Drivers/STM32F4xx_HAL_Driver/Src/stm32f4xx_hal_pcd_ex.o
 .comment       0x00000043       0x44 ./Drivers/STM32F4xx_HAL_Driver/Src/stm32f4xx_hal_rcc.o
 .comment       0x00000043       0x44 ./Drivers/STM32F4xx_HAL_Driver/Src/stm32f4xx_ll_usb.o
 .comment       0x00000043       0x44 ./Middlewares/ST/STM32_USB_Device_Library/Class/CDC/Src/usbd_cdc.o
 .comment       0x00000043       0x44 ./Middlewares/ST/STM32_USB_Device_Library/Core/Src/usbd_core.o
 .comment       0x00000043       0x44 ./Middlewares/ST/STM32_USB_Device_Library/Core/Src/usbd_ctlreq.o
 .comment       0x00000043       0x44 ./Middlewares/ST/STM32_USB_Device_Library/Core/Src/usbd_ioreq.o
 .comment       0x00000043       0x44 ./USB_DEVICE/App/usb_device.o
 .comment       0x00000043       0x44 ./USB_DEVICE/App/usbd_cdc_if.o
 .comment       0x00000043       0x44 ./USB_DEVICE/App/usbd_desc.o
 .comment       0x00000043       0x44 ./USB_DEVICE/Target/usbd_conf.o

.debug_frame    0x00000000     0x2cf4
 .debug_frame   0x00000000       0xb4 ./Core/Src/main.o
 .debug_frame   0x000000b4       0x38 ./Core/Src/stm32f4xx_hal_msp.o
 .debug_frame   0x000000ec      0x120 ./Core/Src/stm32f4xx_it.o
 .debug_frame   0x0000020c       0x58 ./Core/Src/system_stm32f4xx.o
 .debug_frame   0x00000264      0x374 ./Drivers/STM32F4xx_HAL_Driver/Src/stm32f4xx_hal.o
 .debug_frame   0x000005d8      0x508 ./Drivers/STM32F4xx_HAL_Driver/Src/stm32f4xx_hal_cortex.o
 .debug_frame   0x00000ae0      0x14c ./Drivers/STM32F4xx_HAL_Driver/Src/stm32f4xx_hal_gpio.o
 .debug_frame   0x00000c2c      0x5b8 ./Drivers/STM32F4xx_HAL_Driver/Src/stm32f4xx_hal_pcd.o
 .debug_frame   0x000011e4       0xb0 ./Drivers/STM32F4xx_HAL_Driver/Src/stm32f4xx_hal_pcd_ex.o
 .debug_frame   0x00001294      0x1f4 ./Drivers/STM32F4xx_HAL_Driver/Src/stm32f4xx_hal_rcc.o
 .debug_frame   0x00001488      0x7c0 ./Drivers/STM32F4xx_HAL_Driver/Src/stm32f4xx_ll_usb.o
 .debug_frame   0x00001c48      0x23c ./Middlewares/ST/STM32_USB_Device_Library/Class/CDC/Src/usbd_cdc.o
 .debug_frame   0x00001e84      0x390 ./Middlewares/ST/STM32_USB_Device_Library/Core/Src/usbd_core.o
 .debug_frame   0x00002214      0x23c ./Middlewares/ST/STM32_USB_Device_Library/Core/Src/usbd_ctlreq.o
 .debug_frame   0x00002450      0x10c ./Middlewares/ST/STM32_USB_Device_Library/Core/Src/usbd_ioreq.o
 .debug_frame   0x0000255c       0x2c ./USB_DEVICE/App/usb_device.o
 .debug_frame   0x00002588       0xe4 ./USB_DEVICE/App/usbd_cdc_if.o
 .debug_frame   0x0000266c      0x160 ./USB_DEVICE/App/usbd_desc.o
 .debug_frame   0x000027cc      0x47c ./USB_DEVICE/Target/usbd_conf.o
 .debug_frame   0x00002c48       0x20 C:/ST/STM32CubeIDE_1.19.0/STM32CubeIDE/plugins/com.st.stm32cube.ide.mcu.externaltools.gnu-tools-for-stm32.13.3.rel1.win32_1.0.0.202411081344/tools/bin/../lib/gcc/arm-none-eabi/13.3.1/../../../../arm-none-eabi/lib/thumb/v7e-m+fp/hard\libc_nano.a(libc_a-memset.o)
 .debug_frame   0x00002c68       0x2c C:/ST/STM32CubeIDE_1.19.0/STM32CubeIDE/plugins/com.st.stm32cube.ide.mcu.externaltools.gnu-tools-for-stm32.13.3.rel1.win32_1.0.0.202411081344/tools/bin/../lib/gcc/arm-none-eabi/13.3.1/../../../../arm-none-eabi/lib/thumb/v7e-m+fp/hard\libc_nano.a(libc_a-init.o)
 .debug_frame   0x00002c94       0x2c C:/ST/STM32CubeIDE_1.19.0/STM32CubeIDE/plugins/com.st.stm32cube.ide.mcu.externaltools.gnu-tools-for-stm32.13.3.rel1.win32_1.0.0.202411081344/tools/bin/../lib/gcc/arm-none-eabi/13.3.1/thumb/v7e-m+fp/hard\libgcc.a(_aeabi_uldivmod.o)
 .debug_frame   0x00002cc0       0x34 C:/ST/STM32CubeIDE_1.19.0/STM32CubeIDE/plugins/com.st.stm32cube.ide.mcu.externaltools.gnu-tools-for-stm32.13.3.rel1.win32_1.0.0.202411081344/tools/bin/../lib/gcc/arm-none-eabi/13.3.1/thumb/v7e-m+fp/hard\libgcc.a(_udivmoddi4.o)

.debug_line_str
                0x00000000       0x64
 .debug_line_str
                0x00000000       0x64 ./Core/Startup/startup_stm32f407vetx.o
