Archive member included to satisfy reference by file (symbol)

C:/ST/STM32CubeIDE_1.19.0/STM32CubeIDE/plugins/com.st.stm32cube.ide.mcu.externaltools.gnu-tools-for-stm32.13.3.rel1.win32_1.0.0.202411081344/tools/bin/../lib/gcc/arm-none-eabi/13.3.1/../../../../arm-none-eabi/lib/thumb/v7e-m+fp/hard\libc_nano.a(libc_a-exit.o)
                              C:/ST/STM32CubeIDE_1.19.0/STM32CubeIDE/plugins/com.st.stm32cube.ide.mcu.externaltools.gnu-tools-for-stm32.13.3.rel1.win32_1.0.0.202411081344/tools/bin/../lib/gcc/arm-none-eabi/13.3.1/../../../../arm-none-eabi/lib/thumb/v7e-m+fp/hard/crt0.o (exit)
C:/ST/STM32CubeIDE_1.19.0/STM32CubeIDE/plugins/com.st.stm32cube.ide.mcu.externaltools.gnu-tools-for-stm32.13.3.rel1.win32_1.0.0.202411081344/tools/bin/../lib/gcc/arm-none-eabi/13.3.1/../../../../arm-none-eabi/lib/thumb/v7e-m+fp/hard\libc_nano.a(libc_a-findfp.o)
                              C:/ST/STM32CubeIDE_1.19.0/STM32CubeIDE/plugins/com.st.stm32cube.ide.mcu.externaltools.gnu-tools-for-stm32.13.3.rel1.win32_1.0.0.202411081344/tools/bin/../lib/gcc/arm-none-eabi/13.3.1/../../../../arm-none-eabi/lib/thumb/v7e-m+fp/hard\libc_nano.a(libc_a-exit.o) (__stdio_exit_handler)
C:/ST/STM32CubeIDE_1.19.0/STM32CubeIDE/plugins/com.st.stm32cube.ide.mcu.externaltools.gnu-tools-for-stm32.13.3.rel1.win32_1.0.0.202411081344/tools/bin/../lib/gcc/arm-none-eabi/13.3.1/../../../../arm-none-eabi/lib/thumb/v7e-m+fp/hard\libc_nano.a(libc_a-fwalk.o)
                              C:/ST/STM32CubeIDE_1.19.0/STM32CubeIDE/plugins/com.st.stm32cube.ide.mcu.externaltools.gnu-tools-for-stm32.13.3.rel1.win32_1.0.0.202411081344/tools/bin/../lib/gcc/arm-none-eabi/13.3.1/../../../../arm-none-eabi/lib/thumb/v7e-m+fp/hard\libc_nano.a(libc_a-findfp.o) (_fwalk_sglue)
C:/ST/STM32CubeIDE_1.19.0/STM32CubeIDE/plugins/com.st.stm32cube.ide.mcu.externaltools.gnu-tools-for-stm32.13.3.rel1.win32_1.0.0.202411081344/tools/bin/../lib/gcc/arm-none-eabi/13.3.1/../../../../arm-none-eabi/lib/thumb/v7e-m+fp/hard\libc_nano.a(libc_a-printf.o)
                              ./Core/Src/PICKING_AUTONOMOUS.o (printf)
C:/ST/STM32CubeIDE_1.19.0/STM32CubeIDE/plugins/com.st.stm32cube.ide.mcu.externaltools.gnu-tools-for-stm32.13.3.rel1.win32_1.0.0.202411081344/tools/bin/../lib/gcc/arm-none-eabi/13.3.1/../../../../arm-none-eabi/lib/thumb/v7e-m+fp/hard\libc_nano.a(libc_a-puts.o)
                              ./Core/Src/PICKING_AUTONOMOUS.o (puts)
C:/ST/STM32CubeIDE_1.19.0/STM32CubeIDE/plugins/com.st.stm32cube.ide.mcu.externaltools.gnu-tools-for-stm32.13.3.rel1.win32_1.0.0.202411081344/tools/bin/../lib/gcc/arm-none-eabi/13.3.1/../../../../arm-none-eabi/lib/thumb/v7e-m+fp/hard\libc_nano.a(libc_a-sprintf.o)
                              ./Core/Src/STEP_SERVO.o (sprintf)
C:/ST/STM32CubeIDE_1.19.0/STM32CubeIDE/plugins/com.st.stm32cube.ide.mcu.externaltools.gnu-tools-for-stm32.13.3.rel1.win32_1.0.0.202411081344/tools/bin/../lib/gcc/arm-none-eabi/13.3.1/../../../../arm-none-eabi/lib/thumb/v7e-m+fp/hard\libc_nano.a(libc_a-sscanf.o)
                              ./Core/Src/PS4_UART.o (sscanf)
C:/ST/STM32CubeIDE_1.19.0/STM32CubeIDE/plugins/com.st.stm32cube.ide.mcu.externaltools.gnu-tools-for-stm32.13.3.rel1.win32_1.0.0.202411081344/tools/bin/../lib/gcc/arm-none-eabi/13.3.1/../../../../arm-none-eabi/lib/thumb/v7e-m+fp/hard\libc_nano.a(libc_a-stdio.o)
                              C:/ST/STM32CubeIDE_1.19.0/STM32CubeIDE/plugins/com.st.stm32cube.ide.mcu.externaltools.gnu-tools-for-stm32.13.3.rel1.win32_1.0.0.202411081344/tools/bin/../lib/gcc/arm-none-eabi/13.3.1/../../../../arm-none-eabi/lib/thumb/v7e-m+fp/hard\libc_nano.a(libc_a-findfp.o) (__sread)
C:/ST/STM32CubeIDE_1.19.0/STM32CubeIDE/plugins/com.st.stm32cube.ide.mcu.externaltools.gnu-tools-for-stm32.13.3.rel1.win32_1.0.0.202411081344/tools/bin/../lib/gcc/arm-none-eabi/13.3.1/../../../../arm-none-eabi/lib/thumb/v7e-m+fp/hard\libc_nano.a(libc_a-wbuf.o)
                              C:/ST/STM32CubeIDE_1.19.0/STM32CubeIDE/plugins/com.st.stm32cube.ide.mcu.externaltools.gnu-tools-for-stm32.13.3.rel1.win32_1.0.0.202411081344/tools/bin/../lib/gcc/arm-none-eabi/13.3.1/../../../../arm-none-eabi/lib/thumb/v7e-m+fp/hard\libc_nano.a(libc_a-puts.o) (__swbuf_r)
C:/ST/STM32CubeIDE_1.19.0/STM32CubeIDE/plugins/com.st.stm32cube.ide.mcu.externaltools.gnu-tools-for-stm32.13.3.rel1.win32_1.0.0.202411081344/tools/bin/../lib/gcc/arm-none-eabi/13.3.1/../../../../arm-none-eabi/lib/thumb/v7e-m+fp/hard\libc_nano.a(libc_a-wsetup.o)
                              C:/ST/STM32CubeIDE_1.19.0/STM32CubeIDE/plugins/com.st.stm32cube.ide.mcu.externaltools.gnu-tools-for-stm32.13.3.rel1.win32_1.0.0.202411081344/tools/bin/../lib/gcc/arm-none-eabi/13.3.1/../../../../arm-none-eabi/lib/thumb/v7e-m+fp/hard\libc_nano.a(libc_a-puts.o) (__swsetup_r)
[...]
Memory Configuration

Name             Origin             Length             Attributes
CCMRAM           0x10000000         0x00010000         xrw
RAM              0x20000000         0x00020000         xrw
FLASH            0x08000000         0x00080000         xr
*default*        0x00000000         0xffffffff

Linker script and memory map

LOAD C:/ST/STM32CubeIDE_1.19.0/STM32CubeIDE/plugins/com.st.stm32cube.ide.mcu.externaltools.gnu-tools-for-stm32.13.3.rel1.win32_1.0.0.202411081344/tools/bin/../lib/gcc/arm-none-eabi/13.3.1/thumb/v7e-m+fp/hard/crti.o
LOAD C:/ST/STM32CubeIDE_1.19.0/STM32CubeIDE/plugins/com.st.stm32cube.ide.mcu.externaltools.gnu-tools-for-stm32.13.3.rel1.win32_1.0.0.202411081344/tools/bin/../lib/gcc/arm-none-eabi/13.3.1/thumb/v7e-m+fp/hard/crtbegin.o
LOAD C:/ST/STM32CubeIDE_1.19.0/STM32CubeIDE/plugins/com.st.stm32cube.ide.mcu.externaltools.gnu-tools-for-stm32.13.3.rel1.win32_1.0.0.202411081344/tools/bin/../lib/gcc/arm-none-eabi/13.3.1/../../../../arm-none-eabi/lib/thumb/v7e-m+fp/hard/crt0.o
LOAD ./Core/Src/DMA_HANDLER.o
LOAD ./Core/Src/PICKING_AUTONOMOUS.o
LOAD ./Core/Src/PS4_BUS.o
LOAD ./Core/Src/PS4_UART.o
LOAD ./Core/Src/STEP_SERVO.o
LOAD ./Core/Src/STS_CTRL.o
LOAD ./Core/Src/TIMER_DELAY.o
LOAD ./Core/Src/VL53L1X_api.o
LOAD ./Core/Src/VL53L1X_calibration.o
LOAD ./Core/Src/locomotion.o
LOAD ./Core/Src/main.o
LOAD ./Core/Src/steprrr.o
LOAD ./Core/Src/stm32f4xx_hal_msp.o
LOAD ./Core/Src/stm32f4xx_it.o
LOAD ./Core/Src/syscalls.o
LOAD ./Core/Src/sysmem.o
LOAD ./Core/Src/system_stm32f4xx.o
LOAD ./Core/Src/usb_printf.o
LOAD ./Core/Src/vl53l1_platform.o
LOAD ./Core/Startup/startup_stm32f407vetx.o
LOAD ./Drivers/STM32F4xx_HAL_Driver/Src/stm32f4xx_hal.o
LOAD ./Drivers/STM32F4xx_HAL_Driver/Src/stm32f4xx_hal_cortex.o
LOAD ./Drivers/STM32F4xx_HAL_Driver/Src/stm32f4xx_hal_dma.o
LOAD ./Drivers/STM32F4xx_HAL_Driver/Src/stm32f4xx_hal_dma_ex.o
LOAD ./Drivers/STM32F4xx_HAL_Driver/Src/stm32f4xx_hal_exti.o
LOAD ./Drivers/STM32F4xx_HAL_Driver/Src/stm32f4xx_hal_flash.o
LOAD ./Drivers/STM32F4xx_HAL_Driver/Src/stm32f4xx_hal_flash_ex.o
LOAD ./Drivers/STM32F4xx_HAL_Driver/Src/stm32f4xx_hal_flash_ramfunc.o
LOAD ./Drivers/STM32F4xx_HAL_Driver/Src/stm32f4xx_hal_gpio.o
LOAD ./Drivers/STM32F4xx_HAL_Driver/Src/stm32f4xx_hal_i2c.o
LOAD ./Drivers/STM32F4xx_HAL_Driver/Src/stm32f4xx_hal_i2c_ex.o
LOAD ./Drivers/STM32F4xx_HAL_Driver/Src/stm32f4xx_hal_pcd.o
LOAD ./Drivers/STM32F4xx_HAL_Driver/Src/stm32f4xx_hal_pcd_ex.o
LOAD ./Drivers/STM32F4xx_HAL_Driver/Src/stm32f4xx_hal_pwr.o
LOAD ./Drivers/STM32F4xx_HAL_Driver/Src/stm32f4xx_hal_pwr_ex.o
LOAD ./Drivers/STM32F4xx_HAL_Driver/Src/stm32f4xx_hal_rcc.o
LOAD ./Drivers/STM32F4xx_HAL_Driver/Src/stm32f4xx_hal_rcc_ex.o
LOAD ./Drivers/STM32F4xx_HAL_Driver/Src/stm32f4xx_hal_tim.o
LOAD ./Drivers/STM32F4xx_HAL_Driver/Src/stm32f4xx_hal_tim_ex.o
LOAD ./Drivers/STM32F4xx_HAL_Driver/Src/stm32f4xx_hal_uart.o
LOAD ./Drivers/STM32F4xx_HAL_Driver/Src/stm32f4xx_ll_usb.o
LOAD ./Middlewares/ST/STM32_USB_Device_Library/Class/CDC/Src/usbd_cdc.o
LOAD ./Middlewares/ST/STM32_USB_Device_Library/Core/Src/usbd_core.o
LOAD ./Middlewares/ST/STM32_USB_Device_Library/Core/Src/usbd_ctlreq.o
LOAD ./Middlewares/ST/STM32_USB_Device_Library/Core/Src/usbd_ioreq.o
LOAD ./USB_DEVICE/App/usb_device.o
LOAD ./USB_DEVICE/App/usbd_cdc_if.o
LOAD ./USB_DEVICE/App/usbd_desc.o
LOAD ./USB_DEVICE/Target/usbd_conf.o
START GROUP
LOAD C:/ST/STM32CubeIDE_1.19.0/STM32CubeIDE/plugins/com.st.stm32cube.ide.mcu.externaltools.gnu-tools-for-stm32.13.3.rel1.win32_1.0.0.202411081344/tools/bin/../lib/gcc/arm-none-eabi/13.3.1/../../../../arm-none-eabi/lib/thumb/v7e-m+fp/hard\libc_nano.a
LOAD C:/ST/STM32CubeIDE_1.19.0/STM32CubeIDE/plugins/com.st.stm32cube.ide.mcu.externaltools.gnu-tools-for-stm32.13.3.rel1.win32_1.0.0.202411081344/tools/bin/../lib/gcc/arm-none-eabi/13.3.1/../../../../arm-none-eabi/lib/thumb/v7e-m+fp/hard\libm.a
END GROUP
START GROUP
LOAD C:/ST/STM32CubeIDE_1.19.0/STM32CubeIDE/plugins/com.st.stm32cube.ide.mcu.externaltools.gnu-tools-for-stm32.13.3.rel1.win32_1.0.0.202411081344/tools/bin/../lib/gcc/arm-none-eabi/13.3.1/thumb/v7e-m+fp/hard\libgcc.a
LOAD C:/ST/STM32CubeIDE_1.19.0/STM32CubeIDE/plugins/com.st.stm32cube.ide.mcu.externaltools.gnu-tools-for-stm32.13.3.rel1.win32_1.0.0.202411081344/tools/bin/../lib/gcc/arm-none-eabi/13.3.1/../../../../arm-none-eabi/lib/thumb/v7e-m+fp/hard\libc_nano.a
END GROUP
START GROUP
LOAD C:/ST/STM32CubeIDE_1.19.0/STM32CubeIDE/plugins/com.st.stm32cube.ide.mcu.externaltools.gnu-tools-for-stm32.13.3.rel1.win32_1.0.0.202411081344/tools/bin/../lib/gcc/arm-none-eabi/13.3.1/thumb/v7e-m+fp/hard\libgcc.a
LOAD C:/ST/STM32CubeIDE_1.19.0/STM32CubeIDE/plugins/com.st.stm32cube.ide.mcu.externaltools.gnu-tools-for-stm32.13.3.rel1.win32_1.0.0.202411081344/tools/bin/../lib/gcc/arm-none-eabi/13.3.1/../../../../arm-none-eabi/lib/thumb/v7e-m+fp/hard\libc_nano.a
LOAD C:/ST/STM32CubeIDE_1.19.0/STM32CubeIDE/plugins/com.st.stm32cube.ide.mcu.externaltools.gnu-tools-for-stm32.13.3.rel1.win32_1.0.0.202411081344/tools/bin/../lib/gcc/arm-none-eabi/13.3.1/../../../../arm-none-eabi/lib/thumb/v7e-m+fp/hard\libnosys.a
END GROUP
START GROUP
LOAD C:/ST/STM32CubeIDE_1.19.0/STM32CubeIDE/plugins/com.st.stm32cube.ide.mcu.externaltools.gnu-tools-for-stm32.13.3.rel1.win32_1.0.0.202411081344/tools/bin/../lib/gcc/arm-none-eabi/13.3.1/thumb/v7e-m+fp/hard\libgcc.a
LOAD C:/ST/STM32CubeIDE_1.19.0/STM32CubeIDE/plugins/com.st.stm32cube.ide.mcu.externaltools.gnu-tools-for-stm32.13.3.rel1.win32_1.0.0.202411081344/tools/bin/../lib/gcc/arm-none-eabi/13.3.1/../../../../arm-none-eabi/lib/thumb/v7e-m+fp/hard\libc_nano.a
LOAD C:/ST/STM32CubeIDE_1.19.0/STM32CubeIDE/plugins/com.st.stm32cube.ide.mcu.externaltools.gnu-tools-for-stm32.13.3.rel1.win32_1.0.0.202411081344/tools/bin/../lib/gcc/arm-none-eabi/13.3.1/../../../../arm-none-eabi/lib/thumb/v7e-m+fp/hard\libnosys.a
END GROUP
LOAD C:/ST/STM32CubeIDE_1.19.0/STM32CubeIDE/plugins/com.st.stm32cube.ide.mcu.externaltools.gnu-tools-for-stm32.13.3.rel1.win32_1.0.0.202411081344/tools/bin/../lib/gcc/arm-none-eabi/13.3.1/thumb/v7e-m+fp/hard/crtend.o
LOAD C:/ST/STM32CubeIDE_1.19.0/STM32CubeIDE/plugins/com.st.stm32cube.ide.mcu.externaltools.gnu-tools-for-stm32.13.3.rel1.win32_1.0.0.202411081344/tools/bin/../lib/gcc/arm-none-eabi/13.3.1/thumb/v7e-m+fp/hard/crtn.o
                0x20020000                        _estack = (ORIGIN (RAM) + LENGTH (RAM))
                0x00000200                        _Min_Heap_Size = 0x200
                0x00000400                        _Min_Stack_Size = 0x400

.isr_vector     0x08000000      0x188
                0x08000000                        . = ALIGN (0x4)
 *(.isr_vector)
 .isr_vector    0x08000000      0x188 ./Core/Startup/startup_stm32f407vetx.o
                0x08000000                g_pfnVectors
                0x08000188                        . = ALIGN (0x4)

.text           0x08000190     0xfaa4
                0x08000190                        . = ALIGN (0x4)
 *(.text)
 .text          0x08000190       0x40 C:/ST/STM32CubeIDE_1.19.0/STM32CubeIDE/plugins/com.st.stm32cube.ide.mcu.externaltools.gnu-tools-for-stm32.13.3.rel1.win32_1.0.0.202411081344/tools/bin/../lib/gcc/arm-none-eabi/13.3.1/thumb/v7e-m+fp/hard/crtbegin.o
 .text          0x080001d0       0x10 C:/ST/STM32CubeIDE_1.19.0/STM32CubeIDE/plugins/com.st.stm32cube.ide.mcu.externaltools.gnu-tools-for-stm32.13.3.rel1.win32_1.0.0.202411081344/tools/bin/../lib/gcc/arm-none-eabi/13.3.1/../../../../arm-none-eabi/lib/thumb/v7e-m+fp/hard\libc_nano.a(libc_a-strlen.o)
                0x080001d0                strlen
 .text          0x080001e0       0xa0 C:/ST/STM32CubeIDE_1.19.0/STM32CubeIDE/plugins/com.st.stm32cube.ide.mcu.externaltools.gnu-tools-for-stm32.13.3.rel1.win32_1.0.0.202411081344/tools/bin/../lib/gcc/arm-none-eabi/13.3.1/../../../../arm-none-eabi/lib/thumb/v7e-m+fp/hard\libc_nano.a(libc_a-memchr.o)
                0x080001e0                memchr
 .text          0x08000280      0x378 C:/ST/STM32CubeIDE_1.19.0/STM32CubeIDE/plugins/com.st.stm32cube.ide.mcu.externaltools.gnu-tools-for-stm32.13.3.rel1.win32_1.0.0.202411081344/tools/bin/../lib/gcc/arm-none-eabi/13.3.1/thumb/v7e-m+fp/hard\libgcc.a(_arm_addsubdf3.o)
                0x08000280                __aeabi_drsub
                0x08000288                __aeabi_dsub
                0x08000288                __subdf3
                0x0800028c                __aeabi_dadd
                0x0800028c                __adddf3
                0x08000504                __floatunsidf
                0x08000504                __aeabi_ui2d
                0x08000524                __floatsidf
                0x08000524                __aeabi_i2d
                0x08000548                __aeabi_f2d
                0x08000548                __extendsfdf2
                0x0800058c                __floatundidf
                0x0800058c                __aeabi_ul2d
                0x0800059c                __floatdidf
                0x0800059c                __aeabi_l2d
 .text          0x080005f8      0x424 C:/ST/STM32CubeIDE_1.19.0/STM32CubeIDE/plugins/com.st.stm32cube.ide.mcu.externaltools.gnu-tools-for-stm32.13.3.rel1.win32_1.0.0.202411081344/tools/bin/../lib/gcc/arm-none-eabi/13.3.1/thumb/v7e-m+fp/hard\libgcc.a(_arm_muldivdf3.o)
                0x080005f8                __aeabi_dmul
                0x080005f8                __muldf3
                0x0800084c                __divdf3
                0x0800084c                __aeabi_ddiv
 .text          0x08000a1c       0x40 C:/ST/STM32CubeIDE_1.19.0/STM32CubeIDE/plugins/com.st.stm32cube.ide.mcu.externaltools.gnu-tools-for-stm32.13.3.rel1.win32_1.0.0.202411081344/tools/bin/../lib/gcc/arm-none-eabi/13.3.1/thumb/v7e-m+fp/hard\libgcc.a(_arm_fixunsdfsi.o)
                0x08000a1c                __aeabi_d2uiz
                0x08000a1c                __fixunsdfsi
 .text          0x08000a5c       0x30 C:/ST/STM32CubeIDE_1.19.0/STM32CubeIDE/plugins/com.st.stm32cube.ide.mcu.externaltools.gnu-tools-for-stm32.13.3.rel1.win32_1.0.0.202411081344/tools/bin/../lib/gcc/arm-none-eabi/13.3.1/thumb/v7e-m+fp/hard\libgcc.a(_aeabi_uldivmod.o)
                0x08000a5c                __aeabi_uldivmod
 .text          0x08000a8c      0x2f8 C:/ST/STM32CubeIDE_1.19.0/STM32CubeIDE/plugins/com.st.stm32cube.ide.mcu.externaltools.gnu-tools-for-stm32.13.3.rel1.win32_1.0.0.202411081344/tools/bin/../lib/gcc/arm-none-eabi/13.3.1/thumb/v7e-m+fp/hard\libgcc.a(_udivmoddi4.o)
                0x08000a8c                __udivmoddi4
 .text          0x08000d84        0x4 C:/ST/STM32CubeIDE_1.19.0/STM32CubeIDE/plugins/com.st.stm32cube.ide.mcu.externaltools.gnu-tools-for-stm32.13.3.rel1.win32_1.0.0.202411081344/tools/bin/../lib/gcc/arm-none-eabi/13.3.1/thumb/v7e-m+fp/hard\libgcc.a(_dvmd_tls.o)
                0x08000d84                __aeabi_idiv0
                0x08000d84                __aeabi_ldiv0
 *(.text*)
 .text.HAL_UART_TxCpltCallback
                0x08000d88       0x48 ./Core/Src/DMA_HANDLER.o
                0x08000d88                HAL_UART_TxCpltCallback
 .text.HAL_TIM_PeriodElapsedCallback
                0x08000dd0       0x30 ./Core/Src/DMA_HANDLER.o
                0x08000dd0                HAL_TIM_PeriodElapsedCallback
 .text.Macro_PickSpearhead
                0x08000e00       0xdc ./Core/Src/PICKING_AUTONOMOUS.o
                0x08000e00                Macro_PickSpearhead
 .text.Check_Emergency_Stop
                0x08000edc       0x34 ./Core/Src/PICKING_AUTONOMOUS.o
                0x08000edc                Check_Emergency_Stop
 .text.Safe_CDC_Transmit
                0x08000f10       0x4c ./Core/Src/STEP_SERVO.o
 .text.STS_JogCommand
                0x08000f5c      0x6c0 ./Core/Src/STEP_SERVO.o
                0x08000f5c                STS_JogCommand
 .text.STS_AutoPickCommand
                0x0800161c      0x484 ./Core/Src/STEP_SERVO.o
                0x0800161c                STS_AutoPickCommand
 .text.STS_CalibrateEnvironment
                0x08001aa0      0x22c ./Core/Src/STEP_SERVO.o
                0x08001aa0                STS_CalibrateEnvironment
 .text.SERVO_BOOT
                0x08001ccc       0xce ./Core/Src/STEP_SERVO.o
                0x08001ccc                SERVO_BOOT
 *fill*         0x08001d9a        0x2 
 .text.STS_WritePosition
                0x08001d9c      0x12c ./Core/Src/STS_CTRL.o
                0x08001d9c                STS_WritePosition
 .text.Start_NonBlocking_Delay_us
                0x08001ec8       0x3c ./Core/Src/TIMER_DELAY.o
                0x08001ec8                Start_NonBlocking_Delay_us
 .text.Is_Delay_Finished
                0x08001f04       0x18 ./Core/Src/TIMER_DELAY.o
                0x08001f04                Is_Delay_Finished
 .text.VL53L1X_SetI2CAddress
                0x08001f1c       0x3c ./Core/Src/VL53L1X_api.o
                0x08001f1c                VL53L1X_SetI2CAddress
 .text.VL53L1X_SensorInit
                0x08001f58      0x104 ./Core/Src/VL53L1X_api.o
                0x08001f58                VL53L1X_SensorInit
 .text.VL53L1X_ClearInterrupt
                0x0800205c       0x32 ./Core/Src/VL53L1X_api.o
                0x0800205c                VL53L1X_ClearInterrupt
 .text.VL53L1X_GetInterruptPolarity
                0x0800208e       0x56 ./Core/Src/VL53L1X_api.o
                0x0800208e                VL53L1X_GetInterruptPolarity
 .text.VL53L1X_StartRanging
                0x080020e4       0x32 ./Core/Src/VL53L1X_api.o
                0x080020e4                VL53L1X_StartRanging
 .text.VL53L1X_StopRanging
                0x08002116       0x32 ./Core/Src/VL53L1X_api.o
                0x08002116                VL53L1X_StopRanging
 .text.VL53L1X_CheckForDataReady
                0x08002148       0x6e ./Core/Src/VL53L1X_api.o
                0x08002148                VL53L1X_CheckForDataReady
 .text.VL53L1X_SetTimingBudgetInMs
                0x080021b6      0x22a ./Core/Src/VL53L1X_api.o
                0x080021b6                VL53L1X_SetTimingBudgetInMs
 .text.VL53L1X_GetTimingBudgetInMs
                0x080023e0      0x10c ./Core/Src/VL53L1X_api.o
                0x080023e0                VL53L1X_GetTimingBudgetInMs
 .text.VL53L1X_SetDistanceMode
                0x080024ec      0x13a ./Core/Src/VL53L1X_api.o
                0x080024ec                VL53L1X_SetDistanceMode
 .text.VL53L1X_GetDistanceMode
                0x08002626       0x4e ./Core/Src/VL53L1X_api.o
                0x08002626                VL53L1X_GetDistanceMode
 *fill*         0x08002674        0x4 
 .text.VL53L1X_SetInterMeasurementInMs
                0x08002678       0x80 ./Core/Src/VL53L1X_api.o
                0x08002678                VL53L1X_SetInterMeasurementInMs
 .text.VL53L1X_BootState
                0x080026f8       0x40 ./Core/Src/VL53L1X_api.o
                0x080026f8                VL53L1X_BootState
 .text.VL53L1X_GetDistance
                0x08002738       0x3c ./Core/Src/VL53L1X_api.o
                0x08002738                VL53L1X_GetDistance
 .text.VL53L1X_GetRangeStatus
                0x08002774       0x5c ./Core/Src/VL53L1X_api.o
                0x08002774                VL53L1X_GetRangeStatus
 .text.VL53L1X_SetDistanceThreshold
                0x080027d0       0xc4 ./Core/Src/VL53L1X_api.o
                0x080027d0                VL53L1X_SetDistanceThreshold
 .text.VL53L1X_SetROI
                0x08002894       0xae ./Core/Src/VL53L1X_api.o
                0x08002894                VL53L1X_SetROI
 *fill*         0x08002942        0x2 
 .text.Drive_Motor_Hardware
                0x08002944       0x9c ./Core/Src/locomotion.o
                0x08002944                Drive_Motor_Hardware
 .text.Mechanum_DriveStraight
                0x080029e0       0x4c ./Core/Src/locomotion.o
                0x080029e0                Mechanum_DriveStraight
 .text.main     0x08002a2c      0x21c ./Core/Src/main.o
                0x08002a2c                main
 .text.SystemClock_Config
                0x08002c48       0xd4 ./Core/Src/main.o
                0x08002c48                SystemClock_Config
 .text.MX_I2C1_Init
                0x08002d1c       0x5c ./Core/Src/main.o
 .text.MX_TIM1_Init
                0x08002d78       0xb0 ./Core/Src/main.o
 .text.MX_TIM2_Init
                0x08002e28      0x12c ./Core/Src/main.o
 .text.MX_TIM3_Init
                0x08002f54       0xa8 ./Core/Src/main.o
 .text.MX_TIM4_Init
                0x08002ffc       0xa8 ./Core/Src/main.o
 .text.MX_TIM6_Init
                0x080030a4       0x6c ./Core/Src/main.o
 .text.MX_TIM8_Init
                0x08003110       0xb0 ./Core/Src/main.o
 .text.MX_USART1_UART_Init
                0x080031c0       0x54 ./Core/Src/main.o
 .text.MX_USART2_UART_Init
                0x08003214       0x54 ./Core/Src/main.o
 .text.MX_DMA_Init
                0x08003268       0x8c ./Core/Src/main.o
 .text.MX_GPIO_Init
                0x080032f4      0x168 ./Core/Src/main.o
 .text.Error_Handler
                0x0800345c        0xc ./Core/Src/main.o
                0x0800345c                Error_Handler
 .text.HAL_MspInit
                0x08003468       0x50 ./Core/Src/stm32f4xx_hal_msp.o
                0x08003468                HAL_MspInit
 .text.HAL_I2C_MspInit
                0x080034b8       0x90 ./Core/Src/stm32f4xx_hal_msp.o
                0x080034b8                HAL_I2C_MspInit
 .text.HAL_TIM_Encoder_MspInit
                0x08003548      0x1d8 ./Core/Src/stm32f4xx_hal_msp.o
                0x08003548                HAL_TIM_Encoder_MspInit
 .text.HAL_TIM_Base_MspInit
                0x08003720       0x78 ./Core/Src/stm32f4xx_hal_msp.o
                0x08003720                HAL_TIM_Base_MspInit
 .text.HAL_TIM_MspPostInit
                0x08003798       0x70 ./Core/Src/stm32f4xx_hal_msp.o
                0x08003798                HAL_TIM_MspPostInit
 .text.HAL_UART_MspInit
                0x08003808      0x2b0 ./Core/Src/stm32f4xx_hal_msp.o
                0x08003808                HAL_UART_MspInit
 .text.NMI_Handler
                0x08003ab8        0x8 ./Core/Src/stm32f4xx_it.o
                0x08003ab8                NMI_Handler
 .text.HardFault_Handler
                0x08003ac0        0x8 ./Core/Src/stm32f4xx_it.o
                0x08003ac0                HardFault_Handler
 .text.MemManage_Handler
                0x08003ac8        0x8 ./Core/Src/stm32f4xx_it.o
                0x08003ac8                MemManage_Handler
 .text.BusFault_Handler
                0x08003ad0        0x8 ./Core/Src/stm32f4xx_it.o
                0x08003ad0                BusFault_Handler
 .text.UsageFault_Handler
                0x08003ad8        0x8 ./Core/Src/stm32f4xx_it.o
                0x08003ad8                UsageFault_Handler
 .text.SVC_Handler
                0x08003ae0        0xe ./Core/Src/stm32f4xx_it.o
                0x08003ae0                SVC_Handler
 .text.DebugMon_Handler
                0x08003aee        0xe ./Core/Src/stm32f4xx_it.o
                0x08003aee                DebugMon_Handler
 .text.PendSV_Handler
                0x08003afc        0xe ./Core/Src/stm32f4xx_it.o
                0x08003afc                PendSV_Handler
 .text.SysTick_Handler
                0x08003b0a        0xc ./Core/Src/stm32f4xx_it.o
                0x08003b0a                SysTick_Handler
 *fill*         0x08003b16        0x2 
 .text.DMA1_Stream5_IRQHandler
                0x08003b18       0x14 ./Core/Src/stm32f4xx_it.o
                0x08003b18                DMA1_Stream5_IRQHandler
 .text.DMA1_Stream6_IRQHandler
                0x08003b2c       0x14 ./Core/Src/stm32f4xx_it.o
                0x08003b2c                DMA1_Stream6_IRQHandler
 .text.USART1_IRQHandler
                0x08003b40       0x14 ./Core/Src/stm32f4xx_it.o
                0x08003b40                USART1_IRQHandler
 .text.USART2_IRQHandler
                0x08003b54       0x14 ./Core/Src/stm32f4xx_it.o
                0x08003b54                USART2_IRQHandler
 .text.TIM6_DAC_IRQHandler
                0x08003b68       0x14 ./Core/Src/stm32f4xx_it.o
                0x08003b68                TIM6_DAC_IRQHandler
 .text.DMA2_Stream2_IRQHandler
                0x08003b7c       0x14 ./Core/Src/stm32f4xx_it.o
                0x08003b7c                DMA2_Stream2_IRQHandler
 .text.OTG_FS_IRQHandler
                0x08003b90       0x14 ./Core/Src/stm32f4xx_it.o
                0x08003b90                OTG_FS_IRQHandler
 .text.DMA2_Stream7_IRQHandler
                0x08003ba4       0x14 ./Core/Src/stm32f4xx_it.o
                0x08003ba4                DMA2_Stream7_IRQHandler
 .text._read    0x08003bb8       0x3a ./Core/Src/syscalls.o
                0x08003bb8                _read
 .text._close   0x08003bf2       0x18 ./Core/Src/syscalls.o
                0x08003bf2                _close
 .text._fstat   0x08003c0a       0x20 ./Core/Src/syscalls.o
                0x08003c0a                _fstat
 .text._isatty  0x08003c2a       0x16 ./Core/Src/syscalls.o
                0x08003c2a                _isatty
 .text._lseek   0x08003c40       0x1a ./Core/Src/syscalls.o
                0x08003c40                _lseek
 *fill*         0x08003c5a        0x2 
 .text._sbrk    0x08003c5c       0x6c ./Core/Src/sysmem.o
                0x08003c5c                _sbrk
 .text.SystemInit
                0x08003cc8       0x24 ./Core/Src/system_stm32f4xx.o
                0x08003cc8                SystemInit
 .text._write   0x08003cec       0x28 ./Core/Src/usb_printf.o
                0x08003cec                _write
 .text.VL53L1_WriteMulti
                0x08003d14       0x3c ./Core/Src/vl53l1_platform.o
                0x08003d14                VL53L1_WriteMulti
 .text.VL53L1_ReadMulti
                0x08003d50       0x3c ./Core/Src/vl53l1_platform.o
                0x08003d50                VL53L1_ReadMulti
 .text.VL53L1_WrByte
                0x08003d8c       0x3c ./Core/Src/vl53l1_platform.o
                0x08003d8c                VL53L1_WrByte
 .text.VL53L1_WrWord
                0x08003dc8       0x3a ./Core/Src/vl53l1_platform.o
                0x08003dc8                VL53L1_WrWord
 .text.VL53L1_WrDWord
                0x08003e02       0x46 ./Core/Src/vl53l1_platform.o
                0x08003e02                VL53L1_WrDWord
 .text.VL53L1_RdByte
                0x08003e48       0x38 ./Core/Src/vl53l1_platform.o
                0x08003e48                VL53L1_RdByte
 .text.VL53L1_RdWord
                0x08003e80       0x44 ./Core/Src/vl53l1_platform.o
                0x08003e80                VL53L1_RdWord
 .text.VL53L1_WaitMs
                0x08003ec4       0x1e ./Core/Src/vl53l1_platform.o
                0x08003ec4                VL53L1_WaitMs
 .text.VL53L1X_GetStableAverage
                0x08003ee2       0x98 ./Core/Src/vl53l1_platform.o
                0x08003ee2                VL53L1X_GetStableAverage
 *fill*         0x08003f7a        0x2 
 .text.VL53L1X_MultiBoot
                0x08003f7c      0x34c ./Core/Src/vl53l1_platform.o
                0x08003f7c                VL53L1X_MultiBoot
 .text.Scan_I2C_Bus
                0x080042c8       0x98 ./Core/Src/vl53l1_platform.o
                0x080042c8                Scan_I2C_Bus
 .text.Reset_Handler
                0x08004360       0x50 ./Core/Startup/startup_stm32f407vetx.o
                0x08004360                Reset_Handler
 .text.Default_Handler
                0x080043b0        0x2 ./Core/Startup/startup_stm32f407vetx.o
                0x080043b0                RTC_Alarm_IRQHandler
                0x080043b0                HASH_RNG_IRQHandler
                0x080043b0                EXTI2_IRQHandler
                0x080043b0                TIM8_CC_IRQHandler
                0x080043b0                TIM1_CC_IRQHandler
                0x080043b0                DMA2_Stream5_IRQHandler
                0x080043b0                PVD_IRQHandler
                0x080043b0                SDIO_IRQHandler
                0x080043b0                TAMP_STAMP_IRQHandler
                0x080043b0                CAN2_RX1_IRQHandler
                0x080043b0                EXTI3_IRQHandler
                0x080043b0                TIM8_TRG_COM_TIM14_IRQHandler
                0x080043b0                TIM1_UP_TIM10_IRQHandler
                0x080043b0                TIM8_UP_TIM13_IRQHandler
                0x080043b0                I2C3_ER_IRQHandler
                0x080043b0                EXTI0_IRQHandler
                0x080043b0                I2C2_EV_IRQHandler
                0x080043b0                DMA1_Stream2_IRQHandler
                0x080043b0                CAN1_RX0_IRQHandler
                0x080043b0                FPU_IRQHandler
                0x080043b0                OTG_HS_WKUP_IRQHandler
                0x080043b0                CAN2_SCE_IRQHandler
                0x080043b0                SPI1_IRQHandler
                0x080043b0                TIM1_BRK_TIM9_IRQHandler
                0x080043b0                DCMI_IRQHandler
                0x080043b0                CAN2_RX0_IRQHandler
                0x080043b0                DMA2_Stream3_IRQHandler
                0x080043b0                USART6_IRQHandler
                0x080043b0                USART3_IRQHandler
                0x080043b0                CAN1_RX1_IRQHandler
                0x080043b0                UART5_IRQHandler
                0x080043b0                DMA2_Stream0_IRQHandler
                0x080043b0                TIM4_IRQHandler
                0x080043b0                I2C1_EV_IRQHandler
                0x080043b0                DMA1_Stream1_IRQHandler
                0x080043b0                UART4_IRQHandler
                0x080043b0                TIM3_IRQHandler
                0x080043b0                RCC_IRQHandler
                0x080043b0                TIM8_BRK_TIM12_IRQHandler
                0x080043b0                Default_Handler
                0x080043b0                EXTI15_10_IRQHandler
                0x080043b0                ADC_IRQHandler
                0x080043b0                DMA1_Stream7_IRQHandler
                0x080043b0                TIM7_IRQHandler
                0x080043b0                CAN2_TX_IRQHandler
                0x080043b0                TIM5_IRQHandler
                0x080043b0                I2C3_EV_IRQHandler
                0x080043b0                EXTI9_5_IRQHandler
                0x080043b0                RTC_WKUP_IRQHandler
                0x080043b0                ETH_WKUP_IRQHandler
                0x080043b0                SPI2_IRQHandler
                0x080043b0                OTG_HS_EP1_IN_IRQHandler
                0x080043b0                DMA1_Stream0_IRQHandler
                0x080043b0                CAN1_TX_IRQHandler
                0x080043b0                EXTI4_IRQHandler
                0x080043b0                FSMC_IRQHandler
                0x080043b0                ETH_IRQHandler
                0x080043b0                OTG_HS_EP1_OUT_IRQHandler
                0x080043b0                WWDG_IRQHandler
                0x080043b0                TIM2_IRQHandler
                0x080043b0                OTG_FS_WKUP_IRQHandler
                0x080043b0                TIM1_TRG_COM_TIM11_IRQHandler
                0x080043b0                OTG_HS_IRQHandler
                0x080043b0                EXTI1_IRQHandler
                0x080043b0                I2C2_ER_IRQHandler
                0x080043b0                DMA2_Stream1_IRQHandler
                0x080043b0                CAN1_SCE_IRQHandler
                0x080043b0                FLASH_IRQHandler
                0x080043b0                DMA2_Stream4_IRQHandler
                0x080043b0                SPI3_IRQHandler
                0x080043b0                DMA1_Stream4_IRQHandler
                0x080043b0                I2C1_ER_IRQHandler
                0x080043b0                DMA2_Stream6_IRQHandler
                0x080043b0                DMA1_Stream3_IRQHandler
 *fill*         0x080043b2        0x2 
 .text.HAL_Init
                0x080043b4       0x44 ./Drivers/STM32F4xx_HAL_Driver/Src/stm32f4xx_hal.o
                0x080043b4                HAL_Init
 .text.HAL_InitTick
                0x080043f8       0x60 ./Drivers/STM32F4xx_HAL_Driver/Src/stm32f4xx_hal.o
                0x080043f8                HAL_InitTick
 .text.HAL_IncTick
                0x08004458       0x28 ./Drivers/STM32F4xx_HAL_Driver/Src/stm32f4xx_hal.o
                0x08004458                HAL_IncTick
 .text.HAL_GetTick
                0x08004480       0x18 ./Drivers/STM32F4xx_HAL_Driver/Src/stm32f4xx_hal.o
                0x08004480                HAL_GetTick
 .text.HAL_Delay
                0x08004498       0x48 ./Drivers/STM32F4xx_HAL_Driver/Src/stm32f4xx_hal.o
                0x08004498                HAL_Delay
 .text.__NVIC_SetPriorityGrouping
                0x080044e0       0x48 ./Drivers/STM32F4xx_HAL_Driver/Src/stm32f4xx_hal_cortex.o
 .text.__NVIC_GetPriorityGrouping
                0x08004528       0x1c ./Drivers/STM32F4xx_HAL_Driver/Src/stm32f4xx_hal_cortex.o
 .text.__NVIC_EnableIRQ
                0x08004544       0x3c ./Drivers/STM32F4xx_HAL_Driver/Src/stm32f4xx_hal_cortex.o
 .text.__NVIC_DisableIRQ
                0x08004580       0x48 ./Drivers/STM32F4xx_HAL_Driver/Src/stm32f4xx_hal_cortex.o
 .text.__NVIC_ClearPendingIRQ
                0x080045c8       0x3c ./Drivers/STM32F4xx_HAL_Driver/Src/stm32f4xx_hal_cortex.o
 .text.__NVIC_SetPriority
                0x08004604       0x54 ./Drivers/STM32F4xx_HAL_Driver/Src/stm32f4xx_hal_cortex.o
 .text.NVIC_EncodePriority
                0x08004658       0x66 ./Drivers/STM32F4xx_HAL_Driver/Src/stm32f4xx_hal_cortex.o
 *fill*         0x080046be        0x2 
 .text.SysTick_Config
                0x080046c0       0x44 ./Drivers/STM32F4xx_HAL_Driver/Src/stm32f4xx_hal_cortex.o
 .text.HAL_NVIC_SetPriorityGrouping
                0x08004704       0x16 ./Drivers/STM32F4xx_HAL_Driver/Src/stm32f4xx_hal_cortex.o
                0x08004704                HAL_NVIC_SetPriorityGrouping
 .text.HAL_NVIC_SetPriority
                0x0800471a       0x38 ./Drivers/STM32F4xx_HAL_Driver/Src/stm32f4xx_hal_cortex.o
                0x0800471a                HAL_NVIC_SetPriority
 .text.HAL_NVIC_EnableIRQ
                0x08004752       0x1c ./Drivers/STM32F4xx_HAL_Driver/Src/stm32f4xx_hal_cortex.o
                0x08004752                HAL_NVIC_EnableIRQ
 .text.HAL_NVIC_DisableIRQ
                0x0800476e       0x1c ./Drivers/STM32F4xx_HAL_Driver/Src/stm32f4xx_hal_cortex.o
                0x0800476e                HAL_NVIC_DisableIRQ
 .text.HAL_SYSTICK_Config
                0x0800478a       0x18 ./Drivers/STM32F4xx_HAL_Driver/Src/stm32f4xx_hal_cortex.o
                0x0800478a                HAL_SYSTICK_Config
 .text.HAL_NVIC_ClearPendingIRQ
                0x080047a2       0x1c ./Drivers/STM32F4xx_HAL_Driver/Src/stm32f4xx_hal_cortex.o
                0x080047a2                HAL_NVIC_ClearPendingIRQ
 *fill*         0x080047be        0x2 
 .text.HAL_DMA_Init
                0x080047c0      0x15c ./Drivers/STM32F4xx_HAL_Driver/Src/stm32f4xx_hal_dma.o
                0x080047c0                HAL_DMA_Init
 .text.HAL_DMA_Start_IT
                0x0800491c       0xb0 ./Drivers/STM32F4xx_HAL_Driver/Src/stm32f4xx_hal_dma.o
                0x0800491c                HAL_DMA_Start_IT
 .text.HAL_DMA_Abort
                0x080049cc       0xe0 ./Drivers/STM32F4xx_HAL_Driver/Src/stm32f4xx_hal_dma.o
                0x080049cc                HAL_DMA_Abort
 .text.HAL_DMA_Abort_IT
                0x08004aac       0x44 ./Drivers/STM32F4xx_HAL_Driver/Src/stm32f4xx_hal_dma.o
                0x08004aac                HAL_DMA_Abort_IT
 .text.HAL_DMA_IRQHandler
                0x08004af0      0x314 ./Drivers/STM32F4xx_HAL_Driver/Src/stm32f4xx_hal_dma.o
                0x08004af0                HAL_DMA_IRQHandler
 .text.DMA_SetConfig
                0x08004e04       0x5c ./Drivers/STM32F4xx_HAL_Driver/Src/stm32f4xx_hal_dma.o
 .text.DMA_CalcBaseAndBitshift
                0x08004e60       0x6c ./Drivers/STM32F4xx_HAL_Driver/Src/stm32f4xx_hal_dma.o
 .text.DMA_CheckFifoParam
                0x08004ecc       0xf8 ./Drivers/STM32F4xx_HAL_Driver/Src/stm32f4xx_hal_dma.o
 .text.HAL_GPIO_Init
                0x08004fc4      0x338 ./Drivers/STM32F4xx_HAL_Driver/Src/stm32f4xx_hal_gpio.o
                0x08004fc4                HAL_GPIO_Init
 .text.HAL_GPIO_WritePin
                0x080052fc       0x32 ./Drivers/STM32F4xx_HAL_Driver/Src/stm32f4xx_hal_gpio.o
                0x080052fc                HAL_GPIO_WritePin
 *fill*         0x0800532e        0x2 
 .text.HAL_I2C_Init
                0x08005330      0x288 ./Drivers/STM32F4xx_HAL_Driver/Src/stm32f4xx_hal_i2c.o
                0x08005330                HAL_I2C_Init
 .text.HAL_I2C_Mem_Write
                0x080055b8      0x1f4 ./Drivers/STM32F4xx_HAL_Driver/Src/stm32f4xx_hal_i2c.o
                0x080055b8                HAL_I2C_Mem_Write
 .text.HAL_I2C_Mem_Read
                0x080057ac      0x464 ./Drivers/STM32F4xx_HAL_Driver/Src/stm32f4xx_hal_i2c.o
                0x080057ac                HAL_I2C_Mem_Read
 .text.HAL_I2C_IsDeviceReady
                0x08005c10      0x25c ./Drivers/STM32F4xx_HAL_Driver/Src/stm32f4xx_hal_i2c.o
                0x08005c10                HAL_I2C_IsDeviceReady
 .text.I2C_RequestMemoryWrite
                0x08005e6c      0x12c ./Drivers/STM32F4xx_HAL_Driver/Src/stm32f4xx_hal_i2c.o
 .text.I2C_RequestMemoryRead
                0x08005f98      0x1d0 ./Drivers/STM32F4xx_HAL_Driver/Src/stm32f4xx_hal_i2c.o
 .text.I2C_WaitOnFlagUntilTimeout
                0x08006168       0xf4 ./Drivers/STM32F4xx_HAL_Driver/Src/stm32f4xx_hal_i2c.o
 .text.I2C_WaitOnMasterAddressFlagUntilTimeout
                0x0800625c      0x140 ./Drivers/STM32F4xx_HAL_Driver/Src/stm32f4xx_hal_i2c.o
 .text.I2C_WaitOnTXEFlagUntilTimeout
                0x0800639c       0x90 ./Drivers/STM32F4xx_HAL_Driver/Src/stm32f4xx_hal_i2c.o
 .text.I2C_WaitOnBTFFlagUntilTimeout
                0x0800642c       0x90 ./Drivers/STM32F4xx_HAL_Driver/Src/stm32f4xx_hal_i2c.o
 .text.I2C_WaitOnRXNEFlagUntilTimeout
                0x080064bc       0xba ./Drivers/STM32F4xx_HAL_Driver/Src/stm32f4xx_hal_i2c.o
 .text.I2C_IsAcknowledgeFailed
                0x08006576       0x5e ./Drivers/STM32F4xx_HAL_Driver/Src/stm32f4xx_hal_i2c.o
 .text.HAL_PCD_Init
                0x080065d4      0x21e ./Drivers/STM32F4xx_HAL_Driver/Src/stm32f4xx_hal_pcd.o
                0x080065d4                HAL_PCD_Init
 .text.HAL_PCD_Start
                0x080067f2       0x6a ./Drivers/STM32F4xx_HAL_Driver/Src/stm32f4xx_hal_pcd.o
                0x080067f2                HAL_PCD_Start
 .text.HAL_PCD_IRQHandler
                0x0800685c      0x942 ./Drivers/STM32F4xx_HAL_Driver/Src/stm32f4xx_hal_pcd.o
                0x0800685c                HAL_PCD_IRQHandler
 .text.HAL_PCD_SetAddress
                0x0800719e       0x48 ./Drivers/STM32F4xx_HAL_Driver/Src/stm32f4xx_hal_pcd.o
                0x0800719e                HAL_PCD_SetAddress
 .text.HAL_PCD_EP_Open
                0x080071e6       0xd4 ./Drivers/STM32F4xx_HAL_Driver/Src/stm32f4xx_hal_pcd.o
                0x080071e6                HAL_PCD_EP_Open
 .text.HAL_PCD_EP_Close
                0x080072ba       0x94 ./Drivers/STM32F4xx_HAL_Driver/Src/stm32f4xx_hal_pcd.o
                0x080072ba                HAL_PCD_EP_Close
 .text.HAL_PCD_EP_Receive
                0x0800734e       0x76 ./Drivers/STM32F4xx_HAL_Driver/Src/stm32f4xx_hal_pcd.o
                0x0800734e                HAL_PCD_EP_Receive
 .text.HAL_PCD_EP_GetRxCount
                0x080073c4       0x30 ./Drivers/STM32F4xx_HAL_Driver/Src/stm32f4xx_hal_pcd.o
                0x080073c4                HAL_PCD_EP_GetRxCount
 .text.HAL_PCD_EP_Transmit
                0x080073f4       0x74 ./Drivers/STM32F4xx_HAL_Driver/Src/stm32f4xx_hal_pcd.o
                0x080073f4                HAL_PCD_EP_Transmit
 .text.HAL_PCD_EP_SetStall
                0x08007468       0xc6 ./Drivers/STM32F4xx_HAL_Driver/Src/stm32f4xx_hal_pcd.o
                0x08007468                HAL_PCD_EP_SetStall
 .text.HAL_PCD_EP_ClrStall
                0x0800752e       0xac ./Drivers/STM32F4xx_HAL_Driver/Src/stm32f4xx_hal_pcd.o
                0x0800752e                HAL_PCD_EP_ClrStall
 .text.HAL_PCD_EP_Abort
                0x080075da       0x62 ./Drivers/STM32F4xx_HAL_Driver/Src/stm32f4xx_hal_pcd.o
                0x080075da                HAL_PCD_EP_Abort
 .text.PCD_WriteEmptyTxFifo
                0x0800763c      0x118 ./Drivers/STM32F4xx_HAL_Driver/Src/stm32f4xx_hal_pcd.o
 .text.PCD_EP_OutXfrComplete_int
                0x08007754      0x1d0 ./Drivers/STM32F4xx_HAL_Driver/Src/stm32f4xx_hal_pcd.o
 .text.PCD_EP_OutSetupPacket_int
                0x08007924       0x8c ./Drivers/STM32F4xx_HAL_Driver/Src/stm32f4xx_hal_pcd.o
 .text.HAL_PCDEx_SetTxFiFo
                0x080079b0       0x8e ./Drivers/STM32F4xx_HAL_Driver/Src/stm32f4xx_hal_pcd_ex.o
                0x080079b0                HAL_PCDEx_SetTxFiFo
 .text.HAL_PCDEx_SetRxFiFo
                0x08007a3e       0x22 ./Drivers/STM32F4xx_HAL_Driver/Src/stm32f4xx_hal_pcd_ex.o
                0x08007a3e                HAL_PCDEx_SetRxFiFo
 .text.HAL_PCDEx_LPM_Callback
                0x08007a60       0x18 ./Drivers/STM32F4xx_HAL_Driver/Src/stm32f4xx_hal_pcd_ex.o
                0x08007a60                HAL_PCDEx_LPM_Callback
 .text.HAL_RCC_OscConfig
                0x08007a78      0x4f0 ./Drivers/STM32F4xx_HAL_Driver/Src/stm32f4xx_hal_rcc.o
                0x08007a78                HAL_RCC_OscConfig
 .text.HAL_RCC_ClockConfig
                0x08007f68      0x1cc ./Drivers/STM32F4xx_HAL_Driver/Src/stm32f4xx_hal_rcc.o
                0x08007f68                HAL_RCC_ClockConfig
 .text.HAL_RCC_GetSysClockFreq
                0x08008134      0x20c ./Drivers/STM32F4xx_HAL_Driver/Src/stm32f4xx_hal_rcc.o
                0x08008134                HAL_RCC_GetSysClockFreq
 .text.HAL_RCC_GetHCLKFreq
                0x08008340       0x18 ./Drivers/STM32F4xx_HAL_Driver/Src/stm32f4xx_hal_rcc.o
                0x08008340                HAL_RCC_GetHCLKFreq
 .text.HAL_RCC_GetPCLK1Freq
                0x08008358       0x28 ./Drivers/STM32F4xx_HAL_Driver/Src/stm32f4xx_hal_rcc.o
                0x08008358                HAL_RCC_GetPCLK1Freq
 .text.HAL_RCC_GetPCLK2Freq
                0x08008380       0x28 ./Drivers/STM32F4xx_HAL_Driver/Src/stm32f4xx_hal_rcc.o
                0x08008380                HAL_RCC_GetPCLK2Freq
 .text.HAL_TIM_Base_Init
                0x080083a8       0x9e ./Drivers/STM32F4xx_HAL_Driver/Src/stm32f4xx_hal_tim.o
                0x080083a8                HAL_TIM_Base_Init
 *fill*         0x08008446        0x2 
 .text.HAL_TIM_Base_Start_IT
                0x08008448       0xe0 ./Drivers/STM32F4xx_HAL_Driver/Src/stm32f4xx_hal_tim.o
                0x08008448                HAL_TIM_Base_Start_IT
 .text.HAL_TIM_Base_Stop_IT
                0x08008528       0x5e ./Drivers/STM32F4xx_HAL_Driver/Src/stm32f4xx_hal_tim.o
                0x08008528                HAL_TIM_Base_Stop_IT
 .text.HAL_TIM_PWM_Init
                0x08008586       0x9e ./Drivers/STM32F4xx_HAL_Driver/Src/stm32f4xx_hal_tim.o
                0x08008586                HAL_TIM_PWM_Init
 .text.HAL_TIM_PWM_MspInit
                0x08008624       0x14 ./Drivers/STM32F4xx_HAL_Driver/Src/stm32f4xx_hal_tim.o
                0x08008624                HAL_TIM_PWM_MspInit
 .text.HAL_TIM_PWM_Start
                0x08008638      0x190 ./Drivers/STM32F4xx_HAL_Driver/Src/stm32f4xx_hal_tim.o
                0x08008638                HAL_TIM_PWM_Start
 .text.HAL_TIM_Encoder_Init
                0x080087c8      0x14c ./Drivers/STM32F4xx_HAL_Driver/Src/stm32f4xx_hal_tim.o
                0x080087c8                HAL_TIM_Encoder_Init
 .text.HAL_TIM_Encoder_Start
                0x08008914      0x11c ./Drivers/STM32F4xx_HAL_Driver/Src/stm32f4xx_hal_tim.o
                0x08008914                HAL_TIM_Encoder_Start
 .text.HAL_TIM_IRQHandler
                0x08008a30      0x1e0 ./Drivers/STM32F4xx_HAL_Driver/Src/stm32f4xx_hal_tim.o
                0x08008a30                HAL_TIM_IRQHandler
 .text.HAL_TIM_PWM_ConfigChannel
                0x08008c10      0x184 ./Drivers/STM32F4xx_HAL_Driver/Src/stm32f4xx_hal_tim.o
                0x08008c10                HAL_TIM_PWM_ConfigChannel
 .text.HAL_TIM_ConfigClockSource
                0x08008d94      0x18e ./Drivers/STM32F4xx_HAL_Driver/Src/stm32f4xx_hal_tim.o
                0x08008d94                HAL_TIM_ConfigClockSource
 .text.HAL_TIM_OC_DelayElapsedCallback
                0x08008f22       0x14 ./Drivers/STM32F4xx_HAL_Driver/Src/stm32f4xx_hal_tim.o
                0x08008f22                HAL_TIM_OC_DelayElapsedCallback
 .text.HAL_TIM_IC_CaptureCallback
                0x08008f36       0x14 ./Drivers/STM32F4xx_HAL_Driver/Src/stm32f4xx_hal_tim.o
                0x08008f36                HAL_TIM_IC_CaptureCallback
 .text.HAL_TIM_PWM_PulseFinishedCallback
                0x08008f4a       0x14 ./Drivers/STM32F4xx_HAL_Driver/Src/stm32f4xx_hal_tim.o
                0x08008f4a                HAL_TIM_PWM_PulseFinishedCallback
 .text.HAL_TIM_TriggerCallback
                0x08008f5e       0x14 ./Drivers/STM32F4xx_HAL_Driver/Src/stm32f4xx_hal_tim.o
                0x08008f5e                HAL_TIM_TriggerCallback
 *fill*         0x08008f72        0x2 
 .text.TIM_Base_SetConfig
                0x08008f74      0x14c ./Drivers/STM32F4xx_HAL_Driver/Src/stm32f4xx_hal_tim.o
                0x08008f74                TIM_Base_SetConfig
 .text.TIM_OC1_SetConfig
                0x080090c0       0xe0 ./Drivers/STM32F4xx_HAL_Driver/Src/stm32f4xx_hal_tim.o
 .text.TIM_OC2_SetConfig
                0x080091a0       0xec ./Drivers/STM32F4xx_HAL_Driver/Src/stm32f4xx_hal_tim.o
                0x080091a0                TIM_OC2_SetConfig
 .text.TIM_OC3_SetConfig
                0x0800928c       0xe8 ./Drivers/STM32F4xx_HAL_Driver/Src/stm32f4xx_hal_tim.o
 .text.TIM_OC4_SetConfig
                0x08009374       0xac ./Drivers/STM32F4xx_HAL_Driver/Src/stm32f4xx_hal_tim.o
 .text.TIM_TI1_ConfigInputStage
                0x08009420       0x5e ./Drivers/STM32F4xx_HAL_Driver/Src/stm32f4xx_hal_tim.o
 .text.TIM_TI2_ConfigInputStage
                0x0800947e       0x60 ./Drivers/STM32F4xx_HAL_Driver/Src/stm32f4xx_hal_tim.o
 .text.TIM_ITRx_SetConfig
                0x080094de       0x36 ./Drivers/STM32F4xx_HAL_Driver/Src/stm32f4xx_hal_tim.o
 .text.TIM_ETR_SetConfig
                0x08009514       0x40 ./Drivers/STM32F4xx_HAL_Driver/Src/stm32f4xx_hal_tim.o
                0x08009514                TIM_ETR_SetConfig
 .text.TIM_CCxChannelCmd
                0x08009554       0x4a ./Drivers/STM32F4xx_HAL_Driver/Src/stm32f4xx_hal_tim.o
                0x08009554                TIM_CCxChannelCmd
 *fill*         0x0800959e        0x2 
 .text.HAL_TIMEx_MasterConfigSynchronization
                0x080095a0       0xf8 ./Drivers/STM32F4xx_HAL_Driver/Src/stm32f4xx_hal_tim_ex.o
                0x080095a0                HAL_TIMEx_MasterConfigSynchronization
 .text.HAL_TIMEx_CommutCallback
                0x08009698       0x14 ./Drivers/STM32F4xx_HAL_Driver/Src/stm32f4xx_hal_tim_ex.o
                0x08009698                HAL_TIMEx_CommutCallback
 .text.HAL_TIMEx_BreakCallback
                0x080096ac       0x14 ./Drivers/STM32F4xx_HAL_Driver/Src/stm32f4xx_hal_tim_ex.o
                0x080096ac                HAL_TIMEx_BreakCallback
 .text.HAL_UART_Init
                0x080096c0       0xa0 ./Drivers/STM32F4xx_HAL_Driver/Src/stm32f4xx_hal_uart.o
                0x080096c0                HAL_UART_Init
 .text.HAL_UART_Transmit_DMA
                0x08009760       0xf8 ./Drivers/STM32F4xx_HAL_Driver/Src/stm32f4xx_hal_uart.o
                0x08009760                HAL_UART_Transmit_DMA
 .text.HAL_UART_IRQHandler
                0x08009858      0x554 ./Drivers/STM32F4xx_HAL_Driver/Src/stm32f4xx_hal_uart.o
                0x08009858                HAL_UART_IRQHandler
 .text.HAL_UART_TxHalfCpltCallback
                0x08009dac       0x14 ./Drivers/STM32F4xx_HAL_Driver/Src/stm32f4xx_hal_uart.o
                0x08009dac                HAL_UART_TxHalfCpltCallback
 .text.HAL_UART_RxCpltCallback
                0x08009dc0       0x14 ./Drivers/STM32F4xx_HAL_Driver/Src/stm32f4xx_hal_uart.o
                0x08009dc0                HAL_UART_RxCpltCallback
 .text.HAL_UART_ErrorCallback
                0x08009dd4       0x14 ./Drivers/STM32F4xx_HAL_Driver/Src/stm32f4xx_hal_uart.o
                0x08009dd4                HAL_UART_ErrorCallback
 .text.HAL_UARTEx_RxEventCallback
                0x08009de8       0x18 ./Drivers/STM32F4xx_HAL_Driver/Src/stm32f4xx_hal_uart.o
                0x08009de8                HAL_UARTEx_RxEventCallback
 .text.HAL_HalfDuplex_EnableTransmitter
                0x08009e00       0x68 ./Drivers/STM32F4xx_HAL_Driver/Src/stm32f4xx_hal_uart.o
                0x08009e00                HAL_HalfDuplex_EnableTransmitter
 .text.HAL_HalfDuplex_EnableReceiver
                0x08009e68       0x68 ./Drivers/STM32F4xx_HAL_Driver/Src/stm32f4xx_hal_uart.o
                0x08009e68                HAL_HalfDuplex_EnableReceiver
 .text.UART_DMATransmitCplt
                0x08009ed0       0x9a ./Drivers/STM32F4xx_HAL_Driver/Src/stm32f4xx_hal_uart.o
 .text.UART_DMATxHalfCplt
                0x08009f6a       0x1c ./Drivers/STM32F4xx_HAL_Driver/Src/stm32f4xx_hal_uart.o
 .text.UART_DMAError
                0x08009f86       0x94 ./Drivers/STM32F4xx_HAL_Driver/Src/stm32f4xx_hal_uart.o
 .text.UART_EndTxTransfer
                0x0800a01a       0x50 ./Drivers/STM32F4xx_HAL_Driver/Src/stm32f4xx_hal_uart.o
 .text.UART_EndRxTransfer
                0x0800a06a       0xc6 ./Drivers/STM32F4xx_HAL_Driver/Src/stm32f4xx_hal_uart.o
 .text.UART_DMAAbortOnError
                0x0800a130       0x22 ./Drivers/STM32F4xx_HAL_Driver/Src/stm32f4xx_hal_uart.o
 .text.UART_Transmit_IT
                0x0800a152       0xa0 ./Drivers/STM32F4xx_HAL_Driver/Src/stm32f4xx_hal_uart.o
 .text.UART_EndTransmit_IT
                0x0800a1f2       0x30 ./Drivers/STM32F4xx_HAL_Driver/Src/stm32f4xx_hal_uart.o
 .text.UART_Receive_IT
                0x0800a222      0x17c ./Drivers/STM32F4xx_HAL_Driver/Src/stm32f4xx_hal_uart.o
 *fill*         0x0800a39e        0x2 
 .text.UART_SetConfig
                0x0800a3a0      0x4e8 ./Drivers/STM32F4xx_HAL_Driver/Src/stm32f4xx_hal_uart.o
 .text.USB_CoreInit
                0x0800a888       0xc8 ./Drivers/STM32F4xx_HAL_Driver/Src/stm32f4xx_ll_usb.o
                0x0800a888                USB_CoreInit
 .text.USB_SetTurnaroundTime
                0x0800a950      0x144 ./Drivers/STM32F4xx_HAL_Driver/Src/stm32f4xx_ll_usb.o
                0x0800a950                USB_SetTurnaroundTime
 .text.USB_EnableGlobalInt
                0x0800aa94       0x22 ./Drivers/STM32F4xx_HAL_Driver/Src/stm32f4xx_ll_usb.o
                0x0800aa94                USB_EnableGlobalInt
 .text.USB_DisableGlobalInt
                0x0800aab6       0x22 ./Drivers/STM32F4xx_HAL_Driver/Src/stm32f4xx_ll_usb.o
                0x0800aab6                USB_DisableGlobalInt
 .text.USB_SetCurrentMode
                0x0800aad8       0x98 ./Drivers/STM32F4xx_HAL_Driver/Src/stm32f4xx_ll_usb.o
                0x0800aad8                USB_SetCurrentMode
 .text.USB_DevInit
                0x0800ab70      0x2c8 ./Drivers/STM32F4xx_HAL_Driver/Src/stm32f4xx_ll_usb.o
                0x0800ab70                USB_DevInit
 .text.USB_FlushTxFifo
                0x0800ae38       0x64 ./Drivers/STM32F4xx_HAL_Driver/Src/stm32f4xx_ll_usb.o
                0x0800ae38                USB_FlushTxFifo
 .text.USB_FlushRxFifo
                0x0800ae9c       0x5c ./Drivers/STM32F4xx_HAL_Driver/Src/stm32f4xx_ll_usb.o
                0x0800ae9c                USB_FlushRxFifo
 .text.USB_SetDevSpeed
                0x0800aef8       0x32 ./Drivers/STM32F4xx_HAL_Driver/Src/stm32f4xx_ll_usb.o
                0x0800aef8                USB_SetDevSpeed
 .text.USB_GetDevSpeed
                0x0800af2a       0x4a ./Drivers/STM32F4xx_HAL_Driver/Src/stm32f4xx_ll_usb.o
                0x0800af2a                USB_GetDevSpeed
 .text.USB_ActivateEndpoint
                0x0800af74      0x10e ./Drivers/STM32F4xx_HAL_Driver/Src/stm32f4xx_ll_usb.o
                0x0800af74                USB_ActivateEndpoint
 *fill*         0x0800b082        0x2 
 .text.USB_DeactivateEndpoint
                0x0800b084      0x1b8 ./Drivers/STM32F4xx_HAL_Driver/Src/stm32f4xx_ll_usb.o
                0x0800b084                USB_DeactivateEndpoint
 .text.USB_EPStartXfer
                0x0800b23c      0x53c ./Drivers/STM32F4xx_HAL_Driver/Src/stm32f4xx_ll_usb.o
                0x0800b23c                USB_EPStartXfer
 .text.USB_EPStopXfer
                0x0800b778      0x154 ./Drivers/STM32F4xx_HAL_Driver/Src/stm32f4xx_ll_usb.o
                0x0800b778                USB_EPStopXfer
 .text.USB_WritePacket
                0x0800b8cc       0x7c ./Drivers/STM32F4xx_HAL_Driver/Src/stm32f4xx_ll_usb.o
                0x0800b8cc                USB_WritePacket
 .text.USB_ReadPacket
                0x0800b948       0xb0 ./Drivers/STM32F4xx_HAL_Driver/Src/stm32f4xx_ll_usb.o
                0x0800b948                USB_ReadPacket
 .text.USB_EPSetStall
                0x0800b9f8       0xdc ./Drivers/STM32F4xx_HAL_Driver/Src/stm32f4xx_ll_usb.o
                0x0800b9f8                USB_EPSetStall
 .text.USB_EPClearStall
                0x0800bad4       0xcc ./Drivers/STM32F4xx_HAL_Driver/Src/stm32f4xx_ll_usb.o
                0x0800bad4                USB_EPClearStall
 .text.USB_SetDevAddress
                0x0800bba0       0x4c ./Drivers/STM32F4xx_HAL_Driver/Src/stm32f4xx_ll_usb.o
                0x0800bba0                USB_SetDevAddress
 .text.USB_DevConnect
                0x0800bbec       0x42 ./Drivers/STM32F4xx_HAL_Driver/Src/stm32f4xx_ll_usb.o
                0x0800bbec                USB_DevConnect
 .text.USB_DevDisconnect
                0x0800bc2e       0x42 ./Drivers/STM32F4xx_HAL_Driver/Src/stm32f4xx_ll_usb.o
                0x0800bc2e                USB_DevDisconnect
 .text.USB_ReadInterrupts
                0x0800bc70       0x26 ./Drivers/STM32F4xx_HAL_Driver/Src/stm32f4xx_ll_usb.o
                0x0800bc70                USB_ReadInterrupts
 .text.USB_ReadDevAllOutEpInterrupt
                0x0800bc96       0x34 ./Drivers/STM32F4xx_HAL_Driver/Src/stm32f4xx_ll_usb.o
                0x0800bc96                USB_ReadDevAllOutEpInterrupt
 .text.USB_ReadDevAllInEpInterrupt
                0x0800bcca       0x34 ./Drivers/STM32F4xx_HAL_Driver/Src/stm32f4xx_ll_usb.o
                0x0800bcca                USB_ReadDevAllInEpInterrupt
 .text.USB_ReadDevOutEPInterrupt
                0x0800bcfe       0x3c ./Drivers/STM32F4xx_HAL_Driver/Src/stm32f4xx_ll_usb.o
                0x0800bcfe                USB_ReadDevOutEPInterrupt
 .text.USB_ReadDevInEPInterrupt
                0x0800bd3a       0x5c ./Drivers/STM32F4xx_HAL_Driver/Src/stm32f4xx_ll_usb.o
                0x0800bd3a                USB_ReadDevInEPInterrupt
 .text.USB_GetMode
                0x0800bd96       0x1c ./Drivers/STM32F4xx_HAL_Driver/Src/stm32f4xx_ll_usb.o
                0x0800bd96                USB_GetMode
 .text.USB_ActivateSetup
                0x0800bdb2       0x46 ./Drivers/STM32F4xx_HAL_Driver/Src/stm32f4xx_ll_usb.o
                0x0800bdb2                USB_ActivateSetup
 .text.USB_EP0_OutStart
                0x0800bdf8       0xbc ./Drivers/STM32F4xx_HAL_Driver/Src/stm32f4xx_ll_usb.o
                0x0800bdf8                USB_EP0_OutStart
 .text.USB_CoreReset
                0x0800beb4       0x70 ./Drivers/STM32F4xx_HAL_Driver/Src/stm32f4xx_ll_usb.o
 .text.USBD_CDC_Init
                0x0800bf24      0x1f0 ./Middlewares/ST/STM32_USB_Device_Library/Class/CDC/Src/usbd_cdc.o
 .text.USBD_CDC_DeInit
                0x0800c114      0x104 ./Middlewares/ST/STM32_USB_Device_Library/Class/CDC/Src/usbd_cdc.o
 .text.USBD_CDC_Setup
                0x0800c218      0x1b8 ./Middlewares/ST/STM32_USB_Device_Library/Class/CDC/Src/usbd_cdc.o
 .text.USBD_CDC_DataIn
                0x0800c3d0       0xfe ./Middlewares/ST/STM32_USB_Device_Library/Class/CDC/Src/usbd_cdc.o
 .text.USBD_CDC_DataOut
                0x0800c4ce       0x70 ./Middlewares/ST/STM32_USB_Device_Library/Class/CDC/Src/usbd_cdc.o
 .text.USBD_CDC_EP0_RxReady
                0x0800c53e       0x74 ./Middlewares/ST/STM32_USB_Device_Library/Class/CDC/Src/usbd_cdc.o
 *fill*         0x0800c5b2        0x2 
 .text.USBD_CDC_GetFSCfgDesc
                0x0800c5b4       0x70 ./Middlewares/ST/STM32_USB_Device_Library/Class/CDC/Src/usbd_cdc.o
 .text.USBD_CDC_GetHSCfgDesc
                0x0800c624       0x70 ./Middlewares/ST/STM32_USB_Device_Library/Class/CDC/Src/usbd_cdc.o
 .text.USBD_CDC_GetOtherSpeedCfgDesc
                0x0800c694       0x70 ./Middlewares/ST/STM32_USB_Device_Library/Class/CDC/Src/usbd_cdc.o
 .text.USBD_CDC_GetDeviceQualifierDescriptor
                0x0800c704       0x20 ./Middlewares/ST/STM32_USB_Device_Library/Class/CDC/Src/usbd_cdc.o
                0x0800c704                USBD_CDC_GetDeviceQualifierDescriptor
 .text.USBD_CDC_RegisterInterface
                0x0800c724       0x34 ./Middlewares/ST/STM32_USB_Device_Library/Class/CDC/Src/usbd_cdc.o
                0x0800c724                USBD_CDC_RegisterInterface
 .text.USBD_CDC_SetTxBuffer
                0x0800c758       0x44 ./Middlewares/ST/STM32_USB_Device_Library/Class/CDC/Src/usbd_cdc.o
                0x0800c758                USBD_CDC_SetTxBuffer
 .text.USBD_CDC_SetRxBuffer
                0x0800c79c       0x3a ./Middlewares/ST/STM32_USB_Device_Library/Class/CDC/Src/usbd_cdc.o
                0x0800c79c                USBD_CDC_SetRxBuffer
 *fill*         0x0800c7d6        0x2 
 .text.USBD_CDC_TransmitPacket
                0x0800c7d8       0x80 ./Middlewares/ST/STM32_USB_Device_Library/Class/CDC/Src/usbd_cdc.o
                0x0800c7d8                USBD_CDC_TransmitPacket
 .text.USBD_CDC_ReceivePacket
                0x0800c858       0x6c ./Middlewares/ST/STM32_USB_Device_Library/Class/CDC/Src/usbd_cdc.o
                0x0800c858                USBD_CDC_ReceivePacket
 .text.USBD_Init
                0x0800c8c4       0x60 ./Middlewares/ST/STM32_USB_Device_Library/Core/Src/usbd_core.o
                0x0800c8c4                USBD_Init
 .text.USBD_RegisterClass
                0x0800c924       0x6c ./Middlewares/ST/STM32_USB_Device_Library/Core/Src/usbd_core.o
                0x0800c924                USBD_RegisterClass
 .text.USBD_Start
                0x0800c990       0x18 ./Middlewares/ST/STM32_USB_Device_Library/Core/Src/usbd_core.o
                0x0800c990                USBD_Start
 .text.USBD_RunTestMode
                0x0800c9a8       0x16 ./Middlewares/ST/STM32_USB_Device_Library/Core/Src/usbd_core.o
                0x0800c9a8                USBD_RunTestMode
 .text.USBD_SetClassConfig
                0x0800c9be       0x38 ./Middlewares/ST/STM32_USB_Device_Library/Core/Src/usbd_core.o
                0x0800c9be                USBD_SetClassConfig
 .text.USBD_ClrClassConfig
                0x0800c9f6       0x34 ./Middlewares/ST/STM32_USB_Device_Library/Core/Src/usbd_core.o
                0x0800c9f6                USBD_ClrClassConfig
 .text.USBD_LL_SetupStage
                0x0800ca2a       0xaa ./Middlewares/ST/STM32_USB_Device_Library/Core/Src/usbd_core.o
                0x0800ca2a                USBD_LL_SetupStage
 .text.USBD_LL_DataOutStage
                0x0800cad4      0x178 ./Middlewares/ST/STM32_USB_Device_Library/Core/Src/usbd_core.o
                0x0800cad4                USBD_LL_DataOutStage
 .text.USBD_LL_DataInStage
                0x0800cc4c      0x176 ./Middlewares/ST/STM32_USB_Device_Library/Core/Src/usbd_core.o
                0x0800cc4c                USBD_LL_DataInStage
 .text.USBD_LL_Reset
                0x0800cdc2       0xa6 ./Middlewares/ST/STM32_USB_Device_Library/Core/Src/usbd_core.o
                0x0800cdc2                USBD_LL_Reset
 .text.USBD_LL_SetSpeed
                0x0800ce68       0x20 ./Middlewares/ST/STM32_USB_Device_Library/Core/Src/usbd_core.o
                0x0800ce68                USBD_LL_SetSpeed
 .text.USBD_LL_Suspend
                0x0800ce88       0x38 ./Middlewares/ST/STM32_USB_Device_Library/Core/Src/usbd_core.o
                0x0800ce88                USBD_LL_Suspend
 .text.USBD_LL_Resume
                0x0800cec0       0x30 ./Middlewares/ST/STM32_USB_Device_Library/Core/Src/usbd_core.o
                0x0800cec0                USBD_LL_Resume
 .text.USBD_LL_SOF
                0x0800cef0       0x40 ./Middlewares/ST/STM32_USB_Device_Library/Core/Src/usbd_core.o
                0x0800cef0                USBD_LL_SOF
 .text.USBD_LL_IsoINIncomplete
                0x0800cf30       0x64 ./Middlewares/ST/STM32_USB_Device_Library/Core/Src/usbd_core.o
                0x0800cf30                USBD_LL_IsoINIncomplete
 .text.USBD_LL_IsoOUTIncomplete
                0x0800cf94       0x64 ./Middlewares/ST/STM32_USB_Device_Library/Core/Src/usbd_core.o
                0x0800cf94                USBD_LL_IsoOUTIncomplete
 .text.USBD_LL_DevConnected
                0x0800cff8       0x16 ./Middlewares/ST/STM32_USB_Device_Library/Core/Src/usbd_core.o
                0x0800cff8                USBD_LL_DevConnected
 .text.USBD_LL_DevDisconnected
                0x0800d00e       0x46 ./Middlewares/ST/STM32_USB_Device_Library/Core/Src/usbd_core.o
                0x0800d00e                USBD_LL_DevDisconnected
 .text.USBD_CoreFindIF
                0x0800d054       0x1a ./Middlewares/ST/STM32_USB_Device_Library/Core/Src/usbd_core.o
                0x0800d054                USBD_CoreFindIF
 .text.USBD_CoreFindEP
                0x0800d06e       0x1a ./Middlewares/ST/STM32_USB_Device_Library/Core/Src/usbd_core.o
                0x0800d06e                USBD_CoreFindEP
 .text.USBD_GetEpDesc
                0x0800d088       0x70 ./Middlewares/ST/STM32_USB_Device_Library/Core/Src/usbd_core.o
                0x0800d088                USBD_GetEpDesc
 .text.USBD_GetNextDesc
                0x0800d0f8       0x38 ./Middlewares/ST/STM32_USB_Device_Library/Core/Src/usbd_core.o
                0x0800d0f8                USBD_GetNextDesc
 .text.SWAPBYTE
                0x0800d130       0x3e ./Middlewares/ST/STM32_USB_Device_Library/Core/Src/usbd_ctlreq.o
 *fill*         0x0800d16e        0x2 
 .text.USBD_StdDevReq
                0x0800d170       0xe4 ./Middlewares/ST/STM32_USB_Device_Library/Core/Src/usbd_ctlreq.o
                0x0800d170                USBD_StdDevReq
 .text.USBD_StdItfReq
                0x0800d254       0xd8 ./Middlewares/ST/STM32_USB_Device_Library/Core/Src/usbd_ctlreq.o
                0x0800d254                USBD_StdItfReq
 .text.USBD_StdEPReq
                0x0800d32c      0x33e ./Middlewares/ST/STM32_USB_Device_Library/Core/Src/usbd_ctlreq.o
                0x0800d32c                USBD_StdEPReq
 *fill*         0x0800d66a        0x2 
 .text.USBD_GetDescriptor
                0x0800d66c      0x2d4 ./Middlewares/ST/STM32_USB_Device_Library/Core/Src/usbd_ctlreq.o
 .text.USBD_SetAddress
                0x0800d940       0x88 ./Middlewares/ST/STM32_USB_Device_Library/Core/Src/usbd_ctlreq.o
 .text.USBD_SetConfig
                0x0800d9c8      0x154 ./Middlewares/ST/STM32_USB_Device_Library/Core/Src/usbd_ctlreq.o
 .text.USBD_GetConfig
                0x0800db1c       0x6c ./Middlewares/ST/STM32_USB_Device_Library/Core/Src/usbd_ctlreq.o
 .text.USBD_GetStatus
                0x0800db88       0x68 ./Middlewares/ST/STM32_USB_Device_Library/Core/Src/usbd_ctlreq.o
 .text.USBD_SetFeature
                0x0800dbf0       0x52 ./Middlewares/ST/STM32_USB_Device_Library/Core/Src/usbd_ctlreq.o
 .text.USBD_ClrFeature
                0x0800dc42       0x44 ./Middlewares/ST/STM32_USB_Device_Library/Core/Src/usbd_ctlreq.o
 .text.USBD_ParseSetupRequest
                0x0800dc86       0x74 ./Middlewares/ST/STM32_USB_Device_Library/Core/Src/usbd_ctlreq.o
                0x0800dc86                USBD_ParseSetupRequest
 .text.USBD_CtlError
                0x0800dcfa       0x22 ./Middlewares/ST/STM32_USB_Device_Library/Core/Src/usbd_ctlreq.o
                0x0800dcfa                USBD_CtlError
 .text.USBD_GetString
                0x0800dd1c       0xa4 ./Middlewares/ST/STM32_USB_Device_Library/Core/Src/usbd_ctlreq.o
                0x0800dd1c                USBD_GetString
 .text.USBD_GetLen
                0x0800ddc0       0x34 ./Middlewares/ST/STM32_USB_Device_Library/Core/Src/usbd_ctlreq.o
 .text.USBD_CtlSendData
                0x0800ddf4       0x3c ./Middlewares/ST/STM32_USB_Device_Library/Core/Src/usbd_ioreq.o
                0x0800ddf4                USBD_CtlSendData
 .text.USBD_CtlContinueSendData
                0x0800de30       0x22 ./Middlewares/ST/STM32_USB_Device_Library/Core/Src/usbd_ioreq.o
                0x0800de30                USBD_CtlContinueSendData
 .text.USBD_CtlPrepareRx
                0x0800de52       0x42 ./Middlewares/ST/STM32_USB_Device_Library/Core/Src/usbd_ioreq.o
                0x0800de52                USBD_CtlPrepareRx
 .text.USBD_CtlContinueRx
                0x0800de94       0x22 ./Middlewares/ST/STM32_USB_Device_Library/Core/Src/usbd_ioreq.o
                0x0800de94                USBD_CtlContinueRx
 .text.USBD_CtlSendStatus
                0x0800deb6       0x26 ./Middlewares/ST/STM32_USB_Device_Library/Core/Src/usbd_ioreq.o
                0x0800deb6                USBD_CtlSendStatus
 .text.USBD_CtlReceiveStatus
                0x0800dedc       0x26 ./Middlewares/ST/STM32_USB_Device_Library/Core/Src/usbd_ioreq.o
                0x0800dedc                USBD_CtlReceiveStatus
 *fill*         0x0800df02        0x2 
 .text.MX_USB_DEVICE_Init
                0x0800df04       0x60 ./USB_DEVICE/App/usb_device.o
                0x0800df04                MX_USB_DEVICE_Init
 .text.CDC_Init_FS
                0x0800df64       0x28 ./USB_DEVICE/App/usbd_cdc_if.o
 .text.CDC_DeInit_FS
                0x0800df8c       0x10 ./USB_DEVICE/App/usbd_cdc_if.o
 .text.CDC_Control_FS
                0x0800df9c       0xbc ./USB_DEVICE/App/usbd_cdc_if.o
 .text.CDC_Receive_FS
                0x0800e058       0x44 ./USB_DEVICE/App/usbd_cdc_if.o
 .text.CDC_Transmit_FS
                0x0800e09c       0x4c ./USB_DEVICE/App/usbd_cdc_if.o
                0x0800e09c                CDC_Transmit_FS
 .text.CDC_TransmitCplt_FS
                0x0800e0e8       0x22 ./USB_DEVICE/App/usbd_cdc_if.o
 *fill*         0x0800e10a        0x2 
 .text.USBD_FS_DeviceDescriptor
                0x0800e10c       0x24 ./USB_DEVICE/App/usbd_desc.o
                0x0800e10c                USBD_FS_DeviceDescriptor
 .text.USBD_FS_LangIDStrDescriptor
                0x0800e130       0x24 ./USB_DEVICE/App/usbd_desc.o
                0x0800e130                USBD_FS_LangIDStrDescriptor
 .text.USBD_FS_ProductStrDescriptor
                0x0800e154       0x3c ./USB_DEVICE/App/usbd_desc.o
                0x0800e154                USBD_FS_ProductStrDescriptor
 .text.USBD_FS_ManufacturerStrDescriptor
                0x0800e190       0x28 ./USB_DEVICE/App/usbd_desc.o
                0x0800e190                USBD_FS_ManufacturerStrDescriptor
 .text.USBD_FS_SerialStrDescriptor
                0x0800e1b8       0x24 ./USB_DEVICE/App/usbd_desc.o
                0x0800e1b8                USBD_FS_SerialStrDescriptor
 .text.USBD_FS_ConfigStrDescriptor
                0x0800e1dc       0x3c ./USB_DEVICE/App/usbd_desc.o
                0x0800e1dc                USBD_FS_ConfigStrDescriptor
 .text.USBD_FS_InterfaceStrDescriptor
                0x0800e218       0x3c ./USB_DEVICE/App/usbd_desc.o
                0x0800e218                USBD_FS_InterfaceStrDescriptor
 .text.Get_SerialNum
                0x0800e254       0x58 ./USB_DEVICE/App/usbd_desc.o
 .text.IntToUnicode
                0x0800e2ac       0x7e ./USB_DEVICE/App/usbd_desc.o
 *fill*         0x0800e32a        0x2 
 .text.HAL_PCD_MspInit
                0x0800e32c       0xa8 ./USB_DEVICE/Target/usbd_conf.o
                0x0800e32c                HAL_PCD_MspInit
 .text.HAL_PCD_SetupStageCallback
                0x0800e3d4       0x24 ./USB_DEVICE/Target/usbd_conf.o
                0x0800e3d4                HAL_PCD_SetupStageCallback
 .text.HAL_PCD_DataOutStageCallback
                0x0800e3f8       0x36 ./USB_DEVICE/Target/usbd_conf.o
                0x0800e3f8                HAL_PCD_DataOutStageCallback
 .text.HAL_PCD_DataInStageCallback
                0x0800e42e       0x34 ./USB_DEVICE/Target/usbd_conf.o
                0x0800e42e                HAL_PCD_DataInStageCallback
 .text.HAL_PCD_SOFCallback
                0x0800e462       0x1c ./USB_DEVICE/Target/usbd_conf.o
                0x0800e462                HAL_PCD_SOFCallback
 .text.HAL_PCD_ResetCallback
                0x0800e47e       0x50 ./USB_DEVICE/Target/usbd_conf.o
                0x0800e47e                HAL_PCD_ResetCallback
 *fill*         0x0800e4ce        0x2 
 .text.HAL_PCD_SuspendCallback
                0x0800e4d0       0x4c ./USB_DEVICE/Target/usbd_conf.o
                0x0800e4d0                HAL_PCD_SuspendCallback
 .text.HAL_PCD_ResumeCallback
                0x0800e51c       0x1c ./USB_DEVICE/Target/usbd_conf.o
                0x0800e51c                HAL_PCD_ResumeCallback
 .text.HAL_PCD_ISOOUTIncompleteCallback
                0x0800e538       0x24 ./USB_DEVICE/Target/usbd_conf.o
                0x0800e538                HAL_PCD_ISOOUTIncompleteCallback
 .text.HAL_PCD_ISOINIncompleteCallback
                0x0800e55c       0x24 ./USB_DEVICE/Target/usbd_conf.o
                0x0800e55c                HAL_PCD_ISOINIncompleteCallback
 .text.HAL_PCD_ConnectCallback
                0x0800e580       0x1c ./USB_DEVICE/Target/usbd_conf.o
                0x0800e580                HAL_PCD_ConnectCallback
 .text.HAL_PCD_DisconnectCallback
                0x0800e59c       0x1c ./USB_DEVICE/Target/usbd_conf.o
                0x0800e59c                HAL_PCD_DisconnectCallback
 .text.USBD_LL_Init
                0x0800e5b8       0x98 ./USB_DEVICE/Target/usbd_conf.o
                0x0800e5b8                USBD_LL_Init
 .text.USBD_LL_Start
                0x0800e650       0x36 ./USB_DEVICE/Target/usbd_conf.o
                0x0800e650                USBD_LL_Start
 .text.USBD_LL_OpenEP
                0x0800e686       0x4c ./USB_DEVICE/Target/usbd_conf.o
                0x0800e686                USBD_LL_OpenEP
 .text.USBD_LL_CloseEP
                0x0800e6d2       0x3e ./USB_DEVICE/Target/usbd_conf.o
                0x0800e6d2                USBD_LL_CloseEP
 .text.USBD_LL_StallEP
                0x0800e710       0x3e ./USB_DEVICE/Target/usbd_conf.o
                0x0800e710                USBD_LL_StallEP
 .text.USBD_LL_ClearStallEP
                0x0800e74e       0x3e ./USB_DEVICE/Target/usbd_conf.o
                0x0800e74e                USBD_LL_ClearStallEP
 .text.USBD_LL_IsStallEP
                0x0800e78c       0x58 ./USB_DEVICE/Target/usbd_conf.o
                0x0800e78c                USBD_LL_IsStallEP
 .text.USBD_LL_SetUSBAddress
                0x0800e7e4       0x3e ./USB_DEVICE/Target/usbd_conf.o
                0x0800e7e4                USBD_LL_SetUSBAddress
 .text.USBD_LL_Transmit
                0x0800e822       0x42 ./USB_DEVICE/Target/usbd_conf.o
                0x0800e822                USBD_LL_Transmit
 .text.USBD_LL_PrepareReceive
                0x0800e864       0x42 ./USB_DEVICE/Target/usbd_conf.o
                0x0800e864                USBD_LL_PrepareReceive
 .text.USBD_LL_GetRxDataSize
                0x0800e8a6       0x26 ./USB_DEVICE/Target/usbd_conf.o
                0x0800e8a6                USBD_LL_GetRxDataSize
 .text.USBD_static_malloc
                0x0800e8cc       0x1c ./USB_DEVICE/Target/usbd_conf.o
                0x0800e8cc                USBD_static_malloc
 .text.USBD_static_free
                0x0800e8e8       0x14 ./USB_DEVICE/Target/usbd_conf.o
                0x0800e8e8                USBD_static_free
 .text.USBD_Get_USB_Status
                0x0800e8fc       0x58 ./USB_DEVICE/Target/usbd_conf.o
                0x0800e8fc                USBD_Get_USB_Status
 .text.std      0x0800e954       0x6c C:/ST/STM32CubeIDE_1.19.0/STM32CubeIDE/plugins/com.st.stm32cube.ide.mcu.externaltools.gnu-tools-for-stm32.13.3.rel1.win32_1.0.0.202411081344/tools/bin/../lib/gcc/arm-none-eabi/13.3.1/../../../../arm-none-eabi/lib/thumb/v7e-m+fp/hard\libc_nano.a(libc_a-findfp.o)
 .text.stdio_exit_handler
                0x0800e9c0       0x18 C:/ST/STM32CubeIDE_1.19.0/STM32CubeIDE/plugins/com.st.stm32cube.ide.mcu.externaltools.gnu-tools-for-stm32.13.3.rel1.win32_1.0.0.202411081344/tools/bin/../lib/gcc/arm-none-eabi/13.3.1/../../../../arm-none-eabi/lib/thumb/v7e-m+fp/hard\libc_nano.a(libc_a-findfp.o)
 .text.cleanup_stdio
                0x0800e9d8       0x40 C:/ST/STM32CubeIDE_1.19.0/STM32CubeIDE/plugins/com.st.stm32cube.ide.mcu.externaltools.gnu-tools-for-stm32.13.3.rel1.win32_1.0.0.202411081344/tools/bin/../lib/gcc/arm-none-eabi/13.3.1/../../../../arm-none-eabi/lib/thumb/v7e-m+fp/hard\libc_nano.a(libc_a-findfp.o)
 .text.global_stdio_init.part.0
                0x0800ea18       0x3c C:/ST/STM32CubeIDE_1.19.0/STM32CubeIDE/plugins/com.st.stm32cube.ide.mcu.externaltools.gnu-tools-for-stm32.13.3.rel1.win32_1.0.0.202411081344/tools/bin/../lib/gcc/arm-none-eabi/13.3.1/../../../../arm-none-eabi/lib/thumb/v7e-m+fp/hard\libc_nano.a(libc_a-findfp.o)
 .text.__sfp_lock_acquire
                0x0800ea54        0xc C:/ST/STM32CubeIDE_1.19.0/STM32CubeIDE/plugins/com.st.stm32cube.ide.mcu.externaltools.gnu-tools-for-stm32.13.3.rel1.win32_1.0.0.202411081344/tools/bin/../lib/gcc/arm-none-eabi/13.3.1/../../../../arm-none-eabi/lib/thumb/v7e-m+fp/hard\libc_nano.a(libc_a-findfp.o)
                0x0800ea54                __sfp_lock_acquire
 .text.__sfp_lock_release
                0x0800ea60        0xc C:/ST/STM32CubeIDE_1.19.0/STM32CubeIDE/plugins/com.st.stm32cube.ide.mcu.externaltools.gnu-tools-for-stm32.13.3.rel1.win32_1.0.0.202411081344/tools/bin/../lib/gcc/arm-none-eabi/13.3.1/../../../../arm-none-eabi/lib/thumb/v7e-m+fp/hard\libc_nano.a(libc_a-findfp.o)
                0x0800ea60                __sfp_lock_release
 .text.__sinit  0x0800ea6c       0x30 C:/ST/STM32CubeIDE_1.19.0/STM32CubeIDE/plugins/com.st.stm32cube.ide.mcu.externaltools.gnu-tools-for-stm32.13.3.rel1.win32_1.0.0.202411081344/tools/bin/../lib/gcc/arm-none-eabi/13.3.1/../../../../arm-none-eabi/lib/thumb/v7e-m+fp/hard\libc_nano.a(libc_a-findfp.o)
                0x0800ea6c                __sinit
 .text._fwalk_sglue
                0x0800ea9c       0x3c C:/ST/STM32CubeIDE_1.19.0/STM32CubeIDE/plugins/com.st.stm32cube.ide.mcu.externaltools.gnu-tools-for-stm32.13.3.rel1.win32_1.0.0.202411081344/tools/bin/../lib/gcc/arm-none-eabi/13.3.1/../../../../arm-none-eabi/lib/thumb/v7e-m+fp/hard\libc_nano.a(libc_a-fwalk.o)
                0x0800ea9c                _fwalk_sglue
 .text.printf   0x0800ead8       0x24 C:/ST/STM32CubeIDE_1.19.0/STM32CubeIDE/plugins/com.st.stm32cube.ide.mcu.externaltools.gnu-tools-for-stm32.13.3.rel1.win32_1.0.0.202411081344/tools/bin/../lib/gcc/arm-none-eabi/13.3.1/../../../../arm-none-eabi/lib/thumb/v7e-m+fp/hard\libc_nano.a(libc_a-printf.o)
                0x0800ead8                iprintf
                0x0800ead8                printf
 .text._puts_r  0x0800eafc       0xaa C:/ST/STM32CubeIDE_1.19.0/STM32CubeIDE/plugins/com.st.stm32cube.ide.mcu.externaltools.gnu-tools-for-stm32.13.3.rel1.win32_1.0.0.202411081344/tools/bin/../lib/gcc/arm-none-eabi/13.3.1/../../../../arm-none-eabi/lib/thumb/v7e-m+fp/hard\libc_nano.a(libc_a-puts.o)
                0x0800eafc                _puts_r
 *fill*         0x0800eba6        0x2 
 .text.puts     0x0800eba8       0x10 C:/ST/STM32CubeIDE_1.19.0/STM32CubeIDE/plugins/com.st.stm32cube.ide.mcu.externaltools.gnu-tools-for-stm32.13.3.rel1.win32_1.0.0.202411081344/tools/bin/../lib/gcc/arm-none-eabi/13.3.1/../../../../arm-none-eabi/lib/thumb/v7e-m+fp/hard\libc_nano.a(libc_a-puts.o)
                0x0800eba8                puts
 .text.sprintf  0x0800ebb8       0x44 C:/ST/STM32CubeIDE_1.19.0/STM32CubeIDE/plugins/com.st.stm32cube.ide.mcu.externaltools.gnu-tools-for-stm32.13.3.rel1.win32_1.0.0.202411081344/tools/bin/../lib/gcc/arm-none-eabi/13.3.1/../../../../arm-none-eabi/lib/thumb/v7e-m+fp/hard\libc_nano.a(libc_a-sprintf.o)
                0x0800ebb8                siprintf
                0x0800ebb8                sprintf
 .text.__sread  0x0800ebfc       0x22 C:/ST/STM32CubeIDE_1.19.0/STM32CubeIDE/plugins/com.st.stm32cube.ide.mcu.externaltools.gnu-tools-for-stm32.13.3.rel1.win32_1.0.0.202411081344/tools/bin/../lib/gcc/arm-none-eabi/13.3.1/../../../../arm-none-eabi/lib/thumb/v7e-m+fp/hard\libc_nano.a(libc_a-stdio.o)
                0x0800ebfc                __sread
 .text.__swrite
                0x0800ec1e       0x38 C:/ST/STM32CubeIDE_1.19.0/STM32CubeIDE/plugins/com.st.stm32cube.ide.mcu.externaltools.gnu-tools-for-stm32.13.3.rel1.win32_1.0.0.202411081344/tools/bin/../lib/gcc/arm-none-eabi/13.3.1/../../../../arm-none-eabi/lib/thumb/v7e-m+fp/hard\libc_nano.a(libc_a-stdio.o)
                0x0800ec1e                __swrite
 .text.__sseek  0x0800ec56       0x24 C:/ST/STM32CubeIDE_1.19.0/STM32CubeIDE/plugins/com.st.stm32cube.ide.mcu.externaltools.gnu-tools-for-stm32.13.3.rel1.win32_1.0.0.202411081344/tools/bin/../lib/gcc/arm-none-eabi/13.3.1/../../../../arm-none-eabi/lib/thumb/v7e-m+fp/hard\libc_nano.a(libc_a-stdio.o)
                0x0800ec56                __sseek
 .text.__sclose
                0x0800ec7a        0x8 C:/ST/STM32CubeIDE_1.19.0/STM32CubeIDE/plugins/com.st.stm32cube.ide.mcu.externaltools.gnu-tools-for-stm32.13.3.rel1.win32_1.0.0.202411081344/tools/bin/../lib/gcc/arm-none-eabi/13.3.1/../../../../arm-none-eabi/lib/thumb/v7e-m+fp/hard\libc_nano.a(libc_a-stdio.o)
                0x0800ec7a                __sclose
 .text.__swbuf_r
                0x0800ec82       0x7c C:/ST/STM32CubeIDE_1.19.0/STM32CubeIDE/plugins/com.st.stm32cube.ide.mcu.externaltools.gnu-tools-for-stm32.13.3.rel1.win32_1.0.0.202411081344/tools/bin/../lib/gcc/arm-none-eabi/13.3.1/../../../../arm-none-eabi/lib/thumb/v7e-m+fp/hard\libc_nano.a(libc_a-wbuf.o)
                0x0800ec82                __swbuf_r
 *fill*         0x0800ecfe        0x2 
 .text.__swsetup_r
                0x0800ed00       0xac C:/ST/STM32CubeIDE_1.19.0/STM32CubeIDE/plugins/com.st.stm32cube.ide.mcu.externaltools.gnu-tools-for-stm32.13.3.rel1.win32_1.0.0.202411081344/tools/bin/../lib/gcc/arm-none-eabi/13.3.1/../../../../arm-none-eabi/lib/thumb/v7e-m+fp/hard\libc_nano.a(libc_a-wsetup.o)
                0x0800ed00                __swsetup_r
 .text.memset   0x0800edac       0x10 C:/ST/STM32CubeIDE_1.19.0/STM32CubeIDE/plugins/com.st.stm32cube.ide.mcu.externaltools.gnu-tools-for-stm32.13.3.rel1.win32_1.0.0.202411081344/tools/bin/../lib/gcc/arm-none-eabi/13.3.1/../../../../arm-none-eabi/lib/thumb/v7e-m+fp/hard\libc_nano.a(libc_a-memset.o)
                0x0800edac                memset
 .text._close_r
                0x0800edbc       0x20 C:/ST/STM32CubeIDE_1.19.0/STM32CubeIDE/plugins/com.st.stm32cube.ide.mcu.externaltools.gnu-tools-for-stm32.13.3.rel1.win32_1.0.0.202411081344/tools/bin/../lib/gcc/arm-none-eabi/13.3.1/../../../../arm-none-eabi/lib/thumb/v7e-m+fp/hard\libc_nano.a(libc_a-closer.o)
                0x0800edbc                _close_r
 .text._lseek_r
                0x0800eddc       0x24 C:/ST/STM32CubeIDE_1.19.0/STM32CubeIDE/plugins/com.st.stm32cube.ide.mcu.externaltools.gnu-tools-for-stm32.13.3.rel1.win32_1.0.0.202411081344/tools/bin/../lib/gcc/arm-none-eabi/13.3.1/../../../../arm-none-eabi/lib/thumb/v7e-m+fp/hard\libc_nano.a(libc_a-lseekr.o)
                0x0800eddc                _lseek_r
 .text._read_r  0x0800ee00       0x24 C:/ST/STM32CubeIDE_1.19.0/STM32CubeIDE/plugins/com.st.stm32cube.ide.mcu.externaltools.gnu-tools-for-stm32.13.3.rel1.win32_1.0.0.202411081344/tools/bin/../lib/gcc/arm-none-eabi/13.3.1/../../../../arm-none-eabi/lib/thumb/v7e-m+fp/hard\libc_nano.a(libc_a-readr.o)
                0x0800ee00                _read_r
 .text._write_r
                0x0800ee24       0x24 C:/ST/STM32CubeIDE_1.19.0/STM32CubeIDE/plugins/com.st.stm32cube.ide.mcu.externaltools.gnu-tools-for-stm32.13.3.rel1.win32_1.0.0.202411081344/tools/bin/../lib/gcc/arm-none-eabi/13.3.1/../../../../arm-none-eabi/lib/thumb/v7e-m+fp/hard\libc_nano.a(libc_a-writer.o)
                0x0800ee24                _write_r
 .text.__errno  0x0800ee48        0xc C:/ST/STM32CubeIDE_1.19.0/STM32CubeIDE/plugins/com.st.stm32cube.ide.mcu.externaltools.gnu-tools-for-stm32.13.3.rel1.win32_1.0.0.202411081344/tools/bin/../lib/gcc/arm-none-eabi/13.3.1/../../../../arm-none-eabi/lib/thumb/v7e-m+fp/hard\libc_nano.a(libc_a-errno.o)
                0x0800ee48                __errno
 .text.__libc_init_array
                0x0800ee54       0x48 C:/ST/STM32CubeIDE_1.19.0/STM32CubeIDE/plugins/com.st.stm32cube.ide.mcu.externaltools.gnu-tools-for-stm32.13.3.rel1.win32_1.0.0.202411081344/tools/bin/../lib/gcc/arm-none-eabi/13.3.1/../../../../arm-none-eabi/lib/thumb/v7e-m+fp/hard\libc_nano.a(libc_a-init.o)
                0x0800ee54                __libc_init_array
 .text.__retarget_lock_init_recursive
                0x0800ee9c        0x2 C:/ST/STM32CubeIDE_1.19.0/STM32CubeIDE/plugins/com.st.stm32cube.ide.mcu.externaltools.gnu-tools-for-stm32.13.3.rel1.win32_1.0.0.202411081344/tools/bin/../lib/gcc/arm-none-eabi/13.3.1/../../../../arm-none-eabi/lib/thumb/v7e-m+fp/hard\libc_nano.a(libc_a-lock.o)
                0x0800ee9c                __retarget_lock_init_recursive
 .text.__retarget_lock_acquire_recursive
                0x0800ee9e        0x2 C:/ST/STM32CubeIDE_1.19.0/STM32CubeIDE/plugins/com.st.stm32cube.ide.mcu.externaltools.gnu-tools-for-stm32.13.3.rel1.win32_1.0.0.202411081344/tools/bin/../lib/gcc/arm-none-eabi/13.3.1/../../../../arm-none-eabi/lib/thumb/v7e-m+fp/hard\libc_nano.a(libc_a-lock.o)
                0x0800ee9e                __retarget_lock_acquire_recursive
 .text.__retarget_lock_release_recursive
                0x0800eea0        0x2 C:/ST/STM32CubeIDE_1.19.0/STM32CubeIDE/plugins/com.st.stm32cube.ide.mcu.externaltools.gnu-tools-for-stm32.13.3.rel1.win32_1.0.0.202411081344/tools/bin/../lib/gcc/arm-none-eabi/13.3.1/../../../../arm-none-eabi/lib/thumb/v7e-m+fp/hard\libc_nano.a(libc_a-lock.o)
                0x0800eea0                __retarget_lock_release_recursive
 .text.memcpy   0x0800eea2       0x1c C:/ST/STM32CubeIDE_1.19.0/STM32CubeIDE/plugins/com.st.stm32cube.ide.mcu.externaltools.gnu-tools-for-stm32.13.3.rel1.win32_1.0.0.202411081344/tools/bin/../lib/gcc/arm-none-eabi/13.3.1/../../../../arm-none-eabi/lib/thumb/v7e-m+fp/hard\libc_nano.a(libc_a-memcpy-stub.o)
                0x0800eea2                memcpy
 *fill*         0x0800eebe        0x2 
 .text._free_r  0x0800eec0       0x94 C:/ST/STM32CubeIDE_1.19.0/STM32CubeIDE/plugins/com.st.stm32cube.ide.mcu.externaltools.gnu-tools-for-stm32.13.3.rel1.win32_1.0.0.202411081344/tools/bin/../lib/gcc/arm-none-eabi/13.3.1/../../../../arm-none-eabi/lib/thumb/v7e-m+fp/hard\libc_nano.a(libc_a-freer.o)
                0x0800eec0                _free_r
 .text.sbrk_aligned
                0x0800ef54       0x44 C:/ST/STM32CubeIDE_1.19.0/STM32CubeIDE/plugins/com.st.stm32cube.ide.mcu.externaltools.gnu-tools-for-stm32.13.3.rel1.win32_1.0.0.202411081344/tools/bin/../lib/gcc/arm-none-eabi/13.3.1/../../../../arm-none-eabi/lib/thumb/v7e-m+fp/hard\libc_nano.a(libc_a-mallocr.o)
 .text._malloc_r
                0x0800ef98      0x100 C:/ST/STM32CubeIDE_1.19.0/STM32CubeIDE/plugins/com.st.stm32cube.ide.mcu.externaltools.gnu-tools-for-stm32.13.3.rel1.win32_1.0.0.202411081344/tools/bin/../lib/gcc/arm-none-eabi/13.3.1/../../../../arm-none-eabi/lib/thumb/v7e-m+fp/hard\libc_nano.a(libc_a-mallocr.o)
                0x0800ef98                _malloc_r
 .text.__malloc_lock
                0x0800f098        0xc C:/ST/STM32CubeIDE_1.19.0/STM32CubeIDE/plugins/com.st.stm32cube.ide.mcu.externaltools.gnu-tools-for-stm32.13.3.rel1.win32_1.0.0.202411081344/tools/bin/../lib/gcc/arm-none-eabi/13.3.1/../../../../arm-none-eabi/lib/thumb/v7e-m+fp/hard\libc_nano.a(libc_a-mlock.o)
                0x0800f098                __malloc_lock
 .text.__malloc_unlock
                0x0800f0a4        0xc C:/ST/STM32CubeIDE_1.19.0/STM32CubeIDE/plugins/com.st.stm32cube.ide.mcu.externaltools.gnu-tools-for-stm32.13.3.rel1.win32_1.0.0.202411081344/tools/bin/../lib/gcc/arm-none-eabi/13.3.1/../../../../arm-none-eabi/lib/thumb/v7e-m+fp/hard\libc_nano.a(libc_a-mlock.o)
                0x0800f0a4                __malloc_unlock
 .text.__ssputs_r
                0x0800f0b0       0xb6 C:/ST/STM32CubeIDE_1.19.0/STM32CubeIDE/plugins/com.st.stm32cube.ide.mcu.externaltools.gnu-tools-for-stm32.13.3.rel1.win32_1.0.0.202411081344/tools/bin/../lib/gcc/arm-none-eabi/13.3.1/../../../../arm-none-eabi/lib/thumb/v7e-m+fp/hard\libc_nano.a(libc_a-nano-svfprintf.o)
                0x0800f0b0                __ssputs_r
 *fill*         0x0800f166        0x2 
 .text._svfprintf_r
                0x0800f168      0x1f8 C:/ST/STM32CubeIDE_1.19.0/STM32CubeIDE/plugins/com.st.stm32cube.ide.mcu.externaltools.gnu-tools-for-stm32.13.3.rel1.win32_1.0.0.202411081344/tools/bin/../lib/gcc/arm-none-eabi/13.3.1/../../../../arm-none-eabi/lib/thumb/v7e-m+fp/hard\libc_nano.a(libc_a-nano-svfprintf.o)
                0x0800f168                _svfiprintf_r
                0x0800f168                _svfprintf_r
 .text.__sfputc_r
                0x0800f360       0x2e C:/ST/STM32CubeIDE_1.19.0/STM32CubeIDE/plugins/com.st.stm32cube.ide.mcu.externaltools.gnu-tools-for-stm32.13.3.rel1.win32_1.0.0.202411081344/tools/bin/../lib/gcc/arm-none-eabi/13.3.1/../../../../arm-none-eabi/lib/thumb/v7e-m+fp/hard\libc_nano.a(libc_a-nano-vfprintf.o)
 .text.__sfputs_r
                0x0800f38e       0x24 C:/ST/STM32CubeIDE_1.19.0/STM32CubeIDE/plugins/com.st.stm32cube.ide.mcu.externaltools.gnu-tools-for-stm32.13.3.rel1.win32_1.0.0.202411081344/tools/bin/../lib/gcc/arm-none-eabi/13.3.1/../../../../arm-none-eabi/lib/thumb/v7e-m+fp/hard\libc_nano.a(libc_a-nano-vfprintf.o)
                0x0800f38e                __sfputs_r
 *fill*         0x0800f3b2        0x2 
 .text._vfprintf_r
                0x0800f3b4      0x230 C:/ST/STM32CubeIDE_1.19.0/STM32CubeIDE/plugins/com.st.stm32cube.ide.mcu.externaltools.gnu-tools-for-stm32.13.3.rel1.win32_1.0.0.202411081344/tools/bin/../lib/gcc/arm-none-eabi/13.3.1/../../../../arm-none-eabi/lib/thumb/v7e-m+fp/hard\libc_nano.a(libc_a-nano-vfprintf.o)
                0x0800f3b4                _vfprintf_r
                0x0800f3b4                _vfiprintf_r
 .text._printf_common
                0x0800f5e4       0xda C:/ST/STM32CubeIDE_1.19.0/STM32CubeIDE/plugins/com.st.stm32cube.ide.mcu.externaltools.gnu-tools-for-stm32.13.3.rel1.win32_1.0.0.202411081344/tools/bin/../lib/gcc/arm-none-eabi/13.3.1/../../../../arm-none-eabi/lib/thumb/v7e-m+fp/hard\libc_nano.a(libc_a-nano-vfprintf_i.o)
                0x0800f5e4                _printf_common
 *fill*         0x0800f6be        0x2 
 .text._printf_i
                0x0800f6c0      0x23c C:/ST/STM32CubeIDE_1.19.0/STM32CubeIDE/plugins/com.st.stm32cube.ide.mcu.externaltools.gnu-tools-for-stm32.13.3.rel1.win32_1.0.0.202411081344/tools/bin/../lib/gcc/arm-none-eabi/13.3.1/../../../../arm-none-eabi/lib/thumb/v7e-m+fp/hard\libc_nano.a(libc_a-nano-vfprintf_i.o)
                0x0800f6c0                _printf_i
 .text.__sflush_r
                0x0800f8fc      0x108 C:/ST/STM32CubeIDE_1.19.0/STM32CubeIDE/plugins/com.st.stm32cube.ide.mcu.externaltools.gnu-tools-for-stm32.13.3.rel1.win32_1.0.0.202411081344/tools/bin/../lib/gcc/arm-none-eabi/13.3.1/../../../../arm-none-eabi/lib/thumb/v7e-m+fp/hard\libc_nano.a(libc_a-fflush.o)
                0x0800f8fc                __sflush_r
 .text._fflush_r
                0x0800fa04       0x50 C:/ST/STM32CubeIDE_1.19.0/STM32CubeIDE/plugins/com.st.stm32cube.ide.mcu.externaltools.gnu-tools-for-stm32.13.3.rel1.win32_1.0.0.202411081344/tools/bin/../lib/gcc/arm-none-eabi/13.3.1/../../../../arm-none-eabi/lib/thumb/v7e-m+fp/hard\libc_nano.a(libc_a-fflush.o)
                0x0800fa04                _fflush_r
 .text.__swhatbuf_r
                0x0800fa54       0x4c C:/ST/STM32CubeIDE_1.19.0/STM32CubeIDE/plugins/com.st.stm32cube.ide.mcu.externaltools.gnu-tools-for-stm32.13.3.rel1.win32_1.0.0.202411081344/tools/bin/../lib/gcc/arm-none-eabi/13.3.1/../../../../arm-none-eabi/lib/thumb/v7e-m+fp/hard\libc_nano.a(libc_a-makebuf.o)
                0x0800fa54                __swhatbuf_r
 .text.__smakebuf_r
                0x0800faa0       0x78 C:/ST/STM32CubeIDE_1.19.0/STM32CubeIDE/plugins/com.st.stm32cube.ide.mcu.externaltools.gnu-tools-for-stm32.13.3.rel1.win32_1.0.0.202411081344/tools/bin/../lib/gcc/arm-none-eabi/13.3.1/../../../../arm-none-eabi/lib/thumb/v7e-m+fp/hard\libc_nano.a(libc_a-makebuf.o)
                0x0800faa0                __smakebuf_r
 .text.memmove  0x0800fb18       0x34 C:/ST/STM32CubeIDE_1.19.0/STM32CubeIDE/plugins/com.st.stm32cube.ide.mcu.externaltools.gnu-tools-for-stm32.13.3.rel1.win32_1.0.0.202411081344/tools/bin/../lib/gcc/arm-none-eabi/13.3.1/../../../../arm-none-eabi/lib/thumb/v7e-m+fp/hard\libc_nano.a(libc_a-memmove.o)
                0x0800fb18                memmove
 .text._fstat_r
                0x0800fb4c       0x24 C:/ST/STM32CubeIDE_1.19.0/STM32CubeIDE/plugins/com.st.stm32cube.ide.mcu.externaltools.gnu-tools-for-stm32.13.3.rel1.win32_1.0.0.202411081344/tools/bin/../lib/gcc/arm-none-eabi/13.3.1/../../../../arm-none-eabi/lib/thumb/v7e-m+fp/hard\libc_nano.a(libc_a-fstatr.o)
                0x0800fb4c                _fstat_r
 .text._isatty_r
                0x0800fb70       0x20 C:/ST/STM32CubeIDE_1.19.0/STM32CubeIDE/plugins/com.st.stm32cube.ide.mcu.externaltools.gnu-tools-for-stm32.13.3.rel1.win32_1.0.0.202411081344/tools/bin/../lib/gcc/arm-none-eabi/13.3.1/../../../../arm-none-eabi/lib/thumb/v7e-m+fp/hard\libc_nano.a(libc_a-isattyr.o)
                0x0800fb70                _isatty_r
 .text._sbrk_r  0x0800fb90       0x20 C:/ST/STM32CubeIDE_1.19.0/STM32CubeIDE/plugins/com.st.stm32cube.ide.mcu.externaltools.gnu-tools-for-stm32.13.3.rel1.win32_1.0.0.202411081344/tools/bin/../lib/gcc/arm-none-eabi/13.3.1/../../../../arm-none-eabi/lib/thumb/v7e-m+fp/hard\libc_nano.a(libc_a-sbrkr.o)
                0x0800fb90                _sbrk_r
 .text._realloc_r
                0x0800fbb0       0x5c C:/ST/STM32CubeIDE_1.19.0/STM32CubeIDE/plugins/com.st.stm32cube.ide.mcu.externaltools.gnu-tools-for-stm32.13.3.rel1.win32_1.0.0.202411081344/tools/bin/../lib/gcc/arm-none-eabi/13.3.1/../../../../arm-none-eabi/lib/thumb/v7e-m+fp/hard\libc_nano.a(libc_a-reallocr.o)
                0x0800fbb0                _realloc_r
 .text._malloc_usable_size_r
                0x0800fc0c       0x10 C:/ST/STM32CubeIDE_1.19.0/STM32CubeIDE/plugins/com.st.stm32cube.ide.mcu.externaltools.gnu-tools-for-stm32.13.3.rel1.win32_1.0.0.202411081344/tools/bin/../lib/gcc/arm-none-eabi/13.3.1/../../../../arm-none-eabi/lib/thumb/v7e-m+fp/hard\libc_nano.a(libc_a-msizer.o)
                0x0800fc0c                _malloc_usable_size_r
 *(.glue_7)
 .glue_7        0x0800fc1c        0x0 linker stubs
 *(.glue_7t)
 .glue_7t       0x0800fc1c        0x0 linker stubs
 *(.eh_frame)
 .eh_frame      0x0800fc1c        0x0 C:/ST/STM32CubeIDE_1.19.0/STM32CubeIDE/plugins/com.st.stm32cube.ide.mcu.externaltools.gnu-tools-for-stm32.13.3.rel1.win32_1.0.0.202411081344/tools/bin/../lib/gcc/arm-none-eabi/13.3.1/thumb/v7e-m+fp/hard/crtbegin.o
 *(.init)
 .init          0x0800fc1c        0x4 C:/ST/STM32CubeIDE_1.19.0/STM32CubeIDE/plugins/com.st.stm32cube.ide.mcu.externaltools.gnu-tools-for-stm32.13.3.rel1.win32_1.0.0.202411081344/tools/bin/../lib/gcc/arm-none-eabi/13.3.1/thumb/v7e-m+fp/hard/crti.o
                0x0800fc1c                _init
 .init          0x0800fc20        0x8 C:/ST/STM32CubeIDE_1.19.0/STM32CubeIDE/plugins/com.st.stm32cube.ide.mcu.externaltools.gnu-tools-for-stm32.13.3.rel1.win32_1.0.0.202411081344/tools/bin/../lib/gcc/arm-none-eabi/13.3.1/thumb/v7e-m+fp/hard/crtn.o
 *(.fini)
 .fini          0x0800fc28        0x4 C:/ST/STM32CubeIDE_1.19.0/STM32CubeIDE/plugins/com.st.stm32cube.ide.mcu.externaltools.gnu-tools-for-stm32.13.3.rel1.win32_1.0.0.202411081344/tools/bin/../lib/gcc/arm-none-eabi/13.3.1/thumb/v7e-m+fp/hard/crti.o
                0x0800fc28                _fini
 .fini          0x0800fc2c        0x8 C:/ST/STM32CubeIDE_1.19.0/STM32CubeIDE/plugins/com.st.stm32cube.ide.mcu.externaltools.gnu-tools-for-stm32.13.3.rel1.win32_1.0.0.202411081344/tools/bin/../lib/gcc/arm-none-eabi/13.3.1/thumb/v7e-m+fp/hard/crtn.o
                0x0800fc34                        . = ALIGN (0x4)
                0x0800fc34                        _etext = .

.vfp11_veneer   0x0800fc34        0x0
 .vfp11_veneer  0x0800fc34        0x0 linker stubs

.v4_bx          0x0800fc34        0x0
 .v4_bx         0x0800fc34        0x0 linker stubs

.iplt           0x0800fc34        0x0
 .iplt          0x0800fc34        0x0 C:/ST/STM32CubeIDE_1.19.0/STM32CubeIDE/plugins/com.st.stm32cube.ide.mcu.externaltools.gnu-tools-for-stm32.13.3.rel1.win32_1.0.0.202411081344/tools/bin/../lib/gcc/arm-none-eabi/13.3.1/thumb/v7e-m+fp/hard/crtbegin.o

.rodata         0x0800fc34      0xbe4
                0x0800fc34                        . = ALIGN (0x4)
 *(.rodata)
 .rodata        0x0800fc34      0x33d ./Core/Src/PICKING_AUTONOMOUS.o
 *fill*         0x0800ff71        0x3 
 .rodata        0x0800ff74      0x30f ./Core/Src/STEP_SERVO.o
 *fill*         0x08010283        0x1 
 .rodata        0x08010284       0xc4 ./Core/Src/main.o
 .rodata        0x08010348      0x3c0 ./Core/Src/vl53l1_platform.o
 .rodata        0x08010708       0x46 ./USB_DEVICE/App/usbd_desc.o
 *(.rodata*)
 *fill*         0x0801074e        0x2 
 .rodata.VL51L1X_DEFAULT_CONFIGURATION
                0x08010750       0x5b ./Core/Src/VL53L1X_api.o
                0x08010750                VL51L1X_DEFAULT_CONFIGURATION
 *fill*         0x080107ab        0x1 
 .rodata.status_rtn
                0x080107ac       0x18 ./Core/Src/VL53L1X_api.o
 .rodata.AHBPrescTable
                0x080107c4       0x10 ./Core/Src/system_stm32f4xx.o
                0x080107c4                AHBPrescTable
 .rodata.APBPrescTable
                0x080107d4        0x8 ./Core/Src/system_stm32f4xx.o
                0x080107d4                APBPrescTable
 .rodata.flagBitshiftOffset.0
                0x080107dc        0x8 ./Drivers/STM32F4xx_HAL_Driver/Src/stm32f4xx_hal_dma.o
 .rodata._svfprintf_r.str1.1
                0x080107e4       0x33 C:/ST/STM32CubeIDE_1.19.0/STM32CubeIDE/plugins/com.st.stm32cube.ide.mcu.externaltools.gnu-tools-for-stm32.13.3.rel1.win32_1.0.0.202411081344/tools/bin/../lib/gcc/arm-none-eabi/13.3.1/../../../../arm-none-eabi/lib/thumb/v7e-m+fp/hard\libc_nano.a(libc_a-nano-svfprintf.o)
                                 0x11 (size before relaxing)
 .rodata._vfprintf_r.str1.1
                0x08010817       0x11 C:/ST/STM32CubeIDE_1.19.0/STM32CubeIDE/plugins/com.st.stm32cube.ide.mcu.externaltools.gnu-tools-for-stm32.13.3.rel1.win32_1.0.0.202411081344/tools/bin/../lib/gcc/arm-none-eabi/13.3.1/../../../../arm-none-eabi/lib/thumb/v7e-m+fp/hard\libc_nano.a(libc_a-nano-vfprintf.o)
 .rodata._printf_i.str1.1
                0x08010817       0x22 C:/ST/STM32CubeIDE_1.19.0/STM32CubeIDE/plugins/com.st.stm32cube.ide.mcu.externaltools.gnu-tools-for-stm32.13.3.rel1.win32_1.0.0.202411081344/tools/bin/../lib/gcc/arm-none-eabi/13.3.1/../../../../arm-none-eabi/lib/thumb/v7e-m+fp/hard\libc_nano.a(libc_a-nano-vfprintf_i.o)
                0x0801083c                        . = ALIGN (0x4)
 *fill*         0x08010817        0x1 

.ARM.extab      0x08010818        0x0
                0x08010818                        . = ALIGN (0x4)
 *(.ARM.extab* .gnu.linkonce.armextab.*)
                0x08010818                        . = ALIGN (0x4)

.ARM            0x08010818        0x8
                0x08010818                        . = ALIGN (0x4)
                0x08010818                        __exidx_start = .
 *(.ARM.exidx*)
 .ARM.exidx     0x08010818        0x8 C:/ST/STM32CubeIDE_1.19.0/STM32CubeIDE/plugins/com.st.stm32cube.ide.mcu.externaltools.gnu-tools-for-stm32.13.3.rel1.win32_1.0.0.202411081344/tools/bin/../lib/gcc/arm-none-eabi/13.3.1/../../../../arm-none-eabi/lib/thumb/v7e-m+fp/hard\libc_nano.a(libc_a-strlen.o)
 .ARM.exidx     0x08010820        0x0 C:/ST/STM32CubeIDE_1.19.0/STM32CubeIDE/plugins/com.st.stm32cube.ide.mcu.externaltools.gnu-tools-for-stm32.13.3.rel1.win32_1.0.0.202411081344/tools/bin/../lib/gcc/arm-none-eabi/13.3.1/../../../../arm-none-eabi/lib/thumb/v7e-m+fp/hard\libc_nano.a(libc_a-memchr.o)
                                  0x8 (size before relaxing)
 .ARM.exidx     0x08010820        0x0 C:/ST/STM32CubeIDE_1.19.0/STM32CubeIDE/plugins/com.st.stm32cube.ide.mcu.externaltools.gnu-tools-for-stm32.13.3.rel1.win32_1.0.0.202411081344/tools/bin/../lib/gcc/arm-none-eabi/13.3.1/thumb/v7e-m+fp/hard\libgcc.a(_udivmoddi4.o)
                                  0x8 (size before relaxing)
                0x08010820                        __exidx_end = .
                0x08010820                        . = ALIGN (0x4)

.preinit_array  0x08010820        0x0
                0x08010820                        . = ALIGN (0x4)
                0x08010820                        PROVIDE (__preinit_array_start = .)
 *(.preinit_array*)
                0x08010820                        PROVIDE (__preinit_array_end = .)
                0x08010820                        . = ALIGN (0x4)

.init_array     0x08010820        0x4
                0x08010820                        . = ALIGN (0x4)
                0x08010820                        PROVIDE (__init_array_start = .)
 *(SORT_BY_NAME(.init_array.*))
 *(.init_array*)
 .init_array    0x08010820        0x4 C:/ST/STM32CubeIDE_1.19.0/STM32CubeIDE/plugins/com.st.stm32cube.ide.mcu.externaltools.gnu-tools-for-stm32.13.3.rel1.win32_1.0.0.202411081344/tools/bin/../lib/gcc/arm-none-eabi/13.3.1/thumb/v7e-m+fp/hard/crtbegin.o
                0x08010824                        PROVIDE (__init_array_end = .)
                0x08010824                        . = ALIGN (0x4)

.fini_array     0x08010824        0x4
                0x08010824                        . = ALIGN (0x4)
                [!provide]                        PROVIDE (__fini_array_start = .)
 *(SORT_BY_NAME(.fini_array.*))
 *(.fini_array*)
 .fini_array    0x08010824        0x4 C:/ST/STM32CubeIDE_1.19.0/STM32CubeIDE/plugins/com.st.stm32cube.ide.mcu.externaltools.gnu-tools-for-stm32.13.3.rel1.win32_1.0.0.202411081344/tools/bin/../lib/gcc/arm-none-eabi/13.3.1/thumb/v7e-m+fp/hard/crtbegin.o
                [!provide]                        PROVIDE (__fini_array_end = .)