../Core/Src/main.c:106:5:main	11
../Core/Src/main.c:245:6:SystemClock_Config	3
../Core/Src/main.c:292:13:MX_I2C1_Init	2
../Core/Src/main.c:326:13:MX_TIM1_Init	3
../Core/Src/main.c:376:13:MX_TIM2_Init	9
../Core/Src/main.c:447:13:MX_TIM3_Init	3
../Core/Src/main.c:496:13:MX_TIM4_Init	3
../Core/Src/main.c:545:13:MX_TIM6_Init	3
../Core/Src/main.c:583:13:MX_TIM8_Init	3
../Core/Src/main.c:633:13:MX_USART1_UART_Init	2
../Core/Src/main.c:666:13:MX_USART2_UART_Init	2
../Core/Src/main.c:697:13:MX_DMA_Init	1
../Core/Src/main.c:725:13:MX_GPIO_Init	1
../Core/Src/main.c:789:6:Error_Handler	1
