../Core/Src/PICKING_AUTONOMOUS.c:26:6:TOF_InitArray	16	static
../Core/Src/PICKING_AUTONOMOUS.c:33:6:TOF_PollContinuous	16	static
../Core/Src/PICKING_AUTONOMOUS.c:49:10:Map_EXTI_Pin_To_Address	16	static
../Core/Src/PICKING_AUTONOMOUS.c:67:6:HAL_GPIO_EXTI_Callback	24	static
../Core/Src/PICKING_AUTONOMOUS.c:83:6:Servo_PickSpearhead	24	static
../Core/Src/PICKING_AUTONOMOUS.c:110:6:Macro_PickSpearhead	32	static
../Core/Src/PICKING_AUTONOMOUS.c:186:9:Check_Emergency_Stop	8	static
../Core/Src/PICKING_AUTONOMOUS.c:197:6:Macro_Climb_Plus20	32	static
../Core/Src/PICKING_AUTONOMOUS.c:303:6:Macro_Climb_Plus20_EXTI	32	static
