18:17:44 **** Incremental Build of configuration Debug for project f4_button ****
make -j18 all 
arm-none-eabi-gcc "../Core/Src/main.c" -mcpu=cortex-m4 -std=gnu11 -g3 -DDEBUG -DUSE_HAL_DRIVER -DSTM32F407xx -c -I../Core/Inc -I../Drivers/STM32F4xx_HAL_Driver/Inc -I../Drivers/STM32F4xx_HAL_Driver/Inc/Legacy -I../Drivers/CMSIS/Device/ST/STM32F4xx/Include -I../Drivers/CMSIS/Include -I../USB_DEVICE/App -I../USB_DEVICE/Target -I../Middlewares/ST/STM32_USB_Device_Library/Core/Inc -I../Middlewares/ST/STM32_USB_Device_Library/Class/CDC/Inc -O0 -ffunction-sections -fdata-sections -Wall -fstack-usage -fcyclomatic-complexity -MMD -MP -MF"Core/Src/main.d" -MT"Core/Src/main.o" --specs=nano.specs -mfpu=fpv4-sp-d16 -mfloat-abi=hard -mthumb -o "Core/Src/main.o"
../Core/Src/main.c: In function '_write':
../Core/Src/main.c:206:22: warning: implicit declaration of function 'CDC_Transmit_FS' [-Wimplicit-function-declaration]
  206 |     uint8_t result = CDC_Transmit_FS((uint8_t*)ptr, len);
      |                      ^~~~~~~~~~~~~~~
arm-none-eabi-gcc -o "f4_button.elf" @"objects.list"   -mcpu=cortex-m4 -T"C:\Users\LENOVO\STM32CubeIDE\workspace_1.19.0\f4_button\STM32F407VETX_FLASH.ld" --specs=nosys.specs -Wl,-Map="f4_button.map" -Wl,--gc-sections -static --specs=nano.specs -mfpu=fpv4-sp-d16 -mfloat-abi=hard -mthumb -Wl,--start-group -lc -lm -Wl,--end-group
Finished building target: f4_button.elf
 
arm-none-eabi-size  f4_button.elf 
arm-none-eabi-objdump -h -S f4_button.elf  > "f4_button.list"
   text	   data	    bss	    dec	    hex	filename
  30672	    344	   9048	  40064	   9c80	f4_button.elf
Finished building: default.size.stdout
 
Finished building: f4_button.list
 

18:17:46 Build Finished. 0 errors, 1 warnings. (took 1s.314ms)

