17:32:53 **** Incremental Build of configuration Debug for project F4_R1_COMPLETE_BOT_DMA ****
make -j18 all 
arm-none-eabi-gcc "../Core/Src/PICKING_AUTONOMOUS.c" -mcpu=cortex-m4 -std=gnu11 -g3 -DDEBUG -DUSE_HAL_DRIVER -DSTM32F407xx -c -I../Core/Inc -I../Drivers/STM32F4xx_HAL_Driver/Inc -I../Drivers/STM32F4xx_HAL_Driver/Inc/Legacy -I../Drivers/CMSIS/Device/ST/STM32F4xx/Include -I../Drivers/CMSIS/Include -I../USB_DEVICE/App -I../USB_DEVICE/Target -I../Middlewares/ST/STM32_USB_Device_Library/Core/Inc -I../Middlewares/ST/STM32_USB_Device_Library/Class/CDC/Inc -O0 -ffunction-sections -fdata-sections -Wall -fstack-usage -fcyclomatic-complexity -MMD -MP -MF"Core/Src/PICKING_AUTONOMOUS.d" -MT"Core/Src/PICKING_AUTONOMOUS.o" --specs=nano.specs -mfpu=fpv4-sp-d16 -mfloat-abi=hard -mthumb -o "Core/Src/PICKING_AUTONOMOUS.o"
arm-none-eabi-gcc "../Core/Src/STEP_SERVO.c" -mcpu=cortex-m4 -std=gnu11 -g3 -DDEBUG -DUSE_HAL_DRIVER -DSTM32F407xx -c -I../Core/Inc -I../Drivers/STM32F4xx_HAL_Driver/Inc -I../Drivers/STM32F4xx_HAL_Driver/Inc/Legacy -I../Drivers/CMSIS/Device/ST/STM32F4xx/Include -I../Drivers/CMSIS/Include -I../USB_DEVICE/App -I../USB_DEVICE/Target -I../Middlewares/ST/STM32_USB_Device_Library/Core/Inc -I../Middlewares/ST/STM32_USB_Device_Library/Class/CDC/Inc -O0 -ffunction-sections -fdata-sections -Wall -fstack-usage -fcyclomatic-complexity -MMD -MP -MF"Core/Src/STEP_SERVO.d" -MT"Core/Src/STEP_SERVO.o" --specs=nano.specs -mfpu=fpv4-sp-d16 -mfloat-abi=hard -mthumb -o "Core/Src/STEP_SERVO.o"
arm-none-eabi-gcc "../Core/Src/locomotion.c" -mcpu=cortex-m4 -std=gnu11 -g3 -DDEBUG -DUSE_HAL_DRIVER -DSTM32F407xx -c -I../Core/Inc -I../Drivers/STM32F4xx_HAL_Driver/Inc -I../Drivers/STM32F4xx_HAL_Driver/Inc/Legacy -I../Drivers/CMSIS/Device/ST/STM32F4xx/Include -I../Drivers/CMSIS/Include -I../USB_DEVICE/App -I../USB_DEVICE/Target -I../Middlewares/ST/STM32_USB_Device_Library/Core/Inc -I../Middlewares/ST/STM32_USB_Device_Library/Class/CDC/Inc -O0 -ffunction-sections -fdata-sections -Wall -fstack-usage -fcyclomatic-complexity -MMD -MP -MF"Core/Src/locomotion.d" -MT"Core/Src/locomotion.o" --specs=nano.specs -mfpu=fpv4-sp-d16 -mfloat-abi=hard -mthumb -o "Core/Src/locomotion.o"
arm-none-eabi-gcc "../Core/Src/main.c" -mcpu=cortex-m4 -std=gnu11 -g3 -DDEBUG -DUSE_HAL_DRIVER -DSTM32F407xx -c -I../Core/Inc -I../Drivers/STM32F4xx_HAL_Driver/Inc -I../Drivers/STM32F4xx_HAL_Driver/Inc/Legacy -I../Drivers/CMSIS/Device/ST/STM32F4xx/Include -I../Drivers/CMSIS/Include -I../USB_DEVICE/App -I../USB_DEVICE/Target -I../Middlewares/ST/STM32_USB_Device_Library/Core/Inc -I../Middlewares/ST/STM32_USB_Device_Library/Class/CDC/Inc -O0 -ffunction-sections -fdata-sections -Wall -fstack-usage -fcyclomatic-complexity -MMD -MP -MF"Core/Src/main.d" -MT"Core/Src/main.o" --specs=nano.specs -mfpu=fpv4-sp-d16 -mfloat-abi=hard -mthumb -o "Core/Src/main.o"
../Core/Src/locomotion.c:116:13: warning: 'pid_reset' defined but not used [-Wunused-function]
  116 | static void pid_reset(PID_State *pid)
      |             ^~~~~~~~~
arm-none-eabi-gcc -o "F4_R1_COMPLETE_BOT_DMA.elf" @"objects.list"   -mcpu=cortex-m4 -T"C:\Users\LENOVO\Downloads\F4_R1_COMPLETE_BOT_DMA (3)\F4_R1_COMPLETE_BOT_DMA\STM32F407VETX_FLASH.ld" --specs=nosys.specs -Wl,-Map="F4_R1_COMPLETE_BOT_DMA.map" -Wl,--gc-sections -static --specs=nano.specs -mfpu=fpv4-sp-d16 -mfloat-abi=hard -mthumb -Wl,--start-group -lc -lm -Wl,--end-group
Finished building target: F4_R1_COMPLETE_BOT_DMA.elf
 
arm-none-eabi-size  F4_R1_COMPLETE_BOT_DMA.elf 
arm-none-eabi-objdump -h -S F4_R1_COMPLETE_BOT_DMA.elf  > "F4_R1_COMPLETE_BOT_DMA.list"
   text	   data	    bss	    dec	    hex	filename
  50240	    348	  10412	  61000	   ee48	F4_R1_COMPLETE_BOT_DMA.elf
Finished building: default.size.stdout
 
Finished building: F4_R1_COMPLETE_BOT_DMA.list
 

17:32:53 Build Finished. 0 errors, 1 warnings. (took 953ms)

