17:35:58 **** Incremental Build of configuration Debug for project RPM ****
make -j18 all 
arm-none-eabi-gcc "../Core/Src/main.c" -mcpu=cortex-m3 -std=gnu11 -g3 -DDEBUG -DUSE_HAL_DRIVER -DSTM32F103xB -c -I../Core/Inc -I../Drivers/STM32F1xx_HAL_Driver/Inc -I../Drivers/STM32F1xx_HAL_Driver/Inc/Legacy -I../Drivers/CMSIS/Device/ST/STM32F1xx/Include -I../Drivers/CMSIS/Include -O0 -ffunction-sections -fdata-sections -Wall -fstack-usage -fcyclomatic-complexity -MMD -MP -MF"Core/Src/main.d" -MT"Core/Src/main.o" --specs=nano.specs -mfloat-abi=soft -mthumb -o "Core/Src/main.o"
../Core/Src/main.c:33:17: error: expected ';' before 'TIM_HandleTypeDef'
   33 | } PID_Controller
      |                 ^
      |                 ;
......
   47 | TIM_HandleTypeDef htim1;
      | ~~~~~~~~~~~~~~~~~
../Core/Src/main.c:55:1: error: unknown type name 'PID_Controller'
   55 | PID_Controller pid_left = {1.2f, 0.05f, 0.1f, 0, 0, 0, 1000.0f};
      | ^~~~~~~~~~~~~~
../Core/Src/main.c:55:34: warning: excess elements in scalar initializer
   55 | PID_Controller pid_left = {1.2f, 0.05f, 0.1f, 0, 0, 0, 1000.0f};
      |                                  ^~~~~
../Core/Src/main.c:55:34: note: (near initialization for 'pid_left')
../Core/Src/main.c:55:41: warning: excess elements in scalar initializer
   55 | PID_Controller pid_left = {1.2f, 0.05f, 0.1f, 0, 0, 0, 1000.0f};
      |                                         ^~~~
../Core/Src/main.c:55:41: note: (near initialization for 'pid_left')
../Core/Src/main.c:55:47: warning: excess elements in scalar initializer
   55 | PID_Controller pid_left = {1.2f, 0.05f, 0.1f, 0, 0, 0, 1000.0f};
      |                                               ^
../Core/Src/main.c:55:47: note: (near initialization for 'pid_left')
../Core/Src/main.c:55:50: warning: excess elements in scalar initializer
   55 | PID_Controller pid_left = {1.2f, 0.05f, 0.1f, 0, 0, 0, 1000.0f};
      |                                                  ^
../Core/Src/main.c:55:50: note: (near initialization for 'pid_left')
../Core/Src/main.c:55:53: warning: excess elements in scalar initializer
   55 | PID_Controller pid_left = {1.2f, 0.05f, 0.1f, 0, 0, 0, 1000.0f};
      |                                                     ^
../Core/Src/main.c:55:53: note: (near initialization for 'pid_left')
../Core/Src/main.c:55:56: warning: excess elements in scalar initializer
   55 | PID_Controller pid_left = {1.2f, 0.05f, 0.1f, 0, 0, 0, 1000.0f};
      |                                                        ^~~~~~~
../Core/Src/main.c:55:56: note: (near initialization for 'pid_left')
../Core/Src/main.c:79:19: error: unknown type name 'PID_Controller'
   79 | float compute_PID(PID_Controller *pid, float target, float measured) {
      |                   ^~~~~~~~~~~~~~
../Core/Src/main.c: In function 'main':
../Core/Src/main.c:163:49: error: 'lastCount' undeclared (first use in this function)
  163 |         int16_t diff = (int16_t)(currentCount - lastCount);
      |                                                 ^~~~~~~~~
../Core/Src/main.c:163:49: note: each undeclared identifier is reported only once for each function it appears in
../Core/Src/main.c:168:50: error: 'ENC_PPR' undeclared (first use in this function)
  168 |         float actualRPM = ((float)diff * 600.0f)/ENC_PPR;
      |                                                  ^~~~~~~
../Core/Src/main.c:170:9: error: 'error' undeclared (first use in this function); did you mean 'perror'?
  170 |         error = targetRPM - actualRPM;
      |         ^~~~~
      |         perror
../Core/Src/main.c:170:17: error: 'targetRPM' undeclared (first use in this function); did you mean 'target_rpm'?
  170 |         error = targetRPM - actualRPM;
      |                 ^~~~~~~~~
      |                 target_rpm
../Core/Src/main.c:171:9: error: 'integral' undeclared (first use in this function)
  171 |         integral += error ;
      |         ^~~~~~~~
../Core/Src/main.c:172:9: error: 'derivative' undeclared (first use in this function)
  172 |         derivative = error - lastErr;
      |         ^~~~~~~~~~
../Core/Src/main.c:172:30: error: 'lastErr' undeclared (first use in this function)
  172 |         derivative = error - lastErr;
      |                              ^~~~~~~
../Core/Src/main.c:174:9: error: 'output' undeclared (first use in this function)
  174 |         output = (Kp* error) + (Ki * integral) + (Kd * derivative);
      |         ^~~~~~
../Core/Src/main.c:174:19: error: 'Kp' undeclared (first use in this function)
  174 |         output = (Kp* error) + (Ki * integral) + (Kd * derivative);
      |                   ^~
../Core/Src/main.c:174:33: error: 'Ki' undeclared (first use in this function)
  174 |         output = (Kp* error) + (Ki * integral) + (Kd * derivative);
      |                                 ^~
../Core/Src/main.c:174:51: error: 'Kd' undeclared (first use in this function)
  174 |         output = (Kp* error) + (Ki * integral) + (Kd * derivative);
      |                                                   ^~
../Core/Src/main.c:155:26: warning: unused variable 'last_time' [-Wunused-variable]
  155 |                 uint32_t last_time = HAL_GetTick();
      |                          ^~~~~~~~~
../Core/Src/main.c: At top level:
../Core/Src/main.c:192:3: error: expected identifier or '(' before '}' token
  192 |   }
      |   ^
../Core/Src/main.c:199:1: error: expected identifier or '(' before '}' token
  199 | }
      | ^
../Core/Src/main.c:463:31: error: redefinition of '__io_putchar'
  463 | #define PUTCHAR_PROTOTYPE int __io_putchar(int ch)
      |                               ^~~~~~~~~~~~
../Core/Src/main.c:468:1: note: in expansion of macro 'PUTCHAR_PROTOTYPE'
  468 | PUTCHAR_PROTOTYPE
      | ^~~~~~~~~~~~~~~~~
../Core/Src/main.c:71:5: note: previous definition of '__io_putchar' with type 'int(int)'
   71 | int __io_putchar(int ch) {
      |     ^~~~~~~~~~~~
../Core/Src/main.c:362:13: warning: 'MX_USART1_UART_Init' defined but not used [-Wunused-function]
  362 | static void MX_USART1_UART_Init(void)
      |             ^~~~~~~~~~~~~~~~~~~
make: *** [Core/Src/subdir.mk:34: Core/Src/main.o] Error 1
"make -j18 all" terminated with exit code 2. Build might be incomplete.

17:36:00 Build Failed. 18 errors, 8 warnings. (took 1s.836ms)

