15:21:09 **** Incremental Build of configuration Debug for project rpm2 ****
make -j18 all 
arm-none-eabi-gcc "../Core/Src/main.c" -mcpu=cortex-m3 -std=gnu11 -g3 -DDEBUG -DUSE_HAL_DRIVER -DSTM32F103xB -c -I../Core/Inc -I../Drivers/STM32F1xx_HAL_Driver/Inc -I../Drivers/STM32F1xx_HAL_Driver/Inc/Legacy -I../Drivers/CMSIS/Device/ST/STM32F1xx/Include -I../Drivers/CMSIS/Include -O0 -ffunction-sections -fdata-sections -Wall -fstack-usage -fcyclomatic-complexity -MMD -MP -MF"Core/Src/main.d" -MT"Core/Src/main.o" --specs=nano.specs -mfloat-abi=soft -mthumb -o "Core/Src/main.o"
arm-none-eabi-gcc -o "rpm2.elf" @"objects.list"   -mcpu=cortex-m3 -T"C:\Users\LENOVO\STM32CubeIDE\workspace_1.19.0\rpm2\STM32F103RBTX_FLASH.ld" --specs=nosys.specs -Wl,-Map="rpm2.map" -Wl,--gc-sections -static --specs=nano.specs -mfloat-abi=soft -mthumb -u _printf_float -u _scanf_float -Wl,--start-group -lc -lm -Wl,--end-group
Finished building target: rpm2.elf
 
arm-none-eabi-size  rpm2.elf 
arm-none-eabi-objdump -h -S rpm2.elf  > "rpm2.list"
   text	   data	    bss	    dec	    hex	filename
  32464	    472	   2144	  35080	   8908	rpm2.elf
Finished building: default.size.stdout
 
Finished building: rpm2.list
 

15:21:10 Build Finished. 0 errors, 0 warnings. (took 659ms)

