16:48:36 **** Incremental Build of configuration Debug for project stepper ****
make -j18 all 
arm-none-eabi-gcc "../Core/Src/main.c" -mcpu=cortex-m3 -std=gnu11 -g3 -DDEBUG -DUSE_HAL_DRIVER -DSTM32F103xB -c -I../Core/Inc -I../Drivers/STM32F1xx_HAL_Driver/Inc -I../Drivers/STM32F1xx_HAL_Driver/Inc/Legacy -I../Drivers/CMSIS/Device/ST/STM32F1xx/Include -I../Drivers/CMSIS/Include -O0 -ffunction-sections -fdata-sections -Wall -fstack-usage -fcyclomatic-complexity -MMD -MP -MF"Core/Src/main.d" -MT"Core/Src/main.o" --specs=nano.specs -mfloat-abi=soft -mthumb -o "Core/Src/main.o"
../Core/Src/main.c: In function 'Stepper_Move_PWM':
../Core/Src/main.c:66:5: warning: implicit declaration of function 'HAL_DMA_PWM_Start'; did you mean 'HAL_DMA_Start'? [-Wimplicit-function-declaration]
   66 |     HAL_DMA_PWM_Start(&htim1, DAC1_CHANNEL_1);
      |     ^~~~~~~~~~~~~~~~~
      |     HAL_DMA_Start
In file included from ../Drivers/STM32F1xx_HAL_Driver/Inc/stm32f1xx_hal_def.h:30,
                 from ../Drivers/STM32F1xx_HAL_Driver/Inc/stm32f1xx_hal_rcc.h:27,
                 from ../Core/Inc/stm32f1xx_hal_conf.h:238,
                 from ../Drivers/STM32F1xx_HAL_Driver/Inc/stm32f1xx_hal.h:29,
                 from ../Core/Inc/main.h:30,
                 from ../Core/Src/main.c:1:
../Drivers/STM32F1xx_HAL_Driver/Inc/Legacy/stm32_hal_legacy.h:268:57: error: 'DAC_CHANNEL_1' undeclared (first use in this function); did you mean 'DAC1_CHANNEL_1'?
  268 | #define DAC1_CHANNEL_1                                  DAC_CHANNEL_1
      |                                                         ^~~~~~~~~~~~~
../Core/Src/main.c:66:31: note: in expansion of macro 'DAC1_CHANNEL_1'
   66 |     HAL_DMA_PWM_Start(&htim1, DAC1_CHANNEL_1);
      |                               ^~~~~~~~~~~~~~
../Drivers/STM32F1xx_HAL_Driver/Inc/Legacy/stm32_hal_legacy.h:268:57: note: each undeclared identifier is reported only once for each function it appears in
  268 | #define DAC1_CHANNEL_1                                  DAC_CHANNEL_1
      |                                                         ^~~~~~~~~~~~~
../Core/Src/main.c:66:31: note: in expansion of macro 'DAC1_CHANNEL_1'
   66 |     HAL_DMA_PWM_Start(&htim1, DAC1_CHANNEL_1);
      |                               ^~~~~~~~~~~~~~
../Core/Src/main.c:72:5: warning: implicit declaration of function 'HAL_TIM_PWM_Stop' [-Wimplicit-function-declaration]
   72 |     HAL_TIM_PWM_Stop(&htim1, TIM_CHANNEL_1);
      |     ^~~~~~~~~~~~~~~~
../Core/Src/main.c:72:30: error: 'TIM_CHANNEL_1' undeclared (first use in this function); did you mean 'DAC1_CHANNEL_1'?
   72 |     HAL_TIM_PWM_Stop(&htim1, TIM_CHANNEL_1);
      |                              ^~~~~~~~~~~~~
      |                              DAC1_CHANNEL_1
../Core/Src/main.c: In function 'MX_TIM1_Init':
../Core/Src/main.c:78:5: error: unknown type name 'TIM_OC_InitTypeDef'; did you mean 'DMA_InitTypeDef'?
   78 |     TIM_OC_InitTypeDef sConfigOC = {0};
      |     ^~~~~~~~~~~~~~~~~~
      |     DMA_InitTypeDef
../Core/Src/main.c:82:20: warning: assignment to 'DMA_Channel_TypeDef *' from incompatible pointer type 'TIM_TypeDef *' [-Wincompatible-pointer-types]
   82 |     htim1.Instance = TIM1;
      |                    ^
../Core/Src/main.c:83:15: error: 'DMA_InitTypeDef' has no member named 'Prescaler'
   83 |     htim1.Init.Prescaler = 71;           // 72 MHz → 1 MHz
      |               ^
../Core/Src/main.c:84:15: error: 'DMA_InitTypeDef' has no member named 'CounterMode'
   84 |     htim1.Init.CounterMode = TIM_COUNTERMODE_UP;
      |               ^
../Core/Src/main.c:84:30: error: 'TIM_COUNTERMODE_UP' undeclared (first use in this function)
   84 |     htim1.Init.CounterMode = TIM_COUNTERMODE_UP;
      |                              ^~~~~~~~~~~~~~~~~~
../Core/Src/main.c:85:15: error: 'DMA_InitTypeDef' has no member named 'Period'
   85 |     htim1.Init.Period = 999;             // 1 kHz
      |               ^
../Core/Src/main.c:86:15: error: 'DMA_InitTypeDef' has no member named 'ClockDivision'
   86 |     htim1.Init.ClockDivision = TIM_CLOCKDIVISION_DIV1;
      |               ^
../Core/Src/main.c:86:32: error: 'TIM_CLOCKDIVISION_DIV1' undeclared (first use in this function)
   86 |     htim1.Init.ClockDivision = TIM_CLOCKDIVISION_DIV1;
      |                                ^~~~~~~~~~~~~~~~~~~~~~
../Core/Src/main.c:87:15: error: 'DMA_InitTypeDef' has no member named 'RepetitionCounter'
   87 |     htim1.Init.RepetitionCounter = 0;
      |               ^
../Core/Src/main.c:89:5: warning: implicit declaration of function 'HAL_TIM_Base_Init' [-Wimplicit-function-declaration]
   89 |     HAL_TIM_Base_Init(&htim1);
      |     ^~~~~~~~~~~~~~~~~
../Core/Src/main.c:90:5: warning: implicit declaration of function 'HAL_TIM_PWM_Init'; did you mean 'HAL_LIN_Init'? [-Wimplicit-function-declaration]
   90 |     HAL_TIM_PWM_Init(&htim1);
      |     ^~~~~~~~~~~~~~~~
      |     HAL_LIN_Init
../Core/Src/main.c:92:14: error: request for member 'OCMode' in something not a structure or union
   92 |     sConfigOC.OCMode = TIM_OCMODE_PWM1;
      |              ^
../Core/Src/main.c:92:24: error: 'TIM_OCMODE_PWM1' undeclared (first use in this function)
   92 |     sConfigOC.OCMode = TIM_OCMODE_PWM1;
      |                        ^~~~~~~~~~~~~~~
../Core/Src/main.c:93:14: error: request for member 'Pulse' in something not a structure or union
   93 |     sConfigOC.Pulse = 500;               // 50% duty
      |              ^
../Core/Src/main.c:94:14: error: request for member 'OCPolarity' in something not a structure or union
   94 |     sConfigOC.OCPolarity = TIM_OCPOLARITY_HIGH;
      |              ^
../Core/Src/main.c:94:28: error: 'TIM_OCPOLARITY_HIGH' undeclared (first use in this function)
   94 |     sConfigOC.OCPolarity = TIM_OCPOLARITY_HIGH;
      |                            ^~~~~~~~~~~~~~~~~~~
../Core/Src/main.c:96:5: warning: implicit declaration of function 'HAL_TIM_PWM_ConfigChannel' [-Wimplicit-function-declaration]
   96 |     HAL_TIM_PWM_ConfigChannel(&htim1, &sConfigOC, TIM_CHANNEL_1);
      |     ^~~~~~~~~~~~~~~~~~~~~~~~~
../Core/Src/main.c:96:51: error: 'TIM_CHANNEL_1' undeclared (first use in this function); did you mean 'DAC1_CHANNEL_1'?
   96 |     HAL_TIM_PWM_ConfigChannel(&htim1, &sConfigOC, TIM_CHANNEL_1);
      |                                                   ^~~~~~~~~~~~~
      |                                                   DAC1_CHANNEL_1
make: *** [Core/Src/subdir.mk:34: Core/Src/main.o] Error 1
"make -j18 all" terminated with exit code 2. Build might be incomplete.

16:48:37 Build Failed. 17 errors, 6 warnings. (took 630ms)

